[      31ms] [ERROR] Failed to load resource: net::ERR_FILE_NOT_FOUND @ filesystem:https://docs.google.com/persistent/docs/fonts/pxiEyp8kv8JHgFVrFJXUdVNF.woff2:0
[      31ms] [ERROR] Failed to load resource: net::ERR_FILE_NOT_FOUND @ filesystem:https://docs.google.com/persistent/docs/fonts/pxiGyp8kv8JHgFVrJJLecnFHGPc.woff2:0
[      31ms] [ERROR] Failed to load resource: net::ERR_FILE_NOT_FOUND @ filesystem:https://docs.google.com/persistent/docs/fonts/pxiByp8kv8JHgFVrLEj6V15vEv-L.woff2:0
[      31ms] [ERROR] Failed to load resource: net::ERR_FILE_NOT_FOUND @ filesystem:https://docs.google.com/persistent/docs/fonts/pxiDyp8kv8JHgFVrJJLmr19lFd2JQEk.woff2:0
[      32ms] [ERROR] Failed to load resource: net::ERR_FILE_NOT_FOUND @ filesystem:https://docs.google.com/persistent/docs/fonts/pxiByp8kv8JHgFVrLCz7V15vEv-L.woff2:0
[      32ms] [ERROR] Failed to load resource: net::ERR_FILE_NOT_FOUND @ filesystem:https://docs.google.com/persistent/docs/fonts/pxiDyp8kv8JHgFVrJJLmy15lFd2JQEk.woff2:0
[      32ms] [ERROR] Failed to load resource: net::ERR_FILE_NOT_FOUND @ filesystem:https://docs.google.com/persistent/docs/fonts/memSYaGs126MiZpBA-UvWbX2vVnXBbObj2OVZyOOSr4dVJWUgsjZ0C4iY1M2xbkR.woff2:0
[      32ms] [ERROR] Failed to load resource: net::ERR_FILE_NOT_FOUND @ filesystem:https://docs.google.com/persistent/docs/fonts/memSYaGs126MiZpBA-UvWbX2vVnXBbObj2OVZyOOSr4dVJWUgsg-1y4iY1M2xbkR.woff2:0
[      32ms] [ERROR] Failed to load resource: net::ERR_FILE_NOT_FOUND @ filesystem:https://docs.google.com/persistent/docs/fonts/memQYaGs126MiZpBA-UFUIcVXSCEkx2cmqvXlWq8tWZ0Pw86hd0Rk8ZkaVIUwaEQbjA.woff2:0
[      32ms] [ERROR] Failed to load resource: net::ERR_FILE_NOT_FOUND @ filesystem:https://docs.google.com/persistent/docs/fonts/memQYaGs126MiZpBA-UFUIcVXSCEkx2cmqvXlWq8tWZ0Pw86hd0RkyFjaVIUwaEQbjA.woff2:0
[      32ms] [ERROR] Failed to load resource: net::ERR_FILE_NOT_FOUND @ filesystem:https://docs.google.com/persistent/docs/fonts/KFOMCnqEu92Fr1ME7kSn66aGLdTylUAMQXC89YmC2DPNWubEbWmWggvWlkwn.woff2:0
[      32ms] [ERROR] Failed to load resource: net::ERR_FILE_NOT_FOUND @ filesystem:https://docs.google.com/persistent/docs/fonts/KFOMCnqEu92Fr1ME7kSn66aGLdTylUAMQXC89YmC2DPNWuYjammWggvWlkwn.woff2:0
[      32ms] [ERROR] Failed to load resource: net::ERR_FILE_NOT_FOUND @ filesystem:https://docs.google.com/persistent/docs/fonts/KFOKCnqEu92Fr1Mu53ZEC9_Vu3r1gIhOszmOClHrs6ljXfMMLoHQiAr0klQmz24.woff2:0
[      32ms] [ERROR] Failed to load resource: net::ERR_FILE_NOT_FOUND @ filesystem:https://docs.google.com/persistent/docs/fonts/KFOKCnqEu92Fr1Mu53ZEC9_Vu3r1gIhOszmOClHrs6ljXfMMLmbXiAr0klQmz24.woff2:0
[      32ms] [ERROR] Failed to load resource: net::ERR_FILE_NOT_FOUND @ filesystem:https://docs.google.com/persistent/docs/fonts/JTUHjIg1_i6t8kCHKm4532VJOt5-QNFgpCtr6Ew7Y3tco6q5.woff2:0
[      32ms] [ERROR] Failed to load resource: net::ERR_FILE_NOT_FOUND @ filesystem:https://docs.google.com/persistent/docs/fonts/JTUHjIg1_i6t8kCHKm4532VJOt5-QNFgpCuM70w7Y3tco6q5.woff2:0
[      32ms] [ERROR] Failed to load resource: net::ERR_FILE_NOT_FOUND @ filesystem:https://docs.google.com/persistent/docs/fonts/JTUFjIg1_i6t8kCHKm459Wx7xQYXK0vOoz6jq6R9aXp-p7K4KLg.woff2:0
[      32ms] [ERROR] Failed to load resource: net::ERR_FILE_NOT_FOUND @ filesystem:https://docs.google.com/persistent/docs/fonts/JTUFjIg1_i6t8kCHKm459Wx7xQYXK0vOoz6jq0N6aXp-p7K4KLg.woff2:0
[      32ms] [ERROR] Failed to load resource: net::ERR_FILE_NOT_FOUND @ filesystem:https://docs.google.com/persistent/docs/fonts/92zQtBZWOrcgoe-fgnJIVxcQ7GRr.woff2:0
[      32ms] [ERROR] Failed to load resource: net::ERR_FILE_NOT_FOUND @ filesystem:https://docs.google.com/persistent/docs/fonts/z7NKdQbpaz0aOeMuNV4msbyQKZD8jtjnI76DG8juSp0.woff2:0
[      32ms] [ERROR] Failed to load resource: net::ERR_FILE_NOT_FOUND @ filesystem:https://docs.google.com/persistent/docs/fonts/J7afnpV-BGlaFfdAtLMS7JNK.woff2:0
[      32ms] [ERROR] Failed to load resource: net::ERR_FILE_NOT_FOUND @ filesystem:https://docs.google.com/persistent/docs/fonts/J7adnpV-BGlaFfdAhLQY67FIEjg.woff2:0
[      33ms] [ERROR] Failed to load resource: net::ERR_FILE_NOT_FOUND @ filesystem:https://docs.google.com/persistent/docs/fonts/J7aanpV-BGlaFfdAjAo9zp5gGDAb.woff2:0
[      33ms] [ERROR] Failed to load resource: net::ERR_FILE_NOT_FOUND @ filesystem:https://docs.google.com/persistent/docs/fonts/J7aYnpV-BGlaFfdAhLQgUp5qHxIZrCE.woff2:0
[      33ms] [ERROR] Failed to load resource: net::ERR_FILE_NOT_FOUND @ filesystem:https://docs.google.com/persistent/docs/fonts/QdVUSTchPBm7nuUeVf7EvCtim2w.woff2:0
[     779ms] [ERROR] Failed to load resource: net::ERR_FAILED @ chrome-extension://invalid/:0
[     844ms] [ERROR] Failed to load resource: net::ERR_FILE_NOT_FOUND @ filesystem:https://docs.google.com/persistent/docs/fonts/pxiEyp8kv8JHgFVrFJXUdVNF.woff2:0
[     844ms] [ERROR] Failed to load resource: net::ERR_FILE_NOT_FOUND @ filesystem:https://docs.google.com/persistent/docs/fonts/pxiGyp8kv8JHgFVrJJLecnFHGPc.woff2:0
[     845ms] [ERROR] Failed to load resource: net::ERR_FILE_NOT_FOUND @ filesystem:https://docs.google.com/persistent/docs/fonts/pxiByp8kv8JHgFVrLEj6V15vEv-L.woff2:0
[     845ms] [ERROR] Failed to load resource: net::ERR_FILE_NOT_FOUND @ filesystem:https://docs.google.com/persistent/docs/fonts/pxiDyp8kv8JHgFVrJJLmr19lFd2JQEk.woff2:0
[     845ms] [ERROR] Failed to load resource: net::ERR_FILE_NOT_FOUND @ filesystem:https://docs.google.com/persistent/docs/fonts/pxiByp8kv8JHgFVrLCz7V15vEv-L.woff2:0
[     845ms] [ERROR] Failed to load resource: net::ERR_FILE_NOT_FOUND @ filesystem:https://docs.google.com/persistent/docs/fonts/pxiDyp8kv8JHgFVrJJLmy15lFd2JQEk.woff2:0
[     845ms] [ERROR] Failed to load resource: net::ERR_FILE_NOT_FOUND @ filesystem:https://docs.google.com/persistent/docs/fonts/memSYaGs126MiZpBA-UvWbX2vVnXBbObj2OVZyOOSr4dVJWUgsjZ0C4iY1M2xbkR.woff2:0
[     845ms] [ERROR] Failed to load resource: net::ERR_FILE_NOT_FOUND @ filesystem:https://docs.google.com/persistent/docs/fonts/memSYaGs126MiZpBA-UvWbX2vVnXBbObj2OVZyOOSr4dVJWUgsg-1y4iY1M2xbkR.woff2:0
[     845ms] [ERROR] Failed to load resource: net::ERR_FILE_NOT_FOUND @ filesystem:https://docs.google.com/persistent/docs/fonts/memQYaGs126MiZpBA-UFUIcVXSCEkx2cmqvXlWq8tWZ0Pw86hd0Rk8ZkaVIUwaEQbjA.woff2:0
[     845ms] [ERROR] Failed to load resource: net::ERR_FILE_NOT_FOUND @ filesystem:https://docs.google.com/persistent/docs/fonts/memQYaGs126MiZpBA-UFUIcVXSCEkx2cmqvXlWq8tWZ0Pw86hd0RkyFjaVIUwaEQbjA.woff2:0
[     845ms] [ERROR] Failed to load resource: net::ERR_FILE_NOT_FOUND @ filesystem:https://docs.google.com/persistent/docs/fonts/KFOMCnqEu92Fr1ME7kSn66aGLdTylUAMQXC89YmC2DPNWubEbWmWggvWlkwn.woff2:0
[     845ms] [ERROR] Failed to load resource: net::ERR_FILE_NOT_FOUND @ filesystem:https://docs.google.com/persistent/docs/fonts/KFOMCnqEu92Fr1ME7kSn66aGLdTylUAMQXC89YmC2DPNWuYjammWggvWlkwn.woff2:0
[     845ms] [ERROR] Failed to load resource: net::ERR_FILE_NOT_FOUND @ filesystem:https://docs.google.com/persistent/docs/fonts/KFOKCnqEu92Fr1Mu53ZEC9_Vu3r1gIhOszmOClHrs6ljXfMMLoHQiAr0klQmz24.woff2:0
[     845ms] [ERROR] Failed to load resource: net::ERR_FILE_NOT_FOUND @ filesystem:https://docs.google.com/persistent/docs/fonts/KFOKCnqEu92Fr1Mu53ZEC9_Vu3r1gIhOszmOClHrs6ljXfMMLmbXiAr0klQmz24.woff2:0
[     845ms] [ERROR] Failed to load resource: net::ERR_FILE_NOT_FOUND @ filesystem:https://docs.google.com/persistent/docs/fonts/JTUHjIg1_i6t8kCHKm4532VJOt5-QNFgpCtr6Ew7Y3tco6q5.woff2:0
[     845ms] [ERROR] Failed to load resource: net::ERR_FILE_NOT_FOUND @ filesystem:https://docs.google.com/persistent/docs/fonts/JTUHjIg1_i6t8kCHKm4532VJOt5-QNFgpCuM70w7Y3tco6q5.woff2:0
[     845ms] [ERROR] Failed to load resource: net::ERR_FILE_NOT_FOUND @ filesystem:https://docs.google.com/persistent/docs/fonts/JTUFjIg1_i6t8kCHKm459Wx7xQYXK0vOoz6jq6R9aXp-p7K4KLg.woff2:0
[     845ms] [ERROR] Failed to load resource: net::ERR_FILE_NOT_FOUND @ filesystem:https://docs.google.com/persistent/docs/fonts/JTUFjIg1_i6t8kCHKm459Wx7xQYXK0vOoz6jq0N6aXp-p7K4KLg.woff2:0
[     845ms] [ERROR] Failed to load resource: net::ERR_FILE_NOT_FOUND @ filesystem:https://docs.google.com/persistent/docs/fonts/92zQtBZWOrcgoe-fgnJIVxcQ7GRr.woff2:0
[     845ms] [ERROR] Failed to load resource: net::ERR_FILE_NOT_FOUND @ filesystem:https://docs.google.com/persistent/docs/fonts/z7NKdQbpaz0aOeMuNV4msbyQKZD8jtjnI76DG8juSp0.woff2:0
[     845ms] [ERROR] Failed to load resource: net::ERR_FILE_NOT_FOUND @ filesystem:https://docs.google.com/persistent/docs/fonts/J7afnpV-BGlaFfdAtLMS7JNK.woff2:0
[     845ms] [ERROR] Failed to load resource: net::ERR_FILE_NOT_FOUND @ filesystem:https://docs.google.com/persistent/docs/fonts/J7adnpV-BGlaFfdAhLQY67FIEjg.woff2:0
[     845ms] [ERROR] Failed to load resource: net::ERR_FILE_NOT_FOUND @ filesystem:https://docs.google.com/persistent/docs/fonts/J7aanpV-BGlaFfdAjAo9zp5gGDAb.woff2:0
[     845ms] [ERROR] Failed to load resource: net::ERR_FILE_NOT_FOUND @ filesystem:https://docs.google.com/persistent/docs/fonts/J7aYnpV-BGlaFfdAhLQgUp5qHxIZrCE.woff2:0
[     845ms] [ERROR] Failed to load resource: net::ERR_FILE_NOT_FOUND @ filesystem:https://docs.google.com/persistent/docs/fonts/QdVUSTchPBm7nuUeVf7EvCtim2w.woff2:0
[    1778ms] [ERROR] Failed to load resource: the server responded with a status of 403 () @ https://docs.google.com/presentation/d/1fhLxFcTtgmBg3j4-0PWgZpL4muoL2-bvaXdYQOon2lk/docos/p/sync?sid=206f543ce6fd2d2a&vc=0&c=0&w=0&flr=0&smv=9&smb=%5B9%2C%20%5D&token=AJagN6T23SBJalnCUdlFQObdep-l%3A1785300415721&ouid=108251679328620297324&includes_info_params=1:0
[    2081ms] [WARNING] An iframe which has both allow-scripts and allow-same-origin for its sandbox attribute can escape its sandboxing. @ https://docs.google.com/drivesharing/clientmodel?id=1fhLxFcTtgmBg3j4-0PWgZpL4muoL2-bvaXdYQOon2lk&foreignService=punch&authuser=0&origin=https%3A%2F%2Fdocs.google.com:0
[    5815ms] [ERROR] Failed to load resource: net::ERR_FAILED @ chrome-extension://invalid/:0
[    5864ms] [ERROR] Failed to load resource: net::ERR_FAILED @ chrome-extension://invalid/:0
[    5871ms] [ERROR] Failed to load resource: net::ERR_FAILED @ chrome-extension://invalid/:0
[    5872ms] [ERROR] Failed to load resource: net::ERR_FAILED @ chrome-extension://invalid/:0
