[    3891ms] [ERROR] Access to script at 'https://storm-b86d55ff3e7cd8.my.salesforce.com/jslibrary/Security.js?sf_jslib_last_mod=1333042116262' (redirected from 'https://storm-b86d55ff3e7cd8.file.force.com/jslibrary/1333042116262/sfdc/Security.js') from origin 'https://storm-b86d55ff3e7cd8.file.force.com' has been blocked by CORS policy: Permission was denied for this request to access the `local` address space. @ https://storm-b86d55ff3e7cd8.file.force.com/secur/contentDoor?startURL=https%3A%2F%2Fstorm-b86d55ff3e7cd8.my.salesforce.com%2Fservlet%2Fservlet.su%3Foid%3D00DIf000000K42P%26suorgadminid%3D005If000000mCmwIAE%26retURL%3D%252Fsecur%252Flogout.jsp%26targetURL%3D%252F&sid=00DIf000000K42P%21AQ8AQINNhWs7h.nsxwTDe8_wWQQIrATDaNovZOiVwo8PI_nJNOtSZwMniBMzQU_5sTLzJUnbcfng88eXQnfK0Sv3EUdb2LuI&skipRedirect=1&lm=eyJlbmMiOiJBMjU2R0NNIiwiYXVkIjoiMDBESWYwMDAwMDBLNDJQIiwia2lkIjoie1widFwiOlwiMDBESWYwMDAwMDBLNDJQXCIsXCJ2XCI6XCIwMkdJZjAwMDAwMDh5WVFcIixcImFcIjpcImNvbnRlbnRkb29ydXNlcnRyYW5zaWVudGtleWVuY3J5cHRcIixcInVcIjpcIjAwNUlmMDAwMDAwbUNtd1wifSIsImNyaXQiOlsiaWF0Il0sImlhdCI6MTc4NTI4MjIwNjA2MywiZXhwIjowfQ%3D%3D..7hMpviSCfPVn-qT8.K8hWpz6hnF27swqiiAMhPw%3D%3D.HTsMG_kGkksvSEcKWHnFxQ%3D%3D:0
[    3891ms] [ERROR] Failed to load resource: net::ERR_FAILED @ https://storm-b86d55ff3e7cd8.my.salesforce.com/jslibrary/Security.js?sf_jslib_last_mod=1333042116262:0
[    3897ms] ReferenceError: ClientHash is not defined
    at https://storm-b86d55ff3e7cd8.file.force.com/secur/contentDoor?startURL=https%3A%2F%2Fstorm-b86d55ff3e7cd8.my.salesforce.com%2Fservlet%2Fservlet.su%3Foid%3D00DIf000000K42P%26suorgadminid%3D005If000000mCmwIAE%26retURL%3D%252Fsecur%252Flogout.jsp%26targetURL%3D%252F&sid=00DIf000000K42P%21AQ8AQINNhWs7h.nsxwTDe8_wWQQIrATDaNovZOiVwo8PI_nJNOtSZwMniBMzQU_5sTLzJUnbcfng88eXQnfK0Sv3EUdb2LuI&skipRedirect=1&lm=eyJlbmMiOiJBMjU2R0NNIiwiYXVkIjoiMDBESWYwMDAwMDBLNDJQIiwia2lkIjoie1widFwiOlwiMDBESWYwMDAwMDBLNDJQXCIsXCJ2XCI6XCIwMkdJZjAwMDAwMDh5WVFcIixcImFcIjpcImNvbnRlbnRkb29ydXNlcnRyYW5zaWVudGtleWVuY3J5cHRcIixcInVcIjpcIjAwNUlmMDAwMDAwbUNtd1wifSIsImNyaXQiOlsiaWF0Il0sImlhdCI6MTc4NTI4MjIwNjA2MywiZXhwIjowfQ%3D%3D..7hMpviSCfPVn-qT8.K8hWpz6hnF27swqiiAMhPw%3D%3D.HTsMG_kGkksvSEcKWHnFxQ%3D%3D:7:74
[    7625ms] [WARNING] ComponentProfiler: Component-level profiling has not been enabled. @ https://b.static.lightning.force.com/ap54/aurafile/%7B%22mode%22%3A%22PROD%22%2C%22dfs%22%3A%2229%22%2C%22app%22%3A%22one%3Aone%22%2C%22ls%22%3A1%2C%22lrmc%22%3A%22551347034%22%2C%22ln%22%3A1%7D/t9Y1huOtftQX-tCBWeLIMw/apppart4-4.js:2351
[    7646ms] [LOG] %cO11Y%c Error color:white;background-color:#FF6600;font-weight:bold color:white;background-color:Crimson {name: Error, message: Unsupported WebVital metrics: [2], stack: Error: Unsupported WebVital metrics: [2]
    at q.…rcU92bkExNC4xOTIuODM4ODYwOA/aura_prod.js:432:183)} {timestamp: 1785282213694.5, rootId: undefined, sequence: 1, schemaSequence: 1, loggerName: WebVitals} @ https://b.static.lightning.force.com/ap54/aurafile/%7B%22mode%22%3A%22PROD%22%2C%22dfs%22%3A%2229%22%2C%22app%22%3A%22one%3Aone%22%2C%22ls%22%3A1%2C%22lrmc%22%3A%22551347034%22%2C%22ln%22%3A1%7D/hIXAT73U0CHgDe4A3tCsug/apppart3-4.js:2565
[    8457ms] [LOG] empApi setting initialized true for : undefined @ https://b.static.lightning.force.com/ap54/aurafile/%7B%22mode%22%3A%22PROD%22%2C%22dfs%22%3A%2229%22%2C%22app%22%3A%22one%3Aone%22%2C%22ls%22%3A1%2C%22lrmc%22%3A%22551347034%22%2C%22ln%22%3A1%7D/t9Y1huOtftQX-tCBWeLIMw/apppart4-4.js:735
[    8797ms] [WARNING] An iframe which has both allow-scripts and allow-same-origin for its sandbox attribute can escape its sandboxing. @ https://b.static.lightning.force.com/ap54/auraFW/javascript/OUcwT3JDYUZld21JQ2ZOckR1VnppUWtVMjdnTGFERUU2S3FfSVdrcU92bkExNC4xOTIuODM4ODYwOA/aura_prod.js:107
[    9029ms] [LOG] Q Demo Tracker parameters:  "{\"Page\":\"17b0ec27-8730-42d2-8304-713794a7da32\",\"OrgIdentifier\":\"aa74d1a8-5884-1c5f-082f-8bfbee691add\",\"OrgType\":\"SDO\"}" @ https://b.static.lightning.force.com/ap54/auraFW/javascript/OUcwT3JDYUZld21JQ2ZOckR1VnppUWtVMjdnTGFERUU2S3FfSVdrcU92bkExNC4xOTIuODM4ODYwOA/aura_prod.js:107
[    9586ms] [WARNING] An iframe which has both allow-scripts and allow-same-origin for its sandbox attribute can escape its sandboxing. @ https://b.static.lightning.force.com/ap54/auraFW/javascript/OUcwT3JDYUZld21JQ2ZOckR1VnppUWtVMjdnTGFERUU2S3FfSVdrcU92bkExNC4xOTIuODM4ODYwOA/aura_prod.js:107
[    9643ms] [LOG] Indide getalldata @ https://b.static.lightning.force.com/ap54/auraFW/javascript/OUcwT3JDYUZld21JQ2ZOckR1VnppUWtVMjdnTGFERUU2S3FfSVdrcU92bkExNC4xOTIuODM4ODYwOA/aura_prod.js:107
[    9644ms] [LOG] Inside callgetprogram @ https://b.static.lightning.force.com/ap54/auraFW/javascript/OUcwT3JDYUZld21JQ2ZOckR1VnppUWtVMjdnTGFERUU2S3FfSVdrcU92bkExNC4xOTIuODM4ODYwOA/aura_prod.js:107
[    9757ms] [ERROR] Access to image at 'https://storm-b86d55ff3e7cd8.file.force.com/file-asset/Screenshot_20260726_at_103321pm?v=1' from origin 'https://storm-b86d55ff3e7cd8.lightning.force.com' has been blocked by CORS policy: Permission was denied for this request to access the `local` address space. @ https://storm-b86d55ff3e7cd8.lightning.force.com/lightning/page/home:0
[    9757ms] [ERROR] Failed to load resource: net::ERR_FAILED @ https://storm-b86d55ff3e7cd8.file.force.com/file-asset/Screenshot_20260726_at_103321pm?v=1:0
[    9757ms] [ERROR] Access to image at 'https://storm-b86d55ff3e7cd8.file.force.com/file-asset/Screenshot_20260726_at_103321pm?v=1&height=80&width=400' from origin 'https://storm-b86d55ff3e7cd8.lightning.force.com' has been blocked by CORS policy: Permission was denied for this request to access the `local` address space. @ https://storm-b86d55ff3e7cd8.lightning.force.com/lightning/page/home:0
[    9757ms] [ERROR] Failed to load resource: net::ERR_FAILED @ https://storm-b86d55ff3e7cd8.file.force.com/file-asset/Screenshot_20260726_at_103321pm?v=1&height=80&width=400:0
[    9757ms] [ERROR] Access to image at 'https://storm-b86d55ff3e7cd8.file.force.com/profilephoto/729If000000PDFD/T' from origin 'https://storm-b86d55ff3e7cd8.lightning.force.com' has been blocked by CORS policy: Permission was denied for this request to access the `local` address space. @ https://storm-b86d55ff3e7cd8.lightning.force.com/lightning/page/home:0
[    9757ms] [ERROR] Failed to load resource: net::ERR_FAILED @ https://storm-b86d55ff3e7cd8.file.force.com/profilephoto/729If000000PDFD/T:0
[    9878ms] [LOG] >>>>>displaying all programs Proxy(Array) @ https://b.static.lightning.force.com/ap54/auraFW/javascript/OUcwT3JDYUZld21JQ2ZOckR1VnppUWtVMjdnTGFERUU2S3FfSVdrcU92bkExNC4xOTIuODM4ODYwOA/aura_prod.js:107
[    9878ms] [LOG] >>> program apex data getProgram [Object] @ https://b.static.lightning.force.com/ap54/auraFW/javascript/OUcwT3JDYUZld21JQ2ZOckR1VnppUWtVMjdnTGFERUU2S3FfSVdrcU92bkExNC4xOTIuODM4ODYwOA/aura_prod.js:107
[    9878ms] [LOG] Active programs Proxy(Array) @ https://b.static.lightning.force.com/ap54/auraFW/javascript/OUcwT3JDYUZld21JQ2ZOckR1VnppUWtVMjdnTGFERUU2S3FfSVdrcU92bkExNC4xOTIuODM4ODYwOA/aura_prod.js:107
[    9878ms] [LOG] prog id a1YIf000000PYCbMAO @ https://b.static.lightning.force.com/ap54/auraFW/javascript/OUcwT3JDYUZld21JQ2ZOckR1VnppUWtVMjdnTGFERUU2S3FfSVdrcU92bkExNC4xOTIuODM4ODYwOA/aura_prod.js:107
[    9878ms] [LOG] mile type Icon @ https://b.static.lightning.force.com/ap54/auraFW/javascript/OUcwT3JDYUZld21JQ2ZOckR1VnppUWtVMjdnTGFERUU2S3FfSVdrcU92bkExNC4xOTIuODM4ODYwOA/aura_prod.js:107
[    9878ms] [LOG] mile type val true @ https://b.static.lightning.force.com/ap54/auraFW/javascript/OUcwT3JDYUZld21JQ2ZOckR1VnppUWtVMjdnTGFERUU2S3FfSVdrcU92bkExNC4xOTIuODM4ODYwOA/aura_prod.js:107
[    9878ms] [LOG] programmmmm>>>>> Proxy(Array) @ https://b.static.lightning.force.com/ap54/auraFW/javascript/OUcwT3JDYUZld21JQ2ZOckR1VnppUWtVMjdnTGFERUU2S3FfSVdrcU92bkExNC4xOTIuODM4ODYwOA/aura_prod.js:107
[   10125ms] [LOG] Sections List Proxy(Array) @ https://b.static.lightning.force.com/ap54/auraFW/javascript/OUcwT3JDYUZld21JQ2ZOckR1VnppUWtVMjdnTGFERUU2S3FfSVdrcU92bkExNC4xOTIuODM4ODYwOA/aura_prod.js:107
[   10125ms] [LOG] Program Outcome List Proxy(Array) @ https://b.static.lightning.force.com/ap54/auraFW/javascript/OUcwT3JDYUZld21JQ2ZOckR1VnppUWtVMjdnTGFERUU2S3FfSVdrcU92bkExNC4xOTIuODM4ODYwOA/aura_prod.js:107
[   10127ms] [LOG] Icon names programOutcome @ https://b.static.lightning.force.com/ap54/auraFW/javascript/OUcwT3JDYUZld21JQ2ZOckR1VnppUWtVMjdnTGFERUU2S3FfSVdrcU92bkExNC4xOTIuODM4ODYwOA/aura_prod.js:107
[   10131ms] [LOG] Icon names Lesson @ https://b.static.lightning.force.com/ap54/auraFW/javascript/OUcwT3JDYUZld21JQ2ZOckR1VnppUWtVMjdnTGFERUU2S3FfSVdrcU92bkExNC4xOTIuODM4ODYwOA/aura_prod.js:107
[   10131ms] [LOG] Icon names Video @ https://b.static.lightning.force.com/ap54/auraFW/javascript/OUcwT3JDYUZld21JQ2ZOckR1VnppUWtVMjdnTGFERUU2S3FfSVdrcU92bkExNC4xOTIuODM4ODYwOA/aura_prod.js:107
[   10132ms] [LOG] Icon names milestone @ https://b.static.lightning.force.com/ap54/auraFW/javascript/OUcwT3JDYUZld21JQ2ZOckR1VnppUWtVMjdnTGFERUU2S3FfSVdrcU92bkExNC4xOTIuODM4ODYwOA/aura_prod.js:107
[   10135ms] [LOG] Icon names Audio Recording @ https://b.static.lightning.force.com/ap54/auraFW/javascript/OUcwT3JDYUZld21JQ2ZOckR1VnppUWtVMjdnTGFERUU2S3FfSVdrcU92bkExNC4xOTIuODM4ODYwOA/aura_prod.js:107
[   10136ms] [LOG] Icon names Link @ https://b.static.lightning.force.com/ap54/auraFW/javascript/OUcwT3JDYUZld21JQ2ZOckR1VnppUWtVMjdnTGFERUU2S3FfSVdrcU92bkExNC4xOTIuODM4ODYwOA/aura_prod.js:107
[   10136ms] [LOG] Icon names milestone @ https://b.static.lightning.force.com/ap54/auraFW/javascript/OUcwT3JDYUZld21JQ2ZOckR1VnppUWtVMjdnTGFERUU2S3FfSVdrcU92bkExNC4xOTIuODM4ODYwOA/aura_prod.js:107
[   10747ms] [WARNING] ComponentProfiler: Component-level profiling has not been enabled. @ https://storm-b86d55ff3e7cd8.lightning.force.com/components/instrumentation/componentProfiler.js:0
[   11263ms] [LOG] {id: ltng:performance::aura:bootstrap, ts: 0, duration: 784, pageStartTime: 1785282216042, marks: Object} @ https://storm-b86d55ff3e7cd8.lightning.force.com/components/desktopDashboards/dashboardApp.js:3
[   11339ms] [LOG] {InstrumentationResult :  ( RECEIVED = 21 , SUCCESS -> LOG = 21 , Topic = AILTN )  , TelemetryResponse : ( AsyncResults )O11yInstrumentationResult : O11y Logs successfully processed by instrumentation-processing: Object} @ https://b.static.lightning.force.com/ap54/aurafile/%7B%22mode%22%3A%22PROD%22%2C%22dfs%22%3A%2229%22%2C%22app%22%3A%22one%3Aone%22%2C%22ls%22%3A1%2C%22lrmc%22%3A%22551347034%22%2C%22ln%22%3A1%7D/hIXAT73U0CHgDe4A3tCsug/apppart3-4.js:436
[   11444ms] [LOG] {id: ltng:interaction::sfxDashboard:read, ts: 1455.3, duration: 0, pageStartTime: 1785282216042, marks: Object} @ https://storm-b86d55ff3e7cd8.lightning.force.com/components/desktopDashboards/dashboardApp.js:3
[   11757ms] [LOG] {id: ltng:interaction::ltng:dashboardView, ts: 1768.9, duration: 0, pageStartTime: 1785282216042, marks: Object} @ https://storm-b86d55ff3e7cd8.lightning.force.com/components/desktopDashboards/dashboardApp.js:3
[   11784ms] [ERROR] Unsafe attempt to load URL https://b.static.lightning.force.com/ap54/projRes/insights/gen/static/dashboards/images/WaveCommon/static/icons/sprite.analytics.bb5dfa76d7a57f956f7c.svg from frame with URL https://storm-b86d55ff3e7cd8.lightning.force.com/desktopDashboards/dashboardApp.app?dashboardId=01ZIf000000IFjHMAW&displayMode=readonly&networkId=000000000000000&context=embedded&userId=005If000000mCmwIAE. Domains, protocols and ports must match.
 @ https://b.static.lightning.force.com/ap54/projRes/insights/gen/static/dashboards/js/lightningDashboard.app.91579ffccefd721c9eb2.js:1
[   12097ms] [LOG] {id: ltng:performance::sfxDashboard:dashboardLoad, ts: 1456.8, duration: 651, pageStartTime: 1785282216042, marks: Object} @ https://storm-b86d55ff3e7cd8.lightning.force.com/components/desktopDashboards/dashboardApp.js:3
[   12097ms] [LOG] {id: ltng:performance::sfxDashboard:dashboardResidualChartRender, ts: 2108.69, duration: 0, pageStartTime: 1785282216042, marks: Object} @ https://storm-b86d55ff3e7cd8.lightning.force.com/components/desktopDashboards/dashboardApp.js:3
[   12377ms] [WARNING] sfdc-lightning/charts/gauge.js has been deprecated. Please update your code to use lightning-gauge-chart @ https://storm-b86d55ff3e7cd8.lightning.force.com/libraries/reports/EclairNGSync.EclairNGSync.js:128
[   12391ms] [WARNING] sfdc-lightning/charts/hbar.js has been deprecated. Please update your code to use lightning-hbar-chart @ https://storm-b86d55ff3e7cd8.lightning.force.com/libraries/reports/EclairNGSync.EclairNGSync.js:128
[   12585ms] [WARNING] sfdc-lightning/charts/funnel.js has been deprecated. Please update your code to use lightning-funnel-chart @ https://storm-b86d55ff3e7cd8.lightning.force.com/libraries/reports/EclairNGSync.EclairNGSync.js:128
[   12585ms] [WARNING] sfdc-lightning/charts/donut.js has been deprecated. Please update your code to use lightning-donut-chart @ https://storm-b86d55ff3e7cd8.lightning.force.com/libraries/reports/EclairNGSync.EclairNGSync.js:128
[   12585ms] [WARNING] sfdc-lightning/charts/stackvbar.js has been deprecated. Please update your code to use lightning-stackvbar-chart @ https://storm-b86d55ff3e7cd8.lightning.force.com/libraries/reports/EclairNGSync.EclairNGSync.js:128
[   12635ms] [LOG] {id: ltng:performance::ltng:performance:scenarioTime1, ts: 753, duration: 1893, pageStartTime: 1785282216042, marks: Object} @ https://storm-b86d55ff3e7cd8.lightning.force.com/components/desktopDashboards/dashboardApp.js:3
[   13531ms] [LOG] {InstrumentationResult :  ( RECEIVED = 13 , SUCCESS -> LOG = 12 , SKIPPED = 1 , Topic = AILTN )  , TelemetryResponse : ( AsyncResults )O11yInstrumentationResult : O11y Logs successfully processed by instrumentation-processing: Object} @ https://b.static.lightning.force.com/ap54/aurafile/%7B%22mode%22%3A%22PROD%22%2C%22dfs%22%3A%2229%22%2C%22app%22%3A%22one%3Aone%22%2C%22ls%22%3A1%2C%22lrmc%22%3A%22551347034%22%2C%22ln%22%3A1%7D/hIXAT73U0CHgDe4A3tCsug/apppart3-4.js:436
[   20994ms] [WARNING] sfdc-lightning/charts/gauge.js has been deprecated. Please update your code to use lightning-gauge-chart @ https://storm-b86d55ff3e7cd8.lightning.force.com/libraries/reports/EclairNGSync.EclairNGSync.js:128
[   20998ms] [WARNING] sfdc-lightning/charts/funnel.js has been deprecated. Please update your code to use lightning-funnel-chart @ https://storm-b86d55ff3e7cd8.lightning.force.com/libraries/reports/EclairNGSync.EclairNGSync.js:128
[   21002ms] [WARNING] sfdc-lightning/charts/donut.js has been deprecated. Please update your code to use lightning-donut-chart @ https://storm-b86d55ff3e7cd8.lightning.force.com/libraries/reports/EclairNGSync.EclairNGSync.js:128
[   21008ms] [WARNING] sfdc-lightning/charts/stackvbar.js has been deprecated. Please update your code to use lightning-stackvbar-chart @ https://storm-b86d55ff3e7cd8.lightning.force.com/libraries/reports/EclairNGSync.EclairNGSync.js:128
[   21013ms] [WARNING] sfdc-lightning/charts/hbar.js has been deprecated. Please update your code to use lightning-hbar-chart @ https://storm-b86d55ff3e7cd8.lightning.force.com/libraries/reports/EclairNGSync.EclairNGSync.js:128
[   22758ms] [ERROR] Access to image at 'https://storm-b86d55ff3e7cd8.my.salesforce.com/img/icon/t4v35/standard/lead_120.png' from origin 'https://storm-b86d55ff3e7cd8.lightning.force.com' has been blocked by CORS policy: Permission was denied for this request to access the `local` address space. @ https://storm-b86d55ff3e7cd8.lightning.force.com/lightning/page/home:0
[   22758ms] [ERROR] Failed to load resource: net::ERR_FAILED @ https://storm-b86d55ff3e7cd8.my.salesforce.com/img/icon/t4v35/standard/lead_120.png:0
[   22762ms] [ERROR] Access to image at 'https://storm-b86d55ff3e7cd8.my.salesforce.com/img/icon/t4v35/standard/opportunity_120.png' from origin 'https://storm-b86d55ff3e7cd8.lightning.force.com' has been blocked by CORS policy: Permission was denied for this request to access the `local` address space. @ https://storm-b86d55ff3e7cd8.lightning.force.com/lightning/page/home:0
[   22762ms] [ERROR] Failed to load resource: net::ERR_FAILED @ https://storm-b86d55ff3e7cd8.my.salesforce.com/img/icon/t4v35/standard/opportunity_120.png:0
[   22762ms] [ERROR] Access to image at 'https://storm-b86d55ff3e7cd8.my.salesforce.com/img/identity/appLauncher64.png' from origin 'https://storm-b86d55ff3e7cd8.lightning.force.com' has been blocked by CORS policy: Permission was denied for this request to access the `local` address space. @ https://storm-b86d55ff3e7cd8.lightning.force.com/lightning/page/home:0
[   22762ms] [ERROR] Failed to load resource: net::ERR_FAILED @ https://storm-b86d55ff3e7cd8.my.salesforce.com/img/identity/appLauncher64.png:0
[   22765ms] [ERROR] Access to image at 'https://storm-b86d55ff3e7cd8.my.salesforce.com/img/icon/t4v35/standard/dashboard_120.png' from origin 'https://storm-b86d55ff3e7cd8.lightning.force.com' has been blocked by CORS policy: Permission was denied for this request to access the `local` address space. @ https://storm-b86d55ff3e7cd8.lightning.force.com/lightning/page/home:0
[   22765ms] [ERROR] Failed to load resource: net::ERR_FAILED @ https://storm-b86d55ff3e7cd8.my.salesforce.com/img/icon/t4v35/standard/dashboard_120.png:0
[   22765ms] [ERROR] Access to image at 'https://storm-b86d55ff3e7cd8.my.salesforce.com/img/icon/t4v35/custom/custom53_120.png' from origin 'https://storm-b86d55ff3e7cd8.lightning.force.com' has been blocked by CORS policy: Permission was denied for this request to access the `local` address space. @ https://storm-b86d55ff3e7cd8.lightning.force.com/lightning/page/home:0
[   22765ms] [ERROR] Failed to load resource: net::ERR_FAILED @ https://storm-b86d55ff3e7cd8.my.salesforce.com/img/icon/t4v35/custom/custom53_120.png:0
[   22765ms] [ERROR] Access to image at 'https://storm-b86d55ff3e7cd8.my.salesforce.com/img/icon/t4v35/standard/user_120.png' from origin 'https://storm-b86d55ff3e7cd8.lightning.force.com' has been blocked by CORS policy: Permission was denied for this request to access the `local` address space. @ https://storm-b86d55ff3e7cd8.lightning.force.com/lightning/page/home:0
[   22765ms] [ERROR] Failed to load resource: net::ERR_FAILED @ https://storm-b86d55ff3e7cd8.my.salesforce.com/img/icon/t4v35/standard/user_120.png:0
[   22765ms] [ERROR] Access to image at 'https://storm-b86d55ff3e7cd8.my.salesforce.com/img/icon/t4v35/custom/custom55_120.png' from origin 'https://storm-b86d55ff3e7cd8.lightning.force.com' has been blocked by CORS policy: Permission was denied for this request to access the `local` address space. @ https://storm-b86d55ff3e7cd8.lightning.force.com/lightning/page/home:0
[   22765ms] [ERROR] Failed to load resource: net::ERR_FAILED @ https://storm-b86d55ff3e7cd8.my.salesforce.com/img/icon/t4v35/custom/custom55_120.png:0
[   22766ms] [ERROR] Access to image at 'https://storm-b86d55ff3e7cd8.my.salesforce.com/img/activities/EventIcon.png' from origin 'https://storm-b86d55ff3e7cd8.lightning.force.com' has been blocked by CORS policy: Permission was denied for this request to access the `local` address space. @ https://storm-b86d55ff3e7cd8.lightning.force.com/lightning/page/home:0
[   22766ms] [ERROR] Failed to load resource: net::ERR_FAILED @ https://storm-b86d55ff3e7cd8.my.salesforce.com/img/activities/EventIcon.png:0
[   22766ms] [ERROR] Access to image at 'https://storm-b86d55ff3e7cd8.file.force.com/profilephoto/729If000000PDFD/T' from origin 'https://storm-b86d55ff3e7cd8.lightning.force.com' has been blocked by CORS policy: Permission was denied for this request to access the `local` address space. @ https://storm-b86d55ff3e7cd8.lightning.force.com/desktopDashboards/dashboardApp.app?dashboardId=01ZIf000000IFjHMAW&displayMode=readonly&networkId=000000000000000&context=embedded&userId=005If000000mCmwIAE:0
[   22766ms] [ERROR] Failed to load resource: net::ERR_FAILED @ https://storm-b86d55ff3e7cd8.file.force.com/profilephoto/729If000000PDFD/T:0
[   22766ms] [ERROR] Access to image at 'https://storm-b86d55ff3e7cd8.file.force.com/profilephoto/729If0000000tQf/T' from origin 'https://storm-b86d55ff3e7cd8.lightning.force.com' has been blocked by CORS policy: Permission was denied for this request to access the `local` address space. @ https://storm-b86d55ff3e7cd8.lightning.force.com/desktopDashboards/dashboardApp.app?dashboardId=01ZIf000000IFjHMAW&displayMode=readonly&networkId=000000000000000&context=embedded&userId=005If000000mCmwIAE:0
[   22766ms] [ERROR] Failed to load resource: net::ERR_FAILED @ https://storm-b86d55ff3e7cd8.file.force.com/profilephoto/729If0000000tQf/T:0
[   22766ms] [ERROR] Access to image at 'https://storm-b86d55ff3e7cd8.file.force.com/profilephoto/729If0000000tQk/T' from origin 'https://storm-b86d55ff3e7cd8.lightning.force.com' has been blocked by CORS policy: Permission was denied for this request to access the `local` address space. @ https://storm-b86d55ff3e7cd8.lightning.force.com/desktopDashboards/dashboardApp.app?dashboardId=01ZIf000000IFjHMAW&displayMode=readonly&networkId=000000000000000&context=embedded&userId=005If000000mCmwIAE:0
[   22766ms] [ERROR] Failed to load resource: net::ERR_FAILED @ https://storm-b86d55ff3e7cd8.file.force.com/profilephoto/729If0000000tQk/T:0
[   22766ms] [ERROR] Access to image at 'https://storm-b86d55ff3e7cd8.file.force.com/file-asset/Screenshot_20260726_at_103321pm?v=1&height=80&width=400' from origin 'https://storm-b86d55ff3e7cd8.lightning.force.com' has been blocked by CORS policy: Permission was denied for this request to access the `local` address space. @ https://storm-b86d55ff3e7cd8.lightning.force.com/lightning/page/home:0
[   22766ms] [ERROR] Failed to load resource: net::ERR_FAILED @ https://storm-b86d55ff3e7cd8.file.force.com/file-asset/Screenshot_20260726_at_103321pm?v=1&height=80&width=400:0
[   22796ms] [WARNING] <meta name="apple-mobile-web-app-capable" content="yes"> is deprecated. Please include <meta name="mobile-web-app-capable" content="yes"> @ https://storm-b86d55ff3e7cd8.lightning.force.com/lightning/page/home:0
[   23163ms] [LOG] {InstrumentationResult :  ( RECEIVED = 2 , SUCCESS -> LOG = 2 , Topic = AILTN )  , TelemetryResponse : ( AsyncResults )O11yInstrumentationResult : O11y Logs successfully processed by instrumentation-processing: Object} @ https://b.static.lightning.force.com/ap54/aurafile/%7B%22mode%22%3A%22PROD%22%2C%22dfs%22%3A%2229%22%2C%22app%22%3A%22one%3Aone%22%2C%22ls%22%3A1%2C%22lrmc%22%3A%22551347034%22%2C%22ln%22%3A1%7D/hIXAT73U0CHgDe4A3tCsug/apppart3-4.js:436
[   38902ms] [WARNING] <lightning-input> The role attribute value is invalid. Options are: 'combobox' @ https://b.static.lightning.force.com/ap54/aurafile/%7B%22mode%22%3A%22PROD%22%2C%22dfs%22%3A%2229%22%2C%22app%22%3A%22one%3Aone%22%2C%22ls%22%3A1%2C%22lrmc%22%3A%22551347034%22%2C%22ln%22%3A1%7D/hIXAT73U0CHgDe4A3tCsug/apppart3-4.js:2516
[   39580ms] [LOG] {InstrumentationResult :  ( RECEIVED = 9 , SUCCESS -> LOG = 9 , Topic = AILTN )  , TelemetryResponse : ( AsyncResults )O11yInstrumentationResult : O11y Logs successfully processed by instrumentation-processing: Object} @ https://b.static.lightning.force.com/ap54/aurafile/%7B%22mode%22%3A%22PROD%22%2C%22dfs%22%3A%2229%22%2C%22app%22%3A%22one%3Aone%22%2C%22ls%22%3A1%2C%22lrmc%22%3A%22551347034%22%2C%22ln%22%3A1%7D/hIXAT73U0CHgDe4A3tCsug/apppart3-4.js:436
[   39812ms] [LOG] {InstrumentationResult :  (  )  , TelemetryResponse : ( AsyncResults )O11yInstrumentationResult : O11y Logs successfully processed by instrumentation-processing: Object} @ https://b.static.lightning.force.com/ap54/aurafile/%7B%22mode%22%3A%22PROD%22%2C%22dfs%22%3A%2229%22%2C%22app%22%3A%22one%3Aone%22%2C%22ls%22%3A1%2C%22lrmc%22%3A%22551347034%22%2C%22ln%22%3A1%7D/hIXAT73U0CHgDe4A3tCsug/apppart3-4.js:436
[   40291ms] [ERROR] Access to image at 'https://storm-b86d55ff3e7cd8.my.salesforce.com/img/icon/t4v35/custom/custom53_120.png' from origin 'https://storm-b86d55ff3e7cd8.lightning.force.com' has been blocked by CORS policy: Permission was denied for this request to access the `local` address space. @ https://storm-b86d55ff3e7cd8.lightning.force.com/lightning/o/Video_Call__c/list?filterName=__Recent:0
[   40291ms] [ERROR] Failed to load resource: net::ERR_FAILED @ https://storm-b86d55ff3e7cd8.my.salesforce.com/img/icon/t4v35/custom/custom53_120.png:0
[   43683ms] [ERROR] Access to image at 'https://storm-b86d55ff3e7cd8.my.salesforce.com/img/icon/t4v35/custom/custom53_120.png' from origin 'https://storm-b86d55ff3e7cd8.lightning.force.com' has been blocked by CORS policy: Permission was denied for this request to access the `local` address space. @ https://storm-b86d55ff3e7cd8.lightning.force.com/lightning/r/Video_Call__c/a2tIf000000g5nBIAQ/view:0
[   43683ms] [ERROR] Failed to load resource: net::ERR_FAILED @ https://storm-b86d55ff3e7cd8.my.salesforce.com/img/icon/t4v35/custom/custom53_120.png:0
[   44183ms] [ERROR] Access to image at 'https://storm-b86d55ff3e7cd8.file.force.com/profilephoto/729If000000PDFD/T' from origin 'https://storm-b86d55ff3e7cd8.lightning.force.com' has been blocked by CORS policy: Permission was denied for this request to access the `local` address space. @ https://storm-b86d55ff3e7cd8.lightning.force.com/lightning/r/Video_Call__c/a2tIf000000g5nBIAQ/view:0
[   44183ms] [ERROR] Failed to load resource: net::ERR_FAILED @ https://storm-b86d55ff3e7cd8.file.force.com/profilephoto/729If000000PDFD/T:0
[   44240ms] [ERROR] Access to video at 'https://storm-b86d55ff3e7cd8.file.force.com/sfc/servlet.shepherd/version/download/068If000003oE7vIAE' (redirected from 'https://storm-b86d55ff3e7cd8.lightning.force.com/sfc/servlet.shepherd/version/download/068If000003oE7vIAE') from origin 'https://storm-b86d55ff3e7cd8.lightning.force.com' has been blocked by CORS policy: Permission was denied for this request to access the `local` address space. @ https://storm-b86d55ff3e7cd8.lightning.force.com/lightning/r/Video_Call__c/a2tIf000000g5nBIAQ/view:0
[   44240ms] [ERROR] Failed to load resource: net::ERR_FAILED @ https://storm-b86d55ff3e7cd8.file.force.com/sfc/servlet.shepherd/version/download/068If000003oE7vIAE:0
[   44725ms] [LOG] {InstrumentationResult :  ( RECEIVED = 9 , SUCCESS -> LOG = 9 , SUCCESS -> CE = 1 , Topic = AILTN )  , TelemetryResponse : ( AsyncResults )O11yInstrumentationResult : O11y Logs successfully processed by instrumentation-processing: Object} @ https://b.static.lightning.force.com/ap54/aurafile/%7B%22mode%22%3A%22PROD%22%2C%22dfs%22%3A%2229%22%2C%22app%22%3A%22one%3Aone%22%2C%22ls%22%3A1%2C%22lrmc%22%3A%22551347034%22%2C%22ln%22%3A1%7D/hIXAT73U0CHgDe4A3tCsug/apppart3-4.js:436
[   44954ms] [LOG] {InstrumentationResult :  (  )  , TelemetryResponse : ( AsyncResults )O11yInstrumentationResult : O11y Logs successfully processed by instrumentation-processing: Object} @ https://b.static.lightning.force.com/ap54/aurafile/%7B%22mode%22%3A%22PROD%22%2C%22dfs%22%3A%2229%22%2C%22app%22%3A%22one%3Aone%22%2C%22ls%22%3A1%2C%22lrmc%22%3A%22551347034%22%2C%22ln%22%3A1%7D/hIXAT73U0CHgDe4A3tCsug/apppart3-4.js:436
[  308825ms] [WARNING] Blocked aria-hidden on an element because its descendant retained focus. The focus must not be hidden from assistive technology users. Avoid using aria-hidden on a focused element or its ancestor. Consider using the inert attribute instead, which will also prevent focus. For more details, see the aria-hidden section of the WAI-ARIA specification at https://w3c.github.io/aria/#aria-hidden.
Element with focus: <div.introduction-body>
Ancestor with aria-hidden: <section.pinned wrapper slds-panel slds-grid slds-grid_vertical slds-is-fixed> @ https://storm-b86d55ff3e7cd8.lightning.force.com/lightning/r/Video_Call__c/a2tIf000000g5nBIAQ/view:0
[  310767ms] [LOG] {id: ltng:performance::aura:performance:storage-stats, ts: 300786.9, duration: 0, pageStartTime: 1785282216042, marks: Object} @ https://storm-b86d55ff3e7cd8.lightning.force.com/components/desktopDashboards/dashboardApp.js:3
[  310784ms] [LOG] {id: ltng:performance::aura:performance:storage-stats, ts: 300804.4, duration: 0, pageStartTime: 1785282216042, marks: Object} @ https://storm-b86d55ff3e7cd8.lightning.force.com/components/desktopDashboards/dashboardApp.js:3
[  310789ms] [LOG] {id: ltng:performance::aura:performance:storage-stats, ts: 300809.8, duration: 0, pageStartTime: 1785282216042, marks: Object} @ https://storm-b86d55ff3e7cd8.lightning.force.com/components/desktopDashboards/dashboardApp.js:3
[  310789ms] [LOG] {id: ltng:performance::aura:performance:storage-stats, ts: 300809.9, duration: 0, pageStartTime: 1785282216042, marks: Object} @ https://storm-b86d55ff3e7cd8.lightning.force.com/components/desktopDashboards/dashboardApp.js:3
[  310790ms] [LOG] {id: ltng:performance::aura:performance:storage-stats, ts: 300810, duration: 0, pageStartTime: 1785282216042, marks: Object} @ https://storm-b86d55ff3e7cd8.lightning.force.com/components/desktopDashboards/dashboardApp.js:3
[  310790ms] [LOG] {id: ltng:performance::aura:performance:storage-stats, ts: 300810.1, duration: 0, pageStartTime: 1785282216042, marks: Object} @ https://storm-b86d55ff3e7cd8.lightning.force.com/components/desktopDashboards/dashboardApp.js:3
[  310790ms] [LOG] {id: ltng:performance::aura:performance:storage-stats, ts: 300810.19, duration: 0, pageStartTime: 1785282216042, marks: Object} @ https://storm-b86d55ff3e7cd8.lightning.force.com/components/desktopDashboards/dashboardApp.js:3
[  312585ms] [LOG] {id: ltng:performance::aura:performance:storage-stats, ts: 302604.9, duration: 0, pageStartTime: 1785282216042, marks: Object} @ https://storm-b86d55ff3e7cd8.lightning.force.com/components/desktopDashboards/dashboardApp.js:3
[  314723ms] [ERROR] Access to fetch at 'https://api.salesforce.com/einstein/ai-agent/v1/agents/0XxIf0000000GB9KAM/sessions' from origin 'https://storm-b86d55ff3e7cd8.lightning.force.com' has been blocked by CORS policy: Permission was denied for this request to access the `local` address space. @ https://storm-b86d55ff3e7cd8.lightning.force.com/lightning/r/Video_Call__c/a2tIf000000g5nBIAQ/view:0
[  314723ms] [ERROR] Failed to load resource: net::ERR_FAILED @ https://api.salesforce.com/einstein/ai-agent/v1/agents/0XxIf0000000GB9KAM/sessions:0
[  314724ms] [LOG] %cO11Y%c Error color:white;background-color:#FF6600;font-weight:bold color:white;background-color:Crimson {name: TypeError, message: Failed to fetch, stack: TypeError: Failed to fetch
    at g._global.fetch …%7D/nZkgN1U593_LJD8XkjOmtA/apppart1-4.js:2400:483, activityId: 129c1b44ce4bd84f} {timestamp: 1785282520786, rootId: 246770eddfe554cf, sequence: 125, schemaSequence: 2, loggerName: Network} @ https://b.static.lightning.force.com/ap54/aurafile/%7B%22mode%22%3A%22PROD%22%2C%22dfs%22%3A%2229%22%2C%22app%22%3A%22one%3Aone%22%2C%22ls%22%3A1%2C%22lrmc%22%3A%22551347034%22%2C%22ln%22%3A1%7D/hIXAT73U0CHgDe4A3tCsug/apppart3-4.js:2565
[  314728ms] [LOG] %cO11Y%c Error color:white;background-color:#FF6600;font-weight:bold color:white;background-color:Crimson {name: Error, message: Something went wrong. Refresh and try again., stack: Error: Something went wrong. Refresh and try again…cU92bkExNC4xOTIuODM4ODYwOA/aura_prod.js:49:53272), userPayload: Object} {timestamp: 1785282520790.6, rootId: 246770eddfe554cf, sequence: 126, schemaSequence: 1, loggerName: COPILOT_O11Y} @ https://b.static.lightning.force.com/ap54/aurafile/%7B%22mode%22%3A%22PROD%22%2C%22dfs%22%3A%2229%22%2C%22app%22%3A%22one%3Aone%22%2C%22ls%22%3A1%2C%22lrmc%22%3A%22551347034%22%2C%22ln%22%3A1%7D/hIXAT73U0CHgDe4A3tCsug/apppart3-4.js:2565
[  315261ms] [LOG] {InstrumentationResult :  ( RECEIVED = 19 , SUCCESS -> LOG = 19 , Topic = AILTN )  , TelemetryResponse : ( AsyncResults )O11yInstrumentationResult : O11y Logs successfully processed by instrumentation-processing: Object} @ https://b.static.lightning.force.com/ap54/aurafile/%7B%22mode%22%3A%22PROD%22%2C%22dfs%22%3A%2229%22%2C%22app%22%3A%22one%3Aone%22%2C%22ls%22%3A1%2C%22lrmc%22%3A%22551347034%22%2C%22ln%22%3A1%7D/hIXAT73U0CHgDe4A3tCsug/apppart3-4.js:436
[  408255ms] [ERROR] Access to image at 'https://storm-b86d55ff3e7cd8.file.force.com/file-asset/Screenshot_20260726_at_103321pm?v=1&height=80&width=400' from origin 'https://storm-b86d55ff3e7cd8.lightning.force.com' has been blocked by CORS policy: Permission was denied for this request to access the `local` address space. @ https://storm-b86d55ff3e7cd8.lightning.force.com/lightning/r/Video_Call__c/a2tIf000000g5nBIAQ/view:0
[  408255ms] [ERROR] Failed to load resource: net::ERR_FAILED @ https://storm-b86d55ff3e7cd8.file.force.com/file-asset/Screenshot_20260726_at_103321pm?v=1&height=80&width=400:0
[ 1210786ms] [LOG] {id: ltng:performance::aura:performance:storage-stats, ts: 1200806.8, duration: 0, pageStartTime: 1785282216042, marks: Object} @ https://storm-b86d55ff3e7cd8.lightning.force.com/components/desktopDashboards/dashboardApp.js:3
[ 1210796ms] [LOG] {id: ltng:performance::aura:performance:storage-stats, ts: 1200817.1, duration: 0, pageStartTime: 1785282216042, marks: Object} @ https://storm-b86d55ff3e7cd8.lightning.force.com/components/desktopDashboards/dashboardApp.js:3
[ 1210797ms] [LOG] {id: ltng:performance::aura:performance:storage-stats, ts: 1200817.3, duration: 0, pageStartTime: 1785282216042, marks: Object} @ https://storm-b86d55ff3e7cd8.lightning.force.com/components/desktopDashboards/dashboardApp.js:3
[ 1210797ms] [LOG] {id: ltng:performance::aura:performance:storage-stats, ts: 1200817.4, duration: 0, pageStartTime: 1785282216042, marks: Object} @ https://storm-b86d55ff3e7cd8.lightning.force.com/components/desktopDashboards/dashboardApp.js:3
[ 1510792ms] [LOG] {id: ltng:performance::aura:performance:storage-stats, ts: 1500813, duration: 0, pageStartTime: 1785282216042, marks: Object} @ https://storm-b86d55ff3e7cd8.lightning.force.com/components/desktopDashboards/dashboardApp.js:3
[ 1510796ms] [LOG] {id: ltng:performance::aura:performance:storage-stats, ts: 1500817, duration: 0, pageStartTime: 1785282216042, marks: Object} @ https://storm-b86d55ff3e7cd8.lightning.force.com/components/desktopDashboards/dashboardApp.js:3
[ 1812586ms] [LOG] {id: ltng:performance::aura:performance:storage-stats, ts: 1802606.5, duration: 0, pageStartTime: 1785282216042, marks: Object} @ https://storm-b86d55ff3e7cd8.lightning.force.com/components/desktopDashboards/dashboardApp.js:3
[ 2410834ms] [LOG] {id: ltng:performance::aura:performance:storage-stats, ts: 2400812.19, duration: 0, pageStartTime: 1785282216042, marks: Object} @ https://storm-b86d55ff3e7cd8.lightning.force.com/components/desktopDashboards/dashboardApp.js:3
[ 2710843ms] [LOG] {id: ltng:performance::aura:performance:storage-stats, ts: 2700818.69, duration: 0, pageStartTime: 1785282216042, marks: Object} @ https://storm-b86d55ff3e7cd8.lightning.force.com/components/desktopDashboards/dashboardApp.js:3
[ 2710843ms] [LOG] {id: ltng:performance::aura:performance:storage-stats, ts: 2700819.4, duration: 0, pageStartTime: 1785282216042, marks: Object} @ https://storm-b86d55ff3e7cd8.lightning.force.com/components/desktopDashboards/dashboardApp.js:3
[ 2710843ms] [LOG] {id: ltng:performance::aura:performance:storage-stats, ts: 2700819.69, duration: 0, pageStartTime: 1785282216042, marks: Object} @ https://storm-b86d55ff3e7cd8.lightning.force.com/components/desktopDashboards/dashboardApp.js:3
[ 2894665ms] [ERROR] Access to image at 'https://storm-b86d55ff3e7cd8.file.force.com/file-asset/Screenshot_20260726_at_103321pm?v=1&height=80&width=400' from origin 'https://storm-b86d55ff3e7cd8.lightning.force.com' has been blocked by CORS policy: Permission was denied for this request to access the `local` address space. @ https://storm-b86d55ff3e7cd8.lightning.force.com/lightning/r/Video_Call__c/a2tIf000000g5nBIAQ/view:0
[ 2894665ms] [ERROR] Failed to load resource: net::ERR_FAILED @ https://storm-b86d55ff3e7cd8.file.force.com/file-asset/Screenshot_20260726_at_103321pm?v=1&height=80&width=400:0
[ 3010846ms] [LOG] {id: ltng:performance::aura:performance:storage-stats, ts: 3000819.19, duration: 0, pageStartTime: 1785282216042, marks: Object} @ https://storm-b86d55ff3e7cd8.lightning.force.com/components/desktopDashboards/dashboardApp.js:3
[ 3010848ms] [LOG] {id: ltng:performance::aura:performance:storage-stats, ts: 3000821.1, duration: 0, pageStartTime: 1785282216042, marks: Object} @ https://storm-b86d55ff3e7cd8.lightning.force.com/components/desktopDashboards/dashboardApp.js:3
[ 3312645ms] [LOG] {id: ltng:performance::aura:performance:storage-stats, ts: 3302615.4, duration: 0, pageStartTime: 1785282216042, marks: Object} @ https://storm-b86d55ff3e7cd8.lightning.force.com/components/desktopDashboards/dashboardApp.js:3
[ 3610848ms] [LOG] {id: ltng:performance::aura:performance:storage-stats, ts: 3600815.4, duration: 0, pageStartTime: 1785282216042, marks: Object} @ https://storm-b86d55ff3e7cd8.lightning.force.com/components/desktopDashboards/dashboardApp.js:3
[ 3910860ms] [LOG] {id: ltng:performance::aura:performance:storage-stats, ts: 3900825, duration: 0, pageStartTime: 1785282216042, marks: Object} @ https://storm-b86d55ff3e7cd8.lightning.force.com/components/desktopDashboards/dashboardApp.js:3
[ 3910861ms] [LOG] {id: ltng:performance::aura:performance:storage-stats, ts: 3900825.6, duration: 0, pageStartTime: 1785282216042, marks: Object} @ https://storm-b86d55ff3e7cd8.lightning.force.com/components/desktopDashboards/dashboardApp.js:3
[ 3910861ms] [LOG] {id: ltng:performance::aura:performance:storage-stats, ts: 3900826.19, duration: 0, pageStartTime: 1785282216042, marks: Object} @ https://storm-b86d55ff3e7cd8.lightning.force.com/components/desktopDashboards/dashboardApp.js:3
[ 4210863ms] [LOG] {id: ltng:performance::aura:performance:storage-stats, ts: 4200824.69, duration: 0, pageStartTime: 1785282216042, marks: Object} @ https://storm-b86d55ff3e7cd8.lightning.force.com/components/desktopDashboards/dashboardApp.js:3
[ 4210864ms] [LOG] {id: ltng:performance::aura:performance:storage-stats, ts: 4200826.3, duration: 0, pageStartTime: 1785282216042, marks: Object} @ https://storm-b86d55ff3e7cd8.lightning.force.com/components/desktopDashboards/dashboardApp.js:3
[ 4810887ms] [LOG] {id: ltng:performance::aura:performance:storage-stats, ts: 4800818, duration: 0, pageStartTime: 1785282216042, marks: Object} @ https://storm-b86d55ff3e7cd8.lightning.force.com/components/desktopDashboards/dashboardApp.js:3
[ 4812691ms] [LOG] {id: ltng:performance::aura:performance:storage-stats, ts: 4802622.8, duration: 0, pageStartTime: 1785282216042, marks: Object} @ https://storm-b86d55ff3e7cd8.lightning.force.com/components/desktopDashboards/dashboardApp.js:3
[ 5110900ms] [LOG] {id: ltng:performance::aura:performance:storage-stats, ts: 5100827.4, duration: 0, pageStartTime: 1785282216042, marks: Object} @ https://storm-b86d55ff3e7cd8.lightning.force.com/components/desktopDashboards/dashboardApp.js:3
[ 5110901ms] [LOG] {id: ltng:performance::aura:performance:storage-stats, ts: 5100828.69, duration: 0, pageStartTime: 1785282216042, marks: Object} @ https://storm-b86d55ff3e7cd8.lightning.force.com/components/desktopDashboards/dashboardApp.js:3
[ 5110902ms] [LOG] {id: ltng:performance::aura:performance:storage-stats, ts: 5100829.19, duration: 0, pageStartTime: 1785282216042, marks: Object} @ https://storm-b86d55ff3e7cd8.lightning.force.com/components/desktopDashboards/dashboardApp.js:3
[ 5410905ms] [LOG] {id: ltng:performance::aura:performance:storage-stats, ts: 5400827.9, duration: 0, pageStartTime: 1785282216042, marks: Object} @ https://storm-b86d55ff3e7cd8.lightning.force.com/components/desktopDashboards/dashboardApp.js:3
[ 5410906ms] [LOG] {id: ltng:performance::aura:performance:storage-stats, ts: 5400828.69, duration: 0, pageStartTime: 1785282216042, marks: Object} @ https://storm-b86d55ff3e7cd8.lightning.force.com/components/desktopDashboards/dashboardApp.js:3
[ 6010909ms] [LOG] {id: ltng:performance::aura:performance:storage-stats, ts: 6000822.3, duration: 0, pageStartTime: 1785282216042, marks: Object} @ https://storm-b86d55ff3e7cd8.lightning.force.com/components/desktopDashboards/dashboardApp.js:3
[ 6012716ms] [LOG] {id: ltng:performance::aura:performance:storage-stats, ts: 6002629.6, duration: 0, pageStartTime: 1785282216042, marks: Object} @ https://storm-b86d55ff3e7cd8.lightning.force.com/components/desktopDashboards/dashboardApp.js:3
[ 6310924ms] [LOG] {id: ltng:performance::aura:performance:storage-stats, ts: 6300832.6, duration: 0, pageStartTime: 1785282216042, marks: Object} @ https://storm-b86d55ff3e7cd8.lightning.force.com/components/desktopDashboards/dashboardApp.js:3
[ 6310924ms] [LOG] {id: ltng:performance::aura:performance:storage-stats, ts: 6300833.5, duration: 0, pageStartTime: 1785282216042, marks: Object} @ https://storm-b86d55ff3e7cd8.lightning.force.com/components/desktopDashboards/dashboardApp.js:3
[ 6310925ms] [LOG] {id: ltng:performance::aura:performance:storage-stats, ts: 6300834, duration: 0, pageStartTime: 1785282216042, marks: Object} @ https://storm-b86d55ff3e7cd8.lightning.force.com/components/desktopDashboards/dashboardApp.js:3
[ 6479191ms] [ERROR] Access to image at 'https://storm-b86d55ff3e7cd8.file.force.com/file-asset/Screenshot_20260726_at_103321pm?v=1&height=80&width=400' from origin 'https://storm-b86d55ff3e7cd8.lightning.force.com' has been blocked by CORS policy: Permission was denied for this request to access the `local` address space. @ https://storm-b86d55ff3e7cd8.lightning.force.com/lightning/r/Video_Call__c/a2tIf000000g5nBIAQ/view:0
[ 6479193ms] [ERROR] Failed to load resource: net::ERR_FAILED @ https://storm-b86d55ff3e7cd8.file.force.com/file-asset/Screenshot_20260726_at_103321pm?v=1&height=80&width=400:0
[ 6866237ms] [LOG] Received error from server:  {"id":"68","successful":false,"channel":"/meta/connect","failure":{"reason":"","httpCode":0,"connectionType":"long-polling","transport":{},"message":{"id":"68","channel":"/meta/connect","connectionType":"long-polling","clientId":"c0ld8mx7orvcuoq1hesobbvusrv5"}}} @ https://b.static.lightning.force.com/ap54/auraFW/javascript/OUcwT3JDYUZld21JQ2ZOckR1VnppUWtVMjdnTGFERUU2S3FfSVdrcU92bkExNC4xOTIuODM4ODYwOA/aura_prod.js:107
[ 6866325ms] [LOG] Received error from server:  {"id":"68","successful":false,"channel":"/meta/connect","failure":{"reason":"","httpCode":0,"connectionType":"long-polling","transport":{},"message":{"id":"68","channel":"/meta/connect","connectionType":"long-polling","clientId":"c0ld8mx7orvcuoq1hesobbvusrv5"}}} @ https://b.static.lightning.force.com/ap54/auraFW/javascript/OUcwT3JDYUZld21JQ2ZOckR1VnppUWtVMjdnTGFERUU2S3FfSVdrcU92bkExNC4xOTIuODM4ODYwOA/aura_prod.js:107
[ 6957779ms] [LOG] Received error from server:  {"id":"70","successful":false,"channel":"/meta/connect","failure":{"reason":"","httpCode":0,"connectionType":"long-polling","transport":{},"message":{"id":"70","channel":"/meta/connect","connectionType":"long-polling","clientId":"c0ld8mx7orvcuoq1hesobbvusrv5"}}} @ https://b.static.lightning.force.com/ap54/auraFW/javascript/OUcwT3JDYUZld21JQ2ZOckR1VnppUWtVMjdnTGFERUU2S3FfSVdrcU92bkExNC4xOTIuODM4ODYwOA/aura_prod.js:107
[ 6957805ms] [LOG] Received error from server:  {"id":"70","successful":false,"channel":"/meta/connect","failure":{"reason":"","httpCode":0,"connectionType":"long-polling","transport":{},"message":{"id":"70","channel":"/meta/connect","connectionType":"long-polling","clientId":"c0ld8mx7orvcuoq1hesobbvusrv5"}}} @ https://b.static.lightning.force.com/ap54/auraFW/javascript/OUcwT3JDYUZld21JQ2ZOckR1VnppUWtVMjdnTGFERUU2S3FfSVdrcU92bkExNC4xOTIuODM4ODYwOA/aura_prod.js:107
[ 6974197ms] [LOG] {id: ltng:performance::aura:performance:storage-stats, ts: 6900833.9, duration: 0, pageStartTime: 1785282216042, marks: Object} @ https://storm-b86d55ff3e7cd8.lightning.force.com/components/desktopDashboards/dashboardApp.js:3
[ 6974199ms] [LOG] {id: ltng:performance::aura:performance:storage-stats, ts: 6900836.6, duration: 0, pageStartTime: 1785282216042, marks: Object} @ https://storm-b86d55ff3e7cd8.lightning.force.com/components/desktopDashboards/dashboardApp.js:3
[ 7131939ms] [LOG] Received error from server:  {"id":"71","successful":false,"channel":"/meta/connect","failure":{"reason":"","httpCode":0,"connectionType":"long-polling","transport":{},"message":{"id":"71","channel":"/meta/connect","connectionType":"long-polling","advice":{"timeout":0},"clientId":"c0ld8mx7orvcuoq1hesobbvusrv5"}}} @ https://b.static.lightning.force.com/ap54/auraFW/javascript/OUcwT3JDYUZld21JQ2ZOckR1VnppUWtVMjdnTGFERUU2S3FfSVdrcU92bkExNC4xOTIuODM4ODYwOA/aura_prod.js:107
[ 7132104ms] [LOG] Received error from server:  {"id":"71","successful":false,"channel":"/meta/connect","failure":{"reason":"","httpCode":0,"connectionType":"long-polling","transport":{},"message":{"id":"71","channel":"/meta/connect","connectionType":"long-polling","advice":{"timeout":0},"clientId":"c0ld8mx7orvcuoq1hesobbvusrv5"}}} @ https://b.static.lightning.force.com/ap54/auraFW/javascript/OUcwT3JDYUZld21JQ2ZOckR1VnppUWtVMjdnTGFERUU2S3FfSVdrcU92bkExNC4xOTIuODM4ODYwOA/aura_prod.js:107
[ 7139133ms] [LOG] Received error from server:  {"advice":{"interval":0,"reconnect":"handshake"},"channel":"/meta/connect","id":"72","error":"403::Unknown client","successful":false} @ https://b.static.lightning.force.com/ap54/auraFW/javascript/OUcwT3JDYUZld21JQ2ZOckR1VnppUWtVMjdnTGFERUU2S3FfSVdrcU92bkExNC4xOTIuODM4ODYwOA/aura_prod.js:107
[ 7139134ms] [LOG] Received error from server:  {"advice":{"interval":0,"reconnect":"handshake"},"channel":"/meta/connect","id":"72","error":"403::Unknown client","successful":false} @ https://b.static.lightning.force.com/ap54/auraFW/javascript/OUcwT3JDYUZld21JQ2ZOckR1VnppUWtVMjdnTGFERUU2S3FfSVdrcU92bkExNC4xOTIuODM4ODYwOA/aura_prod.js:107
[ 7150624ms] [LOG] Received error from server:  {"id":"78","successful":false,"channel":"/meta/connect","failure":{"reason":"","httpCode":0,"connectionType":"long-polling","transport":{},"message":{"id":"78","channel":"/meta/connect","connectionType":"long-polling","clientId":"cvzo6vftdc9arx71b2aekji86ca7"}}} @ https://b.static.lightning.force.com/ap54/auraFW/javascript/OUcwT3JDYUZld21JQ2ZOckR1VnppUWtVMjdnTGFERUU2S3FfSVdrcU92bkExNC4xOTIuODM4ODYwOA/aura_prod.js:107
[ 7150658ms] [LOG] Received error from server:  {"id":"78","successful":false,"channel":"/meta/connect","failure":{"reason":"","httpCode":0,"connectionType":"long-polling","transport":{},"message":{"id":"78","channel":"/meta/connect","connectionType":"long-polling","clientId":"cvzo6vftdc9arx71b2aekji86ca7"}}} @ https://b.static.lightning.force.com/ap54/auraFW/javascript/OUcwT3JDYUZld21JQ2ZOckR1VnppUWtVMjdnTGFERUU2S3FfSVdrcU92bkExNC4xOTIuODM4ODYwOA/aura_prod.js:107
[ 7244792ms] [LOG] Received error from server:  {"id":"80","successful":false,"channel":"/meta/connect","failure":{"reason":"","httpCode":0,"connectionType":"long-polling","transport":{},"message":{"id":"80","channel":"/meta/connect","connectionType":"long-polling","clientId":"cvzo6vftdc9arx71b2aekji86ca7"}}} @ https://b.static.lightning.force.com/ap54/auraFW/javascript/OUcwT3JDYUZld21JQ2ZOckR1VnppUWtVMjdnTGFERUU2S3FfSVdrcU92bkExNC4xOTIuODM4ODYwOA/aura_prod.js:107
[ 7244861ms] [LOG] Received error from server:  {"id":"80","successful":false,"channel":"/meta/connect","failure":{"reason":"","httpCode":0,"connectionType":"long-polling","transport":{},"message":{"id":"80","channel":"/meta/connect","connectionType":"long-polling","clientId":"cvzo6vftdc9arx71b2aekji86ca7"}}} @ https://b.static.lightning.force.com/ap54/auraFW/javascript/OUcwT3JDYUZld21JQ2ZOckR1VnppUWtVMjdnTGFERUU2S3FfSVdrcU92bkExNC4xOTIuODM4ODYwOA/aura_prod.js:107
[ 7911543ms] [LOG] Received error from server:  {"id":"82","successful":false,"channel":"/meta/connect","failure":{"reason":"","httpCode":0,"connectionType":"long-polling","transport":{},"message":{"id":"82","channel":"/meta/connect","connectionType":"long-polling","clientId":"cvzo6vftdc9arx71b2aekji86ca7"}}} @ https://b.static.lightning.force.com/ap54/auraFW/javascript/OUcwT3JDYUZld21JQ2ZOckR1VnppUWtVMjdnTGFERUU2S3FfSVdrcU92bkExNC4xOTIuODM4ODYwOA/aura_prod.js:107
[ 7911603ms] [LOG] Received error from server:  {"id":"82","successful":false,"channel":"/meta/connect","failure":{"reason":"","httpCode":0,"connectionType":"long-polling","transport":{},"message":{"id":"82","channel":"/meta/connect","connectionType":"long-polling","clientId":"cvzo6vftdc9arx71b2aekji86ca7"}}} @ https://b.static.lightning.force.com/ap54/auraFW/javascript/OUcwT3JDYUZld21JQ2ZOckR1VnppUWtVMjdnTGFERUU2S3FfSVdrcU92bkExNC4xOTIuODM4ODYwOA/aura_prod.js:107
[ 8959013ms] [LOG] Received error from server:  {"id":"83","successful":false,"channel":"/meta/connect","failure":{"reason":"Request 86 of transport long-polling exceeded 120000 ms max network delay","httpCode":0,"connectionType":"long-polling","transport":{},"message":{"id":"83","channel":"/meta/connect","connectionType":"long-polling","advice":{"timeout":0},"clientId":"cvzo6vftdc9arx71b2aekji86ca7"}}} @ https://b.static.lightning.force.com/ap54/auraFW/javascript/OUcwT3JDYUZld21JQ2ZOckR1VnppUWtVMjdnTGFERUU2S3FfSVdrcU92bkExNC4xOTIuODM4ODYwOA/aura_prod.js:107
[ 8959014ms] [LOG] Received error from server:  {"id":"83","successful":false,"channel":"/meta/connect","failure":{"reason":"Request 86 of transport long-polling exceeded 120000 ms max network delay","httpCode":0,"connectionType":"long-polling","transport":{},"message":{"id":"83","channel":"/meta/connect","connectionType":"long-polling","advice":{"timeout":0},"clientId":"cvzo6vftdc9arx71b2aekji86ca7"}}} @ https://b.static.lightning.force.com/ap54/auraFW/javascript/OUcwT3JDYUZld21JQ2ZOckR1VnppUWtVMjdnTGFERUU2S3FfSVdrcU92bkExNC4xOTIuODM4ODYwOA/aura_prod.js:107
[ 8961615ms] [LOG] Received error from server:  {"advice":{"interval":0,"reconnect":"handshake"},"channel":"/meta/connect","id":"84","error":"403::Unknown client","successful":false} @ https://b.static.lightning.force.com/ap54/auraFW/javascript/OUcwT3JDYUZld21JQ2ZOckR1VnppUWtVMjdnTGFERUU2S3FfSVdrcU92bkExNC4xOTIuODM4ODYwOA/aura_prod.js:107
[ 8961615ms] [LOG] Received error from server:  {"advice":{"interval":0,"reconnect":"handshake"},"channel":"/meta/connect","id":"84","error":"403::Unknown client","successful":false} @ https://b.static.lightning.force.com/ap54/auraFW/javascript/OUcwT3JDYUZld21JQ2ZOckR1VnppUWtVMjdnTGFERUU2S3FfSVdrcU92bkExNC4xOTIuODM4ODYwOA/aura_prod.js:107
[ 9308514ms] [LOG] {id: ltng:performance::aura:performance:storage-stats, ts: 7500828.8, duration: 0, pageStartTime: 1785282216042, marks: Object} @ https://storm-b86d55ff3e7cd8.lightning.force.com/components/desktopDashboards/dashboardApp.js:3
[ 9610320ms] [LOG] {id: ltng:performance::aura:performance:storage-stats, ts: 7802635.6, duration: 0, pageStartTime: 1785282216042, marks: Object} @ https://storm-b86d55ff3e7cd8.lightning.force.com/components/desktopDashboards/dashboardApp.js:3
[ 9908523ms] [LOG] {id: ltng:performance::aura:performance:storage-stats, ts: 8100839.3, duration: 0, pageStartTime: 1785282216042, marks: Object} @ https://storm-b86d55ff3e7cd8.lightning.force.com/components/desktopDashboards/dashboardApp.js:3
[10208502ms] [LOG] {id: ltng:performance::aura:performance:storage-stats, ts: 8400841.69, duration: 0, pageStartTime: 1785282216042, marks: Object} @ https://storm-b86d55ff3e7cd8.lightning.force.com/components/desktopDashboards/dashboardApp.js:3
[10208502ms] [LOG] {id: ltng:performance::aura:performance:storage-stats, ts: 8400843.19, duration: 0, pageStartTime: 1785282216042, marks: Object} @ https://storm-b86d55ff3e7cd8.lightning.force.com/components/desktopDashboards/dashboardApp.js:3
[10808497ms] [LOG] {id: ltng:performance::aura:performance:storage-stats, ts: 9000842.4, duration: 0, pageStartTime: 1785282216042, marks: Object} @ https://storm-b86d55ff3e7cd8.lightning.force.com/components/desktopDashboards/dashboardApp.js:3
[10808498ms] [LOG] {id: ltng:performance::aura:performance:storage-stats, ts: 9000844.19, duration: 0, pageStartTime: 1785282216042, marks: Object} @ https://storm-b86d55ff3e7cd8.lightning.force.com/components/desktopDashboards/dashboardApp.js:3
[11708485ms] [LOG] {id: ltng:performance::aura:performance:storage-stats, ts: 9900836.6, duration: 0, pageStartTime: 1785282216042, marks: Object} @ https://storm-b86d55ff3e7cd8.lightning.force.com/components/desktopDashboards/dashboardApp.js:3
[11710294ms] [LOG] {id: ltng:performance::aura:performance:storage-stats, ts: 9902646.3, duration: 0, pageStartTime: 1785282216042, marks: Object} @ https://storm-b86d55ff3e7cd8.lightning.force.com/components/desktopDashboards/dashboardApp.js:3
[12008492ms] [LOG] {id: ltng:performance::aura:performance:storage-stats, ts: 10200846.8, duration: 0, pageStartTime: 1785282216042, marks: Object} @ https://storm-b86d55ff3e7cd8.lightning.force.com/components/desktopDashboards/dashboardApp.js:3
[12608549ms] [LOG] {id: ltng:performance::aura:performance:storage-stats, ts: 10800851.3, duration: 0, pageStartTime: 1785282216042, marks: Object} @ https://storm-b86d55ff3e7cd8.lightning.force.com/components/desktopDashboards/dashboardApp.js:3
[12608550ms] [LOG] {id: ltng:performance::aura:performance:storage-stats, ts: 10800852.69, duration: 0, pageStartTime: 1785282216042, marks: Object} @ https://storm-b86d55ff3e7cd8.lightning.force.com/components/desktopDashboards/dashboardApp.js:3
[13208557ms] [LOG] {id: ltng:performance::aura:performance:storage-stats, ts: 11400843.5, duration: 0, pageStartTime: 1785282216042, marks: Object} @ https://storm-b86d55ff3e7cd8.lightning.force.com/components/desktopDashboards/dashboardApp.js:3
[13208563ms] [LOG] {id: ltng:performance::aura:performance:storage-stats, ts: 11400849.8, duration: 0, pageStartTime: 1785282216042, marks: Object} @ https://storm-b86d55ff3e7cd8.lightning.force.com/components/desktopDashboards/dashboardApp.js:3
[13208563ms] [LOG] {id: ltng:performance::aura:performance:storage-stats, ts: 11400850.3, duration: 0, pageStartTime: 1785282216042, marks: Object} @ https://storm-b86d55ff3e7cd8.lightning.force.com/components/desktopDashboards/dashboardApp.js:3
[13210366ms] [LOG] {id: ltng:performance::aura:performance:storage-stats, ts: 11402652.9, duration: 0, pageStartTime: 1785282216042, marks: Object} @ https://storm-b86d55ff3e7cd8.lightning.force.com/components/desktopDashboards/dashboardApp.js:3
[13808570ms] [LOG] {id: ltng:performance::aura:performance:storage-stats, ts: 12000852.3, duration: 0, pageStartTime: 1785282216042, marks: Object} @ https://storm-b86d55ff3e7cd8.lightning.force.com/components/desktopDashboards/dashboardApp.js:3
[14108573ms] [LOG] {id: ltng:performance::aura:performance:storage-stats, ts: 12300852.5, duration: 0, pageStartTime: 1785282216042, marks: Object} @ https://storm-b86d55ff3e7cd8.lightning.force.com/components/desktopDashboards/dashboardApp.js:3
[14108574ms] [LOG] {id: ltng:performance::aura:performance:storage-stats, ts: 12300853.59, duration: 0, pageStartTime: 1785282216042, marks: Object} @ https://storm-b86d55ff3e7cd8.lightning.force.com/components/desktopDashboards/dashboardApp.js:3
[14408572ms] [LOG] {id: ltng:performance::aura:performance:storage-stats, ts: 12600847.59, duration: 0, pageStartTime: 1785282216042, marks: Object} @ https://storm-b86d55ff3e7cd8.lightning.force.com/components/desktopDashboards/dashboardApp.js:3
[14408576ms] [LOG] {id: ltng:performance::aura:performance:storage-stats, ts: 12600853.3, duration: 0, pageStartTime: 1785282216042, marks: Object} @ https://storm-b86d55ff3e7cd8.lightning.force.com/components/desktopDashboards/dashboardApp.js:3
[14408577ms] [LOG] {id: ltng:performance::aura:performance:storage-stats, ts: 12600854.19, duration: 0, pageStartTime: 1785282216042, marks: Object} @ https://storm-b86d55ff3e7cd8.lightning.force.com/components/desktopDashboards/dashboardApp.js:3
[14410378ms] [LOG] {id: ltng:performance::aura:performance:storage-stats, ts: 12602655.4, duration: 0, pageStartTime: 1785282216042, marks: Object} @ https://storm-b86d55ff3e7cd8.lightning.force.com/components/desktopDashboards/dashboardApp.js:3
[15308541ms] [LOG] {id: ltng:performance::aura:performance:storage-stats, ts: 13500857.3, duration: 0, pageStartTime: 1785282216042, marks: Object} @ https://storm-b86d55ff3e7cd8.lightning.force.com/components/desktopDashboards/dashboardApp.js:3
[15908536ms] [LOG] {id: ltng:performance::aura:performance:storage-stats, ts: 14100853.09, duration: 0, pageStartTime: 1785282216042, marks: Object} @ https://storm-b86d55ff3e7cd8.lightning.force.com/components/desktopDashboards/dashboardApp.js:3
[15908542ms] [LOG] {id: ltng:performance::aura:performance:storage-stats, ts: 14100859.69, duration: 0, pageStartTime: 1785282216042, marks: Object} @ https://storm-b86d55ff3e7cd8.lightning.force.com/components/desktopDashboards/dashboardApp.js:3
[16208543ms] [LOG] {id: ltng:performance::aura:performance:storage-stats, ts: 14400860.69, duration: 0, pageStartTime: 1785282216042, marks: Object} @ https://storm-b86d55ff3e7cd8.lightning.force.com/components/desktopDashboards/dashboardApp.js:3
[16210347ms] [LOG] {id: ltng:performance::aura:performance:storage-stats, ts: 14402665, duration: 0, pageStartTime: 1785282216042, marks: Object} @ https://storm-b86d55ff3e7cd8.lightning.force.com/components/desktopDashboards/dashboardApp.js:3
[16808497ms] [LOG] {id: ltng:performance::aura:performance:storage-stats, ts: 15000858.19, duration: 0, pageStartTime: 1785282216042, marks: Object} @ https://storm-b86d55ff3e7cd8.lightning.force.com/components/desktopDashboards/dashboardApp.js:3
[16808498ms] [LOG] {id: ltng:performance::aura:performance:storage-stats, ts: 15000859.09, duration: 0, pageStartTime: 1785282216042, marks: Object} @ https://storm-b86d55ff3e7cd8.lightning.force.com/components/desktopDashboards/dashboardApp.js:3
