[       1ms] [ERROR] Failed to load resource: net::ERR_FAILED @ chrome-extension://invalid/:0
[      13ms] [ERROR] Failed to load resource: net::ERR_FILE_NOT_FOUND @ filesystem:https://docs.google.com/persistent/docs/fonts/L0xuDF4xlVMF-BfR8bXMIhJHg45mwgGEFl0_3vqPRu-5IpykSQ.woff2:0
[      13ms] [ERROR] Failed to load resource: net::ERR_FILE_NOT_FOUND @ filesystem:https://docs.google.com/persistent/docs/fonts/L0xuDF4xlVMF-BfR8bXMIhJHg45mwgGEFl0_Of2PRu-5IpykSQ.woff2:0
[      13ms] [ERROR] Failed to load resource: net::ERR_FILE_NOT_FOUND @ filesystem:https://docs.google.com/persistent/docs/fonts/L0xoDF4xlVMF-BfR8bXMIjhOsXG-q2oeuFoqFrlnAOW4AJi8SJQt.woff2:0
[      13ms] [ERROR] Failed to load resource: net::ERR_FILE_NOT_FOUND @ filesystem:https://docs.google.com/persistent/docs/fonts/L0xoDF4xlVMF-BfR8bXMIjhOsXG-q2oeuFoqFrmAB-W4AJi8SJQt.woff2:0
[      13ms] [ERROR] Failed to load resource: net::ERR_FILE_NOT_FOUND @ filesystem:https://docs.google.com/persistent/docs/fonts/z7NKdQbpaz0aOeMuNV4msbyQKZD8jtjnI76DG8juSp0.woff2:0
[      13ms] [ERROR] Failed to load resource: net::ERR_FILE_NOT_FOUND @ filesystem:https://docs.google.com/persistent/docs/fonts/pxiEyp8kv8JHgFVrFJXUdVNF.woff2:0
[      13ms] [ERROR] Failed to load resource: net::ERR_FILE_NOT_FOUND @ filesystem:https://docs.google.com/persistent/docs/fonts/pxiGyp8kv8JHgFVrJJLecnFHGPc.woff2:0
[      13ms] [ERROR] Failed to load resource: net::ERR_FILE_NOT_FOUND @ filesystem:https://docs.google.com/persistent/docs/fonts/pxiByp8kv8JHgFVrLCz7V15vEv-L.woff2:0
[      13ms] [ERROR] Failed to load resource: net::ERR_FILE_NOT_FOUND @ filesystem:https://docs.google.com/persistent/docs/fonts/pxiDyp8kv8JHgFVrJJLmy15lFd2JQEk.woff2:0
[      13ms] [ERROR] Failed to load resource: net::ERR_FILE_NOT_FOUND @ filesystem:https://docs.google.com/persistent/docs/fonts/J7afnpV-BGlaFfdAtLMS7JNK.woff2:0
[      13ms] [ERROR] Failed to load resource: net::ERR_FILE_NOT_FOUND @ filesystem:https://docs.google.com/persistent/docs/fonts/J7adnpV-BGlaFfdAhLQY67FIEjg.woff2:0
[      13ms] [ERROR] Failed to load resource: net::ERR_FILE_NOT_FOUND @ filesystem:https://docs.google.com/persistent/docs/fonts/J7aanpV-BGlaFfdAjAo9zp5gGDAb.woff2:0
[      13ms] [ERROR] Failed to load resource: net::ERR_FILE_NOT_FOUND @ filesystem:https://docs.google.com/persistent/docs/fonts/J7aYnpV-BGlaFfdAhLQgUp5qHxIZrCE.woff2:0
[      13ms] [ERROR] Failed to load resource: net::ERR_FILE_NOT_FOUND @ filesystem:https://docs.google.com/persistent/docs/fonts/QdVUSTchPBm7nuUeVf7EvCtim2w.woff2:0
[      45ms] [ERROR] Failed to load resource: net::ERR_FILE_NOT_FOUND @ filesystem:https://docs.google.com/persistent/docs/fonts/L0xuDF4xlVMF-BfR8bXMIhJHg45mwgGEFl0_3vqPRu-5IpykSQ.woff2:0
[      45ms] [ERROR] Failed to load resource: net::ERR_FILE_NOT_FOUND @ filesystem:https://docs.google.com/persistent/docs/fonts/L0xuDF4xlVMF-BfR8bXMIhJHg45mwgGEFl0_Of2PRu-5IpykSQ.woff2:0
[      45ms] [ERROR] Failed to load resource: net::ERR_FILE_NOT_FOUND @ filesystem:https://docs.google.com/persistent/docs/fonts/L0xoDF4xlVMF-BfR8bXMIjhOsXG-q2oeuFoqFrlnAOW4AJi8SJQt.woff2:0
[      46ms] [ERROR] Failed to load resource: net::ERR_FILE_NOT_FOUND @ filesystem:https://docs.google.com/persistent/docs/fonts/L0xoDF4xlVMF-BfR8bXMIjhOsXG-q2oeuFoqFrmAB-W4AJi8SJQt.woff2:0
[      46ms] [ERROR] Failed to load resource: net::ERR_FILE_NOT_FOUND @ filesystem:https://docs.google.com/persistent/docs/fonts/z7NKdQbpaz0aOeMuNV4msbyQKZD8jtjnI76DG8juSp0.woff2:0
[      46ms] [ERROR] Failed to load resource: net::ERR_FILE_NOT_FOUND @ filesystem:https://docs.google.com/persistent/docs/fonts/pxiEyp8kv8JHgFVrFJXUdVNF.woff2:0
[      46ms] [ERROR] Failed to load resource: net::ERR_FILE_NOT_FOUND @ filesystem:https://docs.google.com/persistent/docs/fonts/pxiGyp8kv8JHgFVrJJLecnFHGPc.woff2:0
[      46ms] [ERROR] Failed to load resource: net::ERR_FILE_NOT_FOUND @ filesystem:https://docs.google.com/persistent/docs/fonts/pxiByp8kv8JHgFVrLCz7V15vEv-L.woff2:0
[      46ms] [ERROR] Failed to load resource: net::ERR_FILE_NOT_FOUND @ filesystem:https://docs.google.com/persistent/docs/fonts/pxiDyp8kv8JHgFVrJJLmy15lFd2JQEk.woff2:0
[      46ms] [ERROR] Failed to load resource: net::ERR_FILE_NOT_FOUND @ filesystem:https://docs.google.com/persistent/docs/fonts/J7afnpV-BGlaFfdAtLMS7JNK.woff2:0
[      46ms] [ERROR] Failed to load resource: net::ERR_FILE_NOT_FOUND @ filesystem:https://docs.google.com/persistent/docs/fonts/J7adnpV-BGlaFfdAhLQY67FIEjg.woff2:0
[      46ms] [ERROR] Failed to load resource: net::ERR_FILE_NOT_FOUND @ filesystem:https://docs.google.com/persistent/docs/fonts/J7aanpV-BGlaFfdAjAo9zp5gGDAb.woff2:0
[      46ms] [ERROR] Failed to load resource: net::ERR_FILE_NOT_FOUND @ filesystem:https://docs.google.com/persistent/docs/fonts/J7aYnpV-BGlaFfdAhLQgUp5qHxIZrCE.woff2:0
[      46ms] [ERROR] Failed to load resource: net::ERR_FILE_NOT_FOUND @ filesystem:https://docs.google.com/persistent/docs/fonts/QdVUSTchPBm7nuUeVf7EvCtim2w.woff2:0
[    1066ms] [WARNING] An iframe which has both allow-scripts and allow-same-origin for its sandbox attribute can escape its sandboxing. @ https://docs.google.com/drivesharing/clientmodel?id=1W8B-3QIvQGXT9VIwBJ5FYMt9q0yX-qFsZHHbb2lF08s&foreignService=punch&authuser=0&origin=https%3A%2F%2Fdocs.google.com:0
[    3195ms] [ERROR] Failed to load resource: net::ERR_FAILED @ chrome-extension://invalid/:0
[    3354ms] [ERROR] Failed to load resource: net::ERR_FAILED @ chrome-extension://invalid/:0
[    3434ms] [ERROR] Failed to load resource: net::ERR_FAILED @ chrome-extension://invalid/:0
[    3458ms] [ERROR] Failed to load resource: net::ERR_FAILED @ chrome-extension://invalid/:0
