[     273ms] [VERBOSE] [DOM] Password field is not contained in a form: (More info: https://goo.gl/9p2vKq) %o @ https://accounts.google.com/v3/signin/identifier?continue=https%3A%2F%2Fdocs.google.com%2Fpresentation%2Fd%2F10G-k9N_N-0XC8d_LfKRfBqiz3vhLAh5Pl7qkoFzTblU%2Fedit%3Fusp%3Ddrive_link&dsh=S-1792884551%3A1785281367002195&followup=https%3A%2F%2Fdocs.google.com%2Fpresentation%2Fd%2F10G-k9N_N-0XC8d_LfKRfBqiz3vhLAh5Pl7qkoFzTblU%2Fedit%3Fusp%3Ddrive_link&ltmpl=slides&osid=1&passive=1209600&service=wise&flowName=GlifWebSignIn&flowEntry=ServiceLogin&ifkv=Ac50bxu0leQZzDEUPt8P635vFuueuVzuKwY5kUD3phTBWnod6bNGUiwsOFvtp3Ji7aqahP6W_XTd:0
[     277ms] [LOG] %c%s color: red; background: yellow; font-size: 24px; WARNING! @ https://www.gstatic.com/_/mss/boq-identity/_/js/k=boq-identity.AccountsSignInUi.en_US.AK6PB0br1lk.es5.O/am=EQEAAABkoB8yAMj__98AAAQQZDvgPQugCRAyAAAAAAAAAADEAgAANAII/d=1/excm=_b,_tp,identifierview/ed=1/dg=0/wt=2/ujg=1/rs=AOaEmlFFlXp4899vXzyD2DER1NzFJwuVAg/dti=1/m=_b,_tp:551
[     277ms] [LOG] %c%s font-size: 18px; Using this console may allow attackers to impersonate you and steal your information using an attack called Self-XSS.
Do not enter or paste code that you do not understand. @ https://www.gstatic.com/_/mss/boq-identity/_/js/k=boq-identity.AccountsSignInUi.en_US.AK6PB0br1lk.es5.O/am=EQEAAABkoB8yAMj__98AAAQQZDvgPQugCRAyAAAAAAAAAADEAgAANAII/d=1/excm=_b,_tp,identifierview/ed=1/dg=0/wt=2/ujg=1/rs=AOaEmlFFlXp4899vXzyD2DER1NzFJwuVAg/dti=1/m=_b,_tp:551
[    4897ms] [WARNING] Blocked aria-hidden on an element because its descendant retained focus. The focus must not be hidden from assistive technology users. Avoid using aria-hidden on a focused element or its ancestor. Consider using the inert attribute instead, which will also prevent focus. For more details, see the aria-hidden section of the WAI-ARIA specification at https://w3c.github.io/aria/#aria-hidden.
Element with focus: <div.VfPpkd-qNpTzb-P1ekSe VfPpkd-qNpTzb-P1ekSe-OWXEXe-A9y3zc VfPpkd-qNpTzb-P1ekSe-OWXEXe-OiiCO-IhfUye>
Ancestor with aria-hidden: <div.wuMMWb> @ https://accounts.google.com/v3/signin/identifier?continue=https%3A%2F%2Fdocs.google.com%2Fpresentation%2Fd%2F10G-k9N_N-0XC8d_LfKRfBqiz3vhLAh5Pl7qkoFzTblU%2Fedit%3Fusp%3Ddrive_link&dsh=S-1792884551%3A1785281367002195&followup=https%3A%2F%2Fdocs.google.com%2Fpresentation%2Fd%2F10G-k9N_N-0XC8d_LfKRfBqiz3vhLAh5Pl7qkoFzTblU%2Fedit%3Fusp%3Ddrive_link&ltmpl=slides&osid=1&passive=1209600&service=wise&flowName=GlifWebSignIn&flowEntry=ServiceLogin&ifkv=Ac50bxu0leQZzDEUPt8P635vFuueuVzuKwY5kUD3phTBWnod6bNGUiwsOFvtp3Ji7aqahP6W_XTd:0
[   11499ms] [WARNING] <meta name="apple-mobile-web-app-capable" content="yes"> is deprecated. Please include <meta name="mobile-web-app-capable" content="yes"> @ https://salesforce.okta.com/sso/idps/0oa94etsq8S0kxBCB697?stateTokenExternalId=ekZRUmo2TUF5cE5PMGI3RW5yZXlmejdJanZaRERKNTJhcFVPdHFnRDlXQXg3cVVpUHV2bFdZYTk4dTA1L1NqMQ:0
[   19848ms] [WARNING] <meta name="apple-mobile-web-app-capable" content="yes"> is deprecated. Please include <meta name="mobile-web-app-capable" content="yes"> @ https://salesforce.okta.com/login/token/redirect?stateToken=02Ssg7t461bsT6MBSqRelbGjr4chwSj6yORJgakO3o:0
[   21278ms] [LOG] %c%s color: red; background: yellow; font-size: 24px; WARNING! @ https://www.gstatic.com/_/mss/boq-identity/_/js/k=boq-identity.AccountsSignInUi.en_US.AK6PB0br1lk.es5.O/am=EQEAAABkoB8yAMj__98AAAQQZDvgPQugCRAyAAAAAAAAAADEAgAANAII/d=1/excm=_b,_tp,signincontinueview/ed=1/dg=0/wt=2/ujg=1/rs=AOaEmlFFlXp4899vXzyD2DER1NzFJwuVAg/dti=1/m=_b,_tp:551
[   21278ms] [LOG] %c%s font-size: 18px; Using this console may allow attackers to impersonate you and steal your information using an attack called Self-XSS.
Do not enter or paste code that you do not understand. @ https://www.gstatic.com/_/mss/boq-identity/_/js/k=boq-identity.AccountsSignInUi.en_US.AK6PB0br1lk.es5.O/am=EQEAAABkoB8yAMj__98AAAQQZDvgPQugCRAyAAAAAAAAAADEAgAANAII/d=1/excm=_b,_tp,signincontinueview/ed=1/dg=0/wt=2/ujg=1/rs=AOaEmlFFlXp4899vXzyD2DER1NzFJwuVAg/dti=1/m=_b,_tp:551
[   28335ms] [ERROR] Failed to load resource: net::ERR_FILE_NOT_FOUND @ filesystem:https://docs.google.com/persistent/docs/fonts/z7NKdQbpaz0aOeMuNV4msbyQKZD8jtjnI76DG8juSp0.woff2:0
[   28335ms] [ERROR] Failed to load resource: net::ERR_FILE_NOT_FOUND @ filesystem:https://docs.google.com/persistent/docs/fonts/pxiEyp8kv8JHgFVrFJXUdVNF.woff2:0
[   28335ms] [ERROR] Failed to load resource: net::ERR_FILE_NOT_FOUND @ filesystem:https://docs.google.com/persistent/docs/fonts/pxiGyp8kv8JHgFVrJJLecnFHGPc.woff2:0
[   28335ms] [ERROR] Failed to load resource: net::ERR_FILE_NOT_FOUND @ filesystem:https://docs.google.com/persistent/docs/fonts/pxiByp8kv8JHgFVrLCz7V15vEv-L.woff2:0
[   28335ms] [ERROR] Failed to load resource: net::ERR_FILE_NOT_FOUND @ filesystem:https://docs.google.com/persistent/docs/fonts/pxiDyp8kv8JHgFVrJJLmy15lFd2JQEk.woff2:0
[   28335ms] [ERROR] Failed to load resource: net::ERR_FILE_NOT_FOUND @ filesystem:https://docs.google.com/persistent/docs/fonts/FwZc7-Am2FI_-VOxaLDvvq2LoGm8_K8.woff2:0
[   28335ms] [ERROR] Failed to load resource: net::ERR_FILE_NOT_FOUND @ filesystem:https://docs.google.com/persistent/docs/fonts/FwZC7-Am2FI_-VOxaLDvvq27p2O73q3LkQ.woff2:0
[   28335ms] [ERROR] Failed to load resource: net::ERR_FILE_NOT_FOUND @ filesystem:https://docs.google.com/persistent/docs/fonts/FwZD7-Am2FI_-VOxaLDvvq2zGUae8YXBmWI.woff2:0
[   28335ms] [ERROR] Failed to load resource: net::ERR_FILE_NOT_FOUND @ filesystem:https://docs.google.com/persistent/docs/fonts/FwZB7-Am2FI_-VOxaLDvvq27p1sC8Y_Gu2CkOw.woff2:0
[   28383ms] [ERROR] Failed to load resource: net::ERR_FAILED @ chrome-extension://invalid/:0
[   28697ms] [ERROR] Failed to load resource: net::ERR_FILE_NOT_FOUND @ filesystem:https://docs.google.com/persistent/docs/fonts/z7NKdQbpaz0aOeMuNV4msbyQKZD8jtjnI76DG8juSp0.woff2:0
[   28697ms] [ERROR] Failed to load resource: net::ERR_FILE_NOT_FOUND @ filesystem:https://docs.google.com/persistent/docs/fonts/pxiEyp8kv8JHgFVrFJXUdVNF.woff2:0
[   28697ms] [ERROR] Failed to load resource: net::ERR_FILE_NOT_FOUND @ filesystem:https://docs.google.com/persistent/docs/fonts/pxiGyp8kv8JHgFVrJJLecnFHGPc.woff2:0
[   28697ms] [ERROR] Failed to load resource: net::ERR_FILE_NOT_FOUND @ filesystem:https://docs.google.com/persistent/docs/fonts/pxiByp8kv8JHgFVrLCz7V15vEv-L.woff2:0
[   28697ms] [ERROR] Failed to load resource: net::ERR_FILE_NOT_FOUND @ filesystem:https://docs.google.com/persistent/docs/fonts/pxiDyp8kv8JHgFVrJJLmy15lFd2JQEk.woff2:0
[   28697ms] [ERROR] Failed to load resource: net::ERR_FILE_NOT_FOUND @ filesystem:https://docs.google.com/persistent/docs/fonts/FwZc7-Am2FI_-VOxaLDvvq2LoGm8_K8.woff2:0
[   28697ms] [ERROR] Failed to load resource: net::ERR_FILE_NOT_FOUND @ filesystem:https://docs.google.com/persistent/docs/fonts/FwZC7-Am2FI_-VOxaLDvvq27p2O73q3LkQ.woff2:0
[   28697ms] [ERROR] Failed to load resource: net::ERR_FILE_NOT_FOUND @ filesystem:https://docs.google.com/persistent/docs/fonts/FwZD7-Am2FI_-VOxaLDvvq2zGUae8YXBmWI.woff2:0
[   28697ms] [ERROR] Failed to load resource: net::ERR_FILE_NOT_FOUND @ filesystem:https://docs.google.com/persistent/docs/fonts/FwZB7-Am2FI_-VOxaLDvvq27p1sC8Y_Gu2CkOw.woff2:0
[   29095ms] [ERROR] Failed to load resource: the server responded with a status of 403 () @ https://docs.google.com/presentation/d/10G-k9N_N-0XC8d_LfKRfBqiz3vhLAh5Pl7qkoFzTblU/docos/p/sync?sid=24335c50a24de128&vc=0&c=0&w=0&flr=0&smv=9&smb=%5B9%2C%20%5D&token=AJagN6QScCRPuTiRODepijZ1N1fw%3A1785281395572&ouid=108251679328620297324&includes_info_params=1:0
[   29460ms] [WARNING] An iframe which has both allow-scripts and allow-same-origin for its sandbox attribute can escape its sandboxing. @ https://docs.google.com/drivesharing/clientmodel?id=10G-k9N_N-0XC8d_LfKRfBqiz3vhLAh5Pl7qkoFzTblU&foreignService=punch&authuser=0&origin=https%3A%2F%2Fdocs.google.com:0
[   31774ms] [ERROR] Failed to load resource: net::ERR_FAILED @ chrome-extension://invalid/:0
[   31825ms] [ERROR] Failed to load resource: net::ERR_FAILED @ chrome-extension://invalid/:0
[   31834ms] [ERROR] Failed to load resource: net::ERR_FAILED @ chrome-extension://invalid/:0
[   31835ms] [ERROR] Failed to load resource: net::ERR_FAILED @ chrome-extension://invalid/:0
