[     984ms] [WARNING] Failed to create durable storage for cache inclusion policy @ https://storm-e91a8b6775fe1f.lightning.force.com/components/force/ldsEngineCreator.js:208
[     985ms] [WARNING] ComponentProfiler: Component-level profiling has not been enabled. @ https://storm-e91a8b6775fe1f.lightning.force.com/components/instrumentation/componentProfiler.js:0
[    1210ms] [LOG] %cO11Y%c Error color:white;background-color:#FF6600;font-weight:bold color:white;background-color:Crimson {name: Error, message: Unsupported WebVital metrics: [2], stack: Error: Unsupported WebVital metrics: [2]
    at q.…rcU92bkExNC4xOTIuODM4ODYwOA/aura_prod.js:432:183)} {timestamp: 1785284669228.2, rootId: undefined, sequence: 1, schemaSequence: 1, loggerName: WebVitals} @ https://storm-e91a8b6775fe1f.lightning.force.com/components/o11y/client.js:0
[    1226ms] [LOG] %c TELEMETRY %c tuctx  color:#FFF;background-color:#0176D3;font-weight:bold color:#FFF;background-color:#BB6A1F {logName: tuctx, analyticsMode: studio, pageContext: lwr, embeddedInstanceId: undefined, embeddedPageType: undefined} @ https://storm-e91a8b6775fe1f.lightning.force.com/components/analytics_sentry/sentry.js:0
[    1230ms] [LOG] %c TELEMETRY %c tuint  color:#FFF;background-color:#0176D3;font-weight:bold color:#FFF;background-color:#BB6A1F {analyticsMode: studio, logName: tuint, tabId: undefined, baseRoute: undefined, timestamp: 20260729002429.248} @ https://storm-e91a8b6775fe1f.lightning.force.com/components/analytics_sentry/sentry.js:0
[    1231ms] [LOG] %c TELEMETRY %c tuint  color:#FFF;background-color:#0176D3;font-weight:bold color:#FFF;background-color:#BB6A1F {analyticsMode: studio, logName: tuint, tabId: undefined, baseRoute: undefined, timestamp: 20260729002429.249} @ https://storm-e91a8b6775fe1f.lightning.force.com/components/analytics_sentry/sentry.js:0
[    1462ms] [LOG] empApi setting initialized true for : undefined @ https://storm-e91a8b6775fe1f.lightning.force.com/components/force/empApi.js:3
[    1540ms] [LOG] %c TELEMETRY %c tuint  color:#FFF;background-color:#0176D3;font-weight:bold color:#FFF;background-color:#BB6A1F {analyticsMode: studio, logName: tuint, tabId: , baseRoute: HOMEPAGE, timestamp: 20260729002429.558} @ https://storm-e91a8b6775fe1f.lightning.force.com/components/analytics_sentry/sentry.js:0
[    1546ms] [LOG] %c TELEMETRY %c tuint  color:#FFF;background-color:#0176D3;font-weight:bold color:#FFF;background-color:#BB6A1F {analyticsMode: studio, logName: tuint, tabId: , baseRoute: HOMEPAGE, timestamp: 20260729002429.565} @ https://storm-e91a8b6775fe1f.lightning.force.com/components/analytics_sentry/sentry.js:0
[    1769ms] [ERROR] Access to image at 'https://storm-e91a8b6775fe1f.file.force.com/profilephoto/729Id000000XaLd/T' from origin 'https://storm-e91a8b6775fe1f.lightning.force.com' has been blocked by CORS policy: Permission was denied for this request to access the `local` address space. @ https://storm-e91a8b6775fe1f.lightning.force.com/tableau/?tsid=02uId000000L2YS:0
[    1769ms] [ERROR] Failed to load resource: net::ERR_FAILED @ https://storm-e91a8b6775fe1f.file.force.com/profilephoto/729Id000000XaLd/T:0
[    1771ms] [WARNING] <lightning-avatar> Image with src="https://storm-e91a8b6775fe1f.file.force.com/profilephoto/729Id000000XaLd/T" failed to load. @ https://storm-e91a8b6775fe1f.lightning.force.com/components/lightning/avatar.js:0
[    2096ms] [WARNING] Unknown Field: [object Object]. This field or nested fields cannot participate in normalization @ https://storm-e91a8b6775fe1f.lightning.force.com/components/force/ldsAdaptersUiapiGraphql.js:0
[    2096ms] [WARNING] Unknown Field: [object Object]. This field or nested fields cannot participate in normalization @ https://storm-e91a8b6775fe1f.lightning.force.com/components/force/ldsAdaptersUiapiGraphql.js:0
[    2096ms] [WARNING] Unknown Field: [object Object]. This field or nested fields cannot participate in normalization @ https://storm-e91a8b6775fe1f.lightning.force.com/components/force/ldsAdaptersUiapiGraphql.js:0
[    2096ms] [WARNING] Unknown Field: [object Object]. This field or nested fields cannot participate in normalization @ https://storm-e91a8b6775fe1f.lightning.force.com/components/force/ldsAdaptersUiapiGraphql.js:0
[    2097ms] [WARNING] Unknown Field: LastViewedDate. This field or nested fields cannot participate in normalization @ https://storm-e91a8b6775fe1f.lightning.force.com/components/force/ldsAdaptersUiapiGraphql.js:0
[    2097ms] [WARNING] Unknown Field: LastViewedDate. This field or nested fields cannot participate in normalization @ https://storm-e91a8b6775fe1f.lightning.force.com/components/force/ldsAdaptersUiapiGraphql.js:0
[    2097ms] [WARNING] Unknown Field: LastViewedDate. This field or nested fields cannot participate in normalization @ https://storm-e91a8b6775fe1f.lightning.force.com/components/force/ldsAdaptersUiapiGraphql.js:0
[    2097ms] [WARNING] Unknown Field: LastViewedDate. This field or nested fields cannot participate in normalization @ https://storm-e91a8b6775fe1f.lightning.force.com/components/force/ldsAdaptersUiapiGraphql.js:0
[    2817ms] [WARNING] A `lightning-card` with `hide-header` requires `label` to be set. @ https://storm-e91a8b6775fe1f.lightning.force.com/components/interop/card.js:0
[    2819ms] [WARNING] A `lightning-card` with `hide-header` requires `label` to be set. @ https://storm-e91a8b6775fe1f.lightning.force.com/components/interop/card.js:0
[    2820ms] [WARNING] A `lightning-card` with `hide-header` requires `label` to be set. @ https://storm-e91a8b6775fe1f.lightning.force.com/components/interop/card.js:0
[    2821ms] [WARNING] A `lightning-card` with `hide-header` requires `label` to be set. @ https://storm-e91a8b6775fe1f.lightning.force.com/components/interop/card.js:0
[    2822ms] [WARNING] A `lightning-card` with `hide-header` requires `label` to be set. @ https://storm-e91a8b6775fe1f.lightning.force.com/components/interop/card.js:0
[    2822ms] [WARNING] A `lightning-card` with `hide-header` requires `label` to be set. @ https://storm-e91a8b6775fe1f.lightning.force.com/components/interop/card.js:0
[    2822ms] [WARNING] A `lightning-card` with `hide-header` requires `label` to be set. @ https://storm-e91a8b6775fe1f.lightning.force.com/components/interop/card.js:0
[    2822ms] [WARNING] A `lightning-card` with `hide-header` requires `label` to be set. @ https://storm-e91a8b6775fe1f.lightning.force.com/components/interop/card.js:0
[    3704ms] [WARNING] A `lightning-card` with `hide-header` requires `label` to be set. @ https://storm-e91a8b6775fe1f.lightning.force.com/components/interop/card.js:0
[    3705ms] [WARNING] A `lightning-card` with `hide-header` requires `label` to be set. @ https://storm-e91a8b6775fe1f.lightning.force.com/components/interop/card.js:0
[    3705ms] [WARNING] A `lightning-card` with `hide-header` requires `label` to be set. @ https://storm-e91a8b6775fe1f.lightning.force.com/components/interop/card.js:0
[    3705ms] [WARNING] A `lightning-card` with `hide-header` requires `label` to be set. @ https://storm-e91a8b6775fe1f.lightning.force.com/components/interop/card.js:0
[    3706ms] [LOG] %c TELEMETRY %c tuint  color:#FFF;background-color:#0176D3;font-weight:bold color:#FFF;background-color:#BB6A1F {analyticsMode: studio, logName: tuint, tabId: , baseRoute: HOMEPAGE, timestamp: 20260729002429.565} @ https://storm-e91a8b6775fe1f.lightning.force.com/components/analytics_sentry/sentry.js:0
[    3745ms] [LOG] %c TELEMETRY %c tuint  color:#FFF;background-color:#0176D3;font-weight:bold color:#FFF;background-color:#BB6A1F {analyticsMode: studio, logName: tuint, tabId: , baseRoute: HOMEPAGE, timestamp: 20260729002431.764} @ https://storm-e91a8b6775fe1f.lightning.force.com/components/analytics_sentry/sentry.js:0
[    3746ms] [LOG] %c TELEMETRY %c tuper  color:#FFF;background-color:#0176D3;font-weight:bold color:#FFF;background-color:#BB6A1F {logName: tuper, analyticsMode: studio, productArea: HOMEPAGE, baseRoute: HOMEPAGE, objectName: 199f64b7-032b-4340-9242-a48349d3ce4f} @ https://storm-e91a8b6775fe1f.lightning.force.com/components/analytics_sentry/sentry.js:0
[    3746ms] [LOG] %c TELEMETRY %c tuavl  color:#FFF;background-color:#0176D3;font-weight:bold color:#FFF;background-color:#BB6A1F {logName: tuavl, objectName: 199f64b7-032b-4340-9242-a48349d3ce4f, objectType: HOME, parentObjectName: undefined, parentObjectType: undefined} @ https://storm-e91a8b6775fe1f.lightning.force.com/components/analytics_sentry/sentry.js:0
[    3753ms] [ERROR] Access to image at 'https://storm-e91a8b6775fe1f.file.force.com/profilephoto/729Id000000XaLd/T' from origin 'https://storm-e91a8b6775fe1f.lightning.force.com' has been blocked by CORS policy: Permission was denied for this request to access the `local` address space. @ https://storm-e91a8b6775fe1f.lightning.force.com/tableau/?tsid=02uId000000L2YS:0
[    3753ms] [ERROR] Failed to load resource: net::ERR_FAILED @ https://storm-e91a8b6775fe1f.file.force.com/profilephoto/729Id000000XaLd/T:0
[    3761ms] [WARNING] <lightning-avatar> Image with src="https://storm-e91a8b6775fe1f.file.force.com/profilephoto/729Id000000XaLd/T" failed to load. @ https://storm-e91a8b6775fe1f.lightning.force.com/components/lightning/avatar.js:0
[    3761ms] [WARNING] <lightning-avatar> Image with src="https://storm-e91a8b6775fe1f.file.force.com/profilephoto/729Id000000XaLd/T" failed to load. @ https://storm-e91a8b6775fe1f.lightning.force.com/components/lightning/avatar.js:0
[    3761ms] [WARNING] <lightning-avatar> Image with src="https://storm-e91a8b6775fe1f.file.force.com/profilephoto/729Id000000XaLd/T" failed to load. @ https://storm-e91a8b6775fe1f.lightning.force.com/components/lightning/avatar.js:0
[    3761ms] [WARNING] <lightning-avatar> Image with src="https://storm-e91a8b6775fe1f.file.force.com/profilephoto/729Id000000XaLd/T" failed to load. @ https://storm-e91a8b6775fe1f.lightning.force.com/components/lightning/avatar.js:0
[    3761ms] [WARNING] <lightning-avatar> Image with src="https://storm-e91a8b6775fe1f.file.force.com/profilephoto/729Id000000XaLd/T" failed to load. @ https://storm-e91a8b6775fe1f.lightning.force.com/components/lightning/avatar.js:0
[    3761ms] [WARNING] <lightning-avatar> Image with src="https://storm-e91a8b6775fe1f.file.force.com/profilephoto/729Id000000XaLd/T" failed to load. @ https://storm-e91a8b6775fe1f.lightning.force.com/components/lightning/avatar.js:0
[    3762ms] [WARNING] <lightning-avatar> Image with src="https://storm-e91a8b6775fe1f.file.force.com/profilephoto/729Id000000XaLd/T" failed to load. @ https://storm-e91a8b6775fe1f.lightning.force.com/components/lightning/avatar.js:0
[    3762ms] [WARNING] <lightning-avatar> Image with src="https://storm-e91a8b6775fe1f.file.force.com/profilephoto/729Id000000XaLd/T" failed to load. @ https://storm-e91a8b6775fe1f.lightning.force.com/components/lightning/avatar.js:0
[    3762ms] [WARNING] <lightning-avatar> Image with src="https://storm-e91a8b6775fe1f.file.force.com/profilephoto/729Id000000XaLd/T" failed to load. @ https://storm-e91a8b6775fe1f.lightning.force.com/components/lightning/avatar.js:0
[    3762ms] [WARNING] <lightning-avatar> Image with src="https://storm-e91a8b6775fe1f.file.force.com/profilephoto/729Id000000XaLd/T" failed to load. @ https://storm-e91a8b6775fe1f.lightning.force.com/components/lightning/avatar.js:0
[    3762ms] [WARNING] <lightning-avatar> Image with src="https://storm-e91a8b6775fe1f.file.force.com/profilephoto/729Id000000XaLd/T" failed to load. @ https://storm-e91a8b6775fe1f.lightning.force.com/components/lightning/avatar.js:0
[    3762ms] [WARNING] <lightning-avatar> Image with src="https://storm-e91a8b6775fe1f.file.force.com/profilephoto/729Id000000XaLd/T" failed to load. @ https://storm-e91a8b6775fe1f.lightning.force.com/components/lightning/avatar.js:0
[    3762ms] [WARNING] <lightning-avatar> Image with src="https://storm-e91a8b6775fe1f.file.force.com/profilephoto/729Id000000XaLd/T" failed to load. @ https://storm-e91a8b6775fe1f.lightning.force.com/components/lightning/avatar.js:0
[    3762ms] [WARNING] <lightning-avatar> Image with src="https://storm-e91a8b6775fe1f.file.force.com/profilephoto/729Id000000XaLd/T" failed to load. @ https://storm-e91a8b6775fe1f.lightning.force.com/components/lightning/avatar.js:0
[    3762ms] [WARNING] <lightning-avatar> Image with src="https://storm-e91a8b6775fe1f.file.force.com/profilephoto/729Id000000XaLd/T" failed to load. @ https://storm-e91a8b6775fe1f.lightning.force.com/components/lightning/avatar.js:0
[    3762ms] [WARNING] <lightning-avatar> Image with src="https://storm-e91a8b6775fe1f.file.force.com/profilephoto/729Id000000XaLd/T" failed to load. @ https://storm-e91a8b6775fe1f.lightning.force.com/components/lightning/avatar.js:0
[    3762ms] [WARNING] <lightning-avatar> Image with src="https://storm-e91a8b6775fe1f.file.force.com/profilephoto/729Id000000XaLd/T" failed to load. @ https://storm-e91a8b6775fe1f.lightning.force.com/components/lightning/avatar.js:0
[    3762ms] [WARNING] <lightning-avatar> Image with src="https://storm-e91a8b6775fe1f.file.force.com/profilephoto/729Id000000XaLd/T" failed to load. @ https://storm-e91a8b6775fe1f.lightning.force.com/components/lightning/avatar.js:0
[    3762ms] [WARNING] <lightning-avatar> Image with src="https://storm-e91a8b6775fe1f.file.force.com/profilephoto/729Id000000XaLd/T" failed to load. @ https://storm-e91a8b6775fe1f.lightning.force.com/components/lightning/avatar.js:0
[    3763ms] [WARNING] <lightning-avatar> Image with src="https://storm-e91a8b6775fe1f.file.force.com/profilephoto/729Id000000XaLd/T" failed to load. @ https://storm-e91a8b6775fe1f.lightning.force.com/components/lightning/avatar.js:0
[    4778ms] [LOG] {InstrumentationResult :  ( RECEIVED = 4 , SUCCESS -> LOG = 4 , Topic = AILTN )  , TelemetryResponse : ( AsyncResults )O11yInstrumentationResult : O11y Logs successfully processed by instrumentation-processing: Object} @ https://storm-e91a8b6775fe1f.lightning.force.com/libraries/instrumentation/beaconLib.BeaconLibrary.js:43
[    5411ms] [LOG] {InstrumentationResult :  ( RECEIVED = 1 , SUCCESS -> LOG = 1 , Topic = AILTN )  , TelemetryResponse : ( AsyncResults )O11yInstrumentationResult : O11y Logs successfully processed by instrumentation-processing: Object} @ https://storm-e91a8b6775fe1f.lightning.force.com/libraries/instrumentation/beaconLib.BeaconLibrary.js:43
[   11668ms] [LOG] {InstrumentationResult :  (  )  , TelemetryResponse : ( AsyncResults )O11yInstrumentationResult : O11y Logs successfully processed by instrumentation-processing: Object} @ https://storm-e91a8b6775fe1f.lightning.force.com/libraries/instrumentation/beaconLib.BeaconLibrary.js:43
[   80539ms] [LOG] %c TELEMETRY %c tuint  color:#FFF;background-color:#0176D3;font-weight:bold color:#FFF;background-color:#BB6A1F {analyticsMode: studio, logName: tuint, tabId: , baseRoute: WORKSPACE, timestamp: 20260729002548.557} @ https://storm-e91a8b6775fe1f.lightning.force.com/components/analytics_sentry/sentry.js:0
[   80541ms] [LOG] %c TELEMETRY %c tuint  color:#FFF;background-color:#0176D3;font-weight:bold color:#FFF;background-color:#BB6A1F {analyticsMode: studio, logName: tuint, tabId: , baseRoute: WORKSPACE, timestamp: 20260729002548.559} @ https://storm-e91a8b6775fe1f.lightning.force.com/components/analytics_sentry/sentry.js:0
[   80554ms] [LOG] %c TELEMETRY %c tuint  color:#FFF;background-color:#0176D3;font-weight:bold color:#FFF;background-color:#BB6A1F {analyticsMode: studio, logName: tuint, tabId: , baseRoute: WORKSPACE, timestamp: 20260729002548.573} @ https://storm-e91a8b6775fe1f.lightning.force.com/components/analytics_sentry/sentry.js:0
[   81253ms] [WARNING] Unknown Field: [object Object]. This field or nested fields cannot participate in normalization @ https://storm-e91a8b6775fe1f.lightning.force.com/components/force/ldsAdaptersUiapiGraphql.js:0
[   81253ms] [WARNING] Unknown Field: [object Object]. This field or nested fields cannot participate in normalization @ https://storm-e91a8b6775fe1f.lightning.force.com/components/force/ldsAdaptersUiapiGraphql.js:0
[   81253ms] [WARNING] Unknown Field: [object Object]. This field or nested fields cannot participate in normalization @ https://storm-e91a8b6775fe1f.lightning.force.com/components/force/ldsAdaptersUiapiGraphql.js:0
[   81253ms] [WARNING] Unknown Field: [object Object]. This field or nested fields cannot participate in normalization @ https://storm-e91a8b6775fe1f.lightning.force.com/components/force/ldsAdaptersUiapiGraphql.js:0
[   81253ms] [WARNING] Unknown Field: LastViewedDate. This field or nested fields cannot participate in normalization @ https://storm-e91a8b6775fe1f.lightning.force.com/components/force/ldsAdaptersUiapiGraphql.js:0
[   81253ms] [WARNING] Unknown Field: LastViewedDate. This field or nested fields cannot participate in normalization @ https://storm-e91a8b6775fe1f.lightning.force.com/components/force/ldsAdaptersUiapiGraphql.js:0
[   81253ms] [WARNING] Unknown Field: LastViewedDate. This field or nested fields cannot participate in normalization @ https://storm-e91a8b6775fe1f.lightning.force.com/components/force/ldsAdaptersUiapiGraphql.js:0
[   81253ms] [WARNING] Unknown Field: LastViewedDate. This field or nested fields cannot participate in normalization @ https://storm-e91a8b6775fe1f.lightning.force.com/components/force/ldsAdaptersUiapiGraphql.js:0
[   81255ms] [WARNING] A `lightning-card` with `hide-header` requires `label` to be set. @ https://storm-e91a8b6775fe1f.lightning.force.com/components/interop/card.js:0
[   81255ms] [WARNING] A `lightning-card` with `hide-header` requires `label` to be set. @ https://storm-e91a8b6775fe1f.lightning.force.com/components/interop/card.js:0
[   81255ms] [WARNING] A `lightning-card` with `hide-header` requires `label` to be set. @ https://storm-e91a8b6775fe1f.lightning.force.com/components/interop/card.js:0
[   81255ms] [WARNING] A `lightning-card` with `hide-header` requires `label` to be set. @ https://storm-e91a8b6775fe1f.lightning.force.com/components/interop/card.js:0
[   82196ms] [WARNING] Unknown Field: [object Object]. This field or nested fields cannot participate in normalization @ https://storm-e91a8b6775fe1f.lightning.force.com/components/force/ldsAdaptersUiapiGraphql.js:0
[   82196ms] [WARNING] Unknown Field: [object Object]. This field or nested fields cannot participate in normalization @ https://storm-e91a8b6775fe1f.lightning.force.com/components/force/ldsAdaptersUiapiGraphql.js:0
[   82197ms] [WARNING] Unknown Field: [object Object]. This field or nested fields cannot participate in normalization @ https://storm-e91a8b6775fe1f.lightning.force.com/components/force/ldsAdaptersUiapiGraphql.js:0
[   82197ms] [WARNING] Unknown Field: [object Object]. This field or nested fields cannot participate in normalization @ https://storm-e91a8b6775fe1f.lightning.force.com/components/force/ldsAdaptersUiapiGraphql.js:0
[   82198ms] [WARNING] Unknown Field: [object Object]. This field or nested fields cannot participate in normalization @ https://storm-e91a8b6775fe1f.lightning.force.com/components/force/ldsAdaptersUiapiGraphql.js:0
[   82198ms] [WARNING] Unknown Field: [object Object]. This field or nested fields cannot participate in normalization @ https://storm-e91a8b6775fe1f.lightning.force.com/components/force/ldsAdaptersUiapiGraphql.js:0
[   82198ms] [WARNING] Unknown Field: [object Object]. This field or nested fields cannot participate in normalization @ https://storm-e91a8b6775fe1f.lightning.force.com/components/force/ldsAdaptersUiapiGraphql.js:0
[   82198ms] [WARNING] Unknown Field: [object Object]. This field or nested fields cannot participate in normalization @ https://storm-e91a8b6775fe1f.lightning.force.com/components/force/ldsAdaptersUiapiGraphql.js:0
[   82199ms] [WARNING] Unknown Field: [object Object]. This field or nested fields cannot participate in normalization @ https://storm-e91a8b6775fe1f.lightning.force.com/components/force/ldsAdaptersUiapiGraphql.js:0
[   82199ms] [WARNING] Unknown Field: [object Object]. This field or nested fields cannot participate in normalization @ https://storm-e91a8b6775fe1f.lightning.force.com/components/force/ldsAdaptersUiapiGraphql.js:0
[   82199ms] [WARNING] Unknown Field: [object Object]. This field or nested fields cannot participate in normalization @ https://storm-e91a8b6775fe1f.lightning.force.com/components/force/ldsAdaptersUiapiGraphql.js:0
[   82199ms] [WARNING] Unknown Field: [object Object]. This field or nested fields cannot participate in normalization @ https://storm-e91a8b6775fe1f.lightning.force.com/components/force/ldsAdaptersUiapiGraphql.js:0
[   82199ms] [WARNING] Unknown Field: [object Object]. This field or nested fields cannot participate in normalization @ https://storm-e91a8b6775fe1f.lightning.force.com/components/force/ldsAdaptersUiapiGraphql.js:0
[   82199ms] [WARNING] Unknown Field: [object Object]. This field or nested fields cannot participate in normalization @ https://storm-e91a8b6775fe1f.lightning.force.com/components/force/ldsAdaptersUiapiGraphql.js:0
[   82203ms] [WARNING] A `lightning-card` with `hide-header` requires `label` to be set. @ https://storm-e91a8b6775fe1f.lightning.force.com/components/interop/card.js:0
[   82203ms] [WARNING] A `lightning-card` with `hide-header` requires `label` to be set. @ https://storm-e91a8b6775fe1f.lightning.force.com/components/interop/card.js:0
[   82204ms] [WARNING] A `lightning-card` with `hide-header` requires `label` to be set. @ https://storm-e91a8b6775fe1f.lightning.force.com/components/interop/card.js:0
[   82204ms] [WARNING] A `lightning-card` with `hide-header` requires `label` to be set. @ https://storm-e91a8b6775fe1f.lightning.force.com/components/interop/card.js:0
[   82205ms] [WARNING] Unknown Field: [object Object]. This field or nested fields cannot participate in normalization @ https://storm-e91a8b6775fe1f.lightning.force.com/components/force/ldsAdaptersUiapiGraphql.js:0
[   82206ms] [WARNING] Unknown Field: [object Object]. This field or nested fields cannot participate in normalization @ https://storm-e91a8b6775fe1f.lightning.force.com/components/force/ldsAdaptersUiapiGraphql.js:0
[   82206ms] [WARNING] Unknown Field: [object Object]. This field or nested fields cannot participate in normalization @ https://storm-e91a8b6775fe1f.lightning.force.com/components/force/ldsAdaptersUiapiGraphql.js:0
[   82206ms] [WARNING] Unknown Field: [object Object]. This field or nested fields cannot participate in normalization @ https://storm-e91a8b6775fe1f.lightning.force.com/components/force/ldsAdaptersUiapiGraphql.js:0
[   82206ms] [WARNING] Unknown Field: [object Object]. This field or nested fields cannot participate in normalization @ https://storm-e91a8b6775fe1f.lightning.force.com/components/force/ldsAdaptersUiapiGraphql.js:0
[   82206ms] [WARNING] Unknown Field: [object Object]. This field or nested fields cannot participate in normalization @ https://storm-e91a8b6775fe1f.lightning.force.com/components/force/ldsAdaptersUiapiGraphql.js:0
[   82206ms] [WARNING] Unknown Field: [object Object]. This field or nested fields cannot participate in normalization @ https://storm-e91a8b6775fe1f.lightning.force.com/components/force/ldsAdaptersUiapiGraphql.js:0
[   82206ms] [WARNING] Unknown Field: [object Object]. This field or nested fields cannot participate in normalization @ https://storm-e91a8b6775fe1f.lightning.force.com/components/force/ldsAdaptersUiapiGraphql.js:0
[   82207ms] [WARNING] Unknown Field: [object Object]. This field or nested fields cannot participate in normalization @ https://storm-e91a8b6775fe1f.lightning.force.com/components/force/ldsAdaptersUiapiGraphql.js:0
[   82207ms] [WARNING] Unknown Field: [object Object]. This field or nested fields cannot participate in normalization @ https://storm-e91a8b6775fe1f.lightning.force.com/components/force/ldsAdaptersUiapiGraphql.js:0
[   82207ms] [WARNING] Unknown Field: [object Object]. This field or nested fields cannot participate in normalization @ https://storm-e91a8b6775fe1f.lightning.force.com/components/force/ldsAdaptersUiapiGraphql.js:0
[   82207ms] [WARNING] Unknown Field: [object Object]. This field or nested fields cannot participate in normalization @ https://storm-e91a8b6775fe1f.lightning.force.com/components/force/ldsAdaptersUiapiGraphql.js:0
[   82207ms] [WARNING] Unknown Field: [object Object]. This field or nested fields cannot participate in normalization @ https://storm-e91a8b6775fe1f.lightning.force.com/components/force/ldsAdaptersUiapiGraphql.js:0
[   82207ms] [WARNING] Unknown Field: [object Object]. This field or nested fields cannot participate in normalization @ https://storm-e91a8b6775fe1f.lightning.force.com/components/force/ldsAdaptersUiapiGraphql.js:0
[   82210ms] [WARNING] A `lightning-card` with `hide-header` requires `label` to be set. @ https://storm-e91a8b6775fe1f.lightning.force.com/components/interop/card.js:0
[   82210ms] [WARNING] A `lightning-card` with `hide-header` requires `label` to be set. @ https://storm-e91a8b6775fe1f.lightning.force.com/components/interop/card.js:0
[   82210ms] [WARNING] A `lightning-card` with `hide-header` requires `label` to be set. @ https://storm-e91a8b6775fe1f.lightning.force.com/components/interop/card.js:0
[   82211ms] [WARNING] A `lightning-card` with `hide-header` requires `label` to be set. @ https://storm-e91a8b6775fe1f.lightning.force.com/components/interop/card.js:0
[   82228ms] [LOG] %c TELEMETRY %c tuint  color:#FFF;background-color:#0176D3;font-weight:bold color:#FFF;background-color:#BB6A1F {analyticsMode: studio, logName: tuint, tabId: , baseRoute: WORKSPACE, timestamp: 20260729002550.247} @ https://storm-e91a8b6775fe1f.lightning.force.com/components/analytics_sentry/sentry.js:0
[   82229ms] [LOG] %c TELEMETRY %c tuper  color:#FFF;background-color:#0176D3;font-weight:bold color:#FFF;background-color:#BB6A1F {logName: tuper, analyticsMode: studio, productArea: WORKSPACE, baseRoute: WORKSPACE, objectName: nine_entertainment_ad_sales} @ https://storm-e91a8b6775fe1f.lightning.force.com/components/analytics_sentry/sentry.js:0
[   82229ms] [LOG] %c TELEMETRY %c tuavl  color:#FFF;background-color:#0176D3;font-weight:bold color:#FFF;background-color:#BB6A1F {logName: tuavl, objectName: nine_entertainment_ad_sales, objectType: WORKSPACE, parentObjectName: undefined, parentObjectType: undefined} @ https://storm-e91a8b6775fe1f.lightning.force.com/components/analytics_sentry/sentry.js:0
[   82239ms] [ERROR] Access to image at 'https://storm-e91a8b6775fe1f.file.force.com/profilephoto/729Id000000XaLd/T' from origin 'https://storm-e91a8b6775fe1f.lightning.force.com' has been blocked by CORS policy: Permission was denied for this request to access the `local` address space. @ https://storm-e91a8b6775fe1f.lightning.force.com/tableau/workspace/nine_entertainment_ad_sales:0
[   82240ms] [ERROR] Failed to load resource: net::ERR_FAILED @ https://storm-e91a8b6775fe1f.file.force.com/profilephoto/729Id000000XaLd/T:0
[   82242ms] [WARNING] <lightning-avatar> Image with src="https://storm-e91a8b6775fe1f.file.force.com/profilephoto/729Id000000XaLd/T" failed to load. @ https://storm-e91a8b6775fe1f.lightning.force.com/components/lightning/avatar.js:0
[   82242ms] [WARNING] <lightning-avatar> Image with src="https://storm-e91a8b6775fe1f.file.force.com/profilephoto/729Id000000XaLd/T" failed to load. @ https://storm-e91a8b6775fe1f.lightning.force.com/components/lightning/avatar.js:0
[   82242ms] [WARNING] <lightning-avatar> Image with src="https://storm-e91a8b6775fe1f.file.force.com/profilephoto/729Id000000XaLd/T" failed to load. @ https://storm-e91a8b6775fe1f.lightning.force.com/components/lightning/avatar.js:0
[   82242ms] [WARNING] <lightning-avatar> Image with src="https://storm-e91a8b6775fe1f.file.force.com/profilephoto/729Id000000XaLd/T" failed to load. @ https://storm-e91a8b6775fe1f.lightning.force.com/components/lightning/avatar.js:0
[   82245ms] [WARNING] <lightning-avatar> Image with src="https://storm-e91a8b6775fe1f.file.force.com/profilephoto/729Id000000XaLd/T" failed to load. @ https://storm-e91a8b6775fe1f.lightning.force.com/components/lightning/avatar.js:0
[   82245ms] [WARNING] <lightning-avatar> Image with src="https://storm-e91a8b6775fe1f.file.force.com/profilephoto/729Id000000XaLd/T" failed to load. @ https://storm-e91a8b6775fe1f.lightning.force.com/components/lightning/avatar.js:0
[   82245ms] [WARNING] <lightning-avatar> Image with src="https://storm-e91a8b6775fe1f.file.force.com/profilephoto/729Id000000XaLd/T" failed to load. @ https://storm-e91a8b6775fe1f.lightning.force.com/components/lightning/avatar.js:0
[   82245ms] [WARNING] <lightning-avatar> Image with src="https://storm-e91a8b6775fe1f.file.force.com/profilephoto/729Id000000XaLd/T" failed to load. @ https://storm-e91a8b6775fe1f.lightning.force.com/components/lightning/avatar.js:0
[   82245ms] [WARNING] <lightning-avatar> Image with src="https://storm-e91a8b6775fe1f.file.force.com/profilephoto/729Id000000XaLd/T" failed to load. @ https://storm-e91a8b6775fe1f.lightning.force.com/components/lightning/avatar.js:0
[   82245ms] [WARNING] <lightning-avatar> Image with src="https://storm-e91a8b6775fe1f.file.force.com/profilephoto/729Id000000XaLd/T" failed to load. @ https://storm-e91a8b6775fe1f.lightning.force.com/components/lightning/avatar.js:0
[   82245ms] [WARNING] <lightning-avatar> Image with src="https://storm-e91a8b6775fe1f.file.force.com/profilephoto/729Id000000XaLd/T" failed to load. @ https://storm-e91a8b6775fe1f.lightning.force.com/components/lightning/avatar.js:0
[   82245ms] [WARNING] <lightning-avatar> Image with src="https://storm-e91a8b6775fe1f.file.force.com/profilephoto/729Id000000XaLd/T" failed to load. @ https://storm-e91a8b6775fe1f.lightning.force.com/components/lightning/avatar.js:0
[   82246ms] [WARNING] <lightning-avatar> Image with src="https://storm-e91a8b6775fe1f.file.force.com/profilephoto/729Id000000XaLd/T" failed to load. @ https://storm-e91a8b6775fe1f.lightning.force.com/components/lightning/avatar.js:0
[   82246ms] [WARNING] <lightning-avatar> Image with src="https://storm-e91a8b6775fe1f.file.force.com/profilephoto/729Id000000XaLd/T" failed to load. @ https://storm-e91a8b6775fe1f.lightning.force.com/components/lightning/avatar.js:0
[   82488ms] [LOG] {InstrumentationResult :  (  )  , TelemetryResponse : ( AsyncResults )O11yInstrumentationResult : O11y Logs successfully processed by instrumentation-processing: Object} @ https://storm-e91a8b6775fe1f.lightning.force.com/libraries/instrumentation/beaconLib.BeaconLibrary.js:43
[   82720ms] [LOG] {InstrumentationResult :  ( RECEIVED = 1 , SUCCESS -> LOG = 1 , Topic = AILTN )  , TelemetryResponse : ( AsyncResults )O11yInstrumentationResult : O11y Logs successfully processed by instrumentation-processing: Object} @ https://storm-e91a8b6775fe1f.lightning.force.com/libraries/instrumentation/beaconLib.BeaconLibrary.js:43
[   84959ms] [LOG] {InstrumentationResult :  (  )  , TelemetryResponse : ( AsyncResults ): Object} @ https://storm-e91a8b6775fe1f.lightning.force.com/libraries/instrumentation/beaconLib.BeaconLibrary.js:43
[   85187ms] [LOG] {InstrumentationResult :  (  )  , TelemetryResponse : ( AsyncResults ): Object} @ https://storm-e91a8b6775fe1f.lightning.force.com/libraries/instrumentation/beaconLib.BeaconLibrary.js:43
[   90695ms] [LOG] %c TELEMETRY %c tuint  color:#FFF;background-color:#0176D3;font-weight:bold color:#FFF;background-color:#BB6A1F {analyticsMode: studio, logName: tuint, tabId: , baseRoute: DASHBOARD, timestamp: 20260729002558.713} @ https://storm-e91a8b6775fe1f.lightning.force.com/components/analytics_sentry/sentry.js:0
[   91394ms] [ERROR] Unexpected keys "createdBy", "createdDate", "customViews", "lastModifiedBy", "sourceVersion", "url" found in preloadedState argument passed to createStore. Expected to find one of the known reducer keys instead: "backgroundSource", "customConfig", "id", "name", "label", "permissions", "description", "style", "widgets", "layouts", "lastModifiedDate", "workspaceIdOrApiName". Unexpected keys will be ignored. @ webpack://analytics-dependencies/../../node_modules/redux/dist/redux.mjs?:241
[   91426ms] [LOG] %c TELEMETRY %c tuint  color:#FFF;background-color:#0176D3;font-weight:bold color:#FFF;background-color:#BB6A1F {analyticsMode: studio, logName: tuint, tabId: , baseRoute: DASHBOARD, timestamp: 20260729002559.445} @ https://storm-e91a8b6775fe1f.lightning.force.com/components/analytics_sentry/sentry.js:0
[   91427ms] [LOG] %c TELEMETRY %c tuint  color:#FFF;background-color:#0176D3;font-weight:bold color:#FFF;background-color:#BB6A1F {analyticsMode: studio, logName: tuint, tabId: , baseRoute: DASHBOARD, timestamp: 20260729002559.445} @ https://storm-e91a8b6775fe1f.lightning.force.com/components/analytics_sentry/sentry.js:0
[   91432ms] [LOG] %c TELEMETRY %c tuint  color:#FFF;background-color:#0176D3;font-weight:bold color:#FFF;background-color:#BB6A1F {analyticsMode: studio, logName: tuint, tabId: , baseRoute: DASHBOARD, timestamp: 20260729002559.450} @ https://storm-e91a8b6775fe1f.lightning.force.com/components/analytics_sentry/sentry.js:0
[   91444ms] [LOG] %c TELEMETRY %c tuint  color:#FFF;background-color:#0176D3;font-weight:bold color:#FFF;background-color:#BB6A1F {analyticsMode: studio, logName: tuint, tabId: , baseRoute: DASHBOARD, timestamp: 20260729002559.462} @ https://storm-e91a8b6775fe1f.lightning.force.com/components/analytics_sentry/sentry.js:0
[   91444ms] [LOG] %c TELEMETRY %c tuint  color:#FFF;background-color:#0176D3;font-weight:bold color:#FFF;background-color:#BB6A1F {analyticsMode: studio, logName: tuint, tabId: , baseRoute: DASHBOARD, timestamp: 20260729002559.463} @ https://storm-e91a8b6775fe1f.lightning.force.com/components/analytics_sentry/sentry.js:0
[   91449ms] [LOG] %c TELEMETRY %c tuint  color:#FFF;background-color:#0176D3;font-weight:bold color:#FFF;background-color:#BB6A1F {analyticsMode: studio, logName: tuint, tabId: , baseRoute: DASHBOARD, timestamp: 20260729002559.467} @ https://storm-e91a8b6775fe1f.lightning.force.com/components/analytics_sentry/sentry.js:0
[   91449ms] [LOG] %c TELEMETRY %c tuint  color:#FFF;background-color:#0176D3;font-weight:bold color:#FFF;background-color:#BB6A1F {analyticsMode: studio, logName: tuint, tabId: , baseRoute: DASHBOARD, timestamp: 20260729002559.468} @ https://storm-e91a8b6775fe1f.lightning.force.com/components/analytics_sentry/sentry.js:0
[   91450ms] [LOG] %c TELEMETRY %c tuint  color:#FFF;background-color:#0176D3;font-weight:bold color:#FFF;background-color:#BB6A1F {analyticsMode: studio, logName: tuint, tabId: , baseRoute: DASHBOARD, timestamp: 20260729002559.468} @ https://storm-e91a8b6775fe1f.lightning.force.com/components/analytics_sentry/sentry.js:0
[   91458ms] [LOG] %c TELEMETRY %c tuint  color:#FFF;background-color:#0176D3;font-weight:bold color:#FFF;background-color:#BB6A1F {analyticsMode: studio, logName: tuint, tabId: , baseRoute: DASHBOARD, timestamp: 20260729002559.476} @ https://storm-e91a8b6775fe1f.lightning.force.com/components/analytics_sentry/sentry.js:0
[   91458ms] [LOG] %c TELEMETRY %c tuint  color:#FFF;background-color:#0176D3;font-weight:bold color:#FFF;background-color:#BB6A1F {analyticsMode: studio, logName: tuint, tabId: , baseRoute: DASHBOARD, timestamp: 20260729002559.476} @ https://storm-e91a8b6775fe1f.lightning.force.com/components/analytics_sentry/sentry.js:0
[   91463ms] [LOG] %c TELEMETRY %c tuint  color:#FFF;background-color:#0176D3;font-weight:bold color:#FFF;background-color:#BB6A1F {analyticsMode: studio, logName: tuint, tabId: , baseRoute: DASHBOARD, timestamp: 20260729002559.481} @ https://storm-e91a8b6775fe1f.lightning.force.com/components/analytics_sentry/sentry.js:0
[   91463ms] [LOG] %c TELEMETRY %c tuint  color:#FFF;background-color:#0176D3;font-weight:bold color:#FFF;background-color:#BB6A1F {analyticsMode: studio, logName: tuint, tabId: , baseRoute: DASHBOARD, timestamp: 20260729002559.482} @ https://storm-e91a8b6775fe1f.lightning.force.com/components/analytics_sentry/sentry.js:0
[   91469ms] [LOG] %c TELEMETRY %c tuint  color:#FFF;background-color:#0176D3;font-weight:bold color:#FFF;background-color:#BB6A1F {analyticsMode: studio, logName: tuint, tabId: , baseRoute: DASHBOARD, timestamp: 20260729002559.488} @ https://storm-e91a8b6775fe1f.lightning.force.com/components/analytics_sentry/sentry.js:0
[   91470ms] [LOG] %c TELEMETRY %c tuint  color:#FFF;background-color:#0176D3;font-weight:bold color:#FFF;background-color:#BB6A1F {analyticsMode: studio, logName: tuint, tabId: , baseRoute: DASHBOARD, timestamp: 20260729002559.488} @ https://storm-e91a8b6775fe1f.lightning.force.com/components/analytics_sentry/sentry.js:0
[   91471ms] [LOG] %c TELEMETRY %c tuint  color:#FFF;background-color:#0176D3;font-weight:bold color:#FFF;background-color:#BB6A1F {analyticsMode: studio, logName: tuint, tabId: , baseRoute: DASHBOARD, timestamp: 20260729002559.489} @ https://storm-e91a8b6775fe1f.lightning.force.com/components/analytics_sentry/sentry.js:0
[   91471ms] [LOG] %c TELEMETRY %c tuint  color:#FFF;background-color:#0176D3;font-weight:bold color:#FFF;background-color:#BB6A1F {analyticsMode: studio, logName: tuint, tabId: , baseRoute: DASHBOARD, timestamp: 20260729002559.490} @ https://storm-e91a8b6775fe1f.lightning.force.com/components/analytics_sentry/sentry.js:0
[   91472ms] [LOG] %c TELEMETRY %c tuint  color:#FFF;background-color:#0176D3;font-weight:bold color:#FFF;background-color:#BB6A1F {analyticsMode: studio, logName: tuint, tabId: , baseRoute: DASHBOARD, timestamp: 20260729002559.490} @ https://storm-e91a8b6775fe1f.lightning.force.com/components/analytics_sentry/sentry.js:0
[   91472ms] [LOG] %c TELEMETRY %c tuint  color:#FFF;background-color:#0176D3;font-weight:bold color:#FFF;background-color:#BB6A1F {analyticsMode: studio, logName: tuint, tabId: , baseRoute: DASHBOARD, timestamp: 20260729002559.490} @ https://storm-e91a8b6775fe1f.lightning.force.com/components/analytics_sentry/sentry.js:0
[   91475ms] [LOG] %c TELEMETRY %c tuint  color:#FFF;background-color:#0176D3;font-weight:bold color:#FFF;background-color:#BB6A1F {analyticsMode: studio, logName: tuint, tabId: , baseRoute: DASHBOARD, timestamp: 20260729002559.493} @ https://storm-e91a8b6775fe1f.lightning.force.com/components/analytics_sentry/sentry.js:0
[   91720ms] [WARNING] Unknown Field: [object Object]. This field or nested fields cannot participate in normalization @ https://storm-e91a8b6775fe1f.lightning.force.com/components/force/ldsAdaptersUiapiGraphql.js:0
[   91721ms] [WARNING] Unknown Field: [object Object]. This field or nested fields cannot participate in normalization @ https://storm-e91a8b6775fe1f.lightning.force.com/components/force/ldsAdaptersUiapiGraphql.js:0
[   91721ms] [WARNING] Unknown Field: [object Object]. This field or nested fields cannot participate in normalization @ https://storm-e91a8b6775fe1f.lightning.force.com/components/force/ldsAdaptersUiapiGraphql.js:0
[   91721ms] [WARNING] Unknown Field: [object Object]. This field or nested fields cannot participate in normalization @ https://storm-e91a8b6775fe1f.lightning.force.com/components/force/ldsAdaptersUiapiGraphql.js:0
[   91721ms] [WARNING] Unknown Field: LastViewedDate. This field or nested fields cannot participate in normalization @ https://storm-e91a8b6775fe1f.lightning.force.com/components/force/ldsAdaptersUiapiGraphql.js:0
[   91721ms] [WARNING] Unknown Field: LastViewedDate. This field or nested fields cannot participate in normalization @ https://storm-e91a8b6775fe1f.lightning.force.com/components/force/ldsAdaptersUiapiGraphql.js:0
[   91721ms] [WARNING] Unknown Field: LastViewedDate. This field or nested fields cannot participate in normalization @ https://storm-e91a8b6775fe1f.lightning.force.com/components/force/ldsAdaptersUiapiGraphql.js:0
[   91721ms] [WARNING] Unknown Field: LastViewedDate. This field or nested fields cannot participate in normalization @ https://storm-e91a8b6775fe1f.lightning.force.com/components/force/ldsAdaptersUiapiGraphql.js:0
[   92012ms] [WARNING] A `lightning-card` with `hide-header` requires `label` to be set. @ https://storm-e91a8b6775fe1f.lightning.force.com/components/interop/card.js:0
[   92013ms] [WARNING] A `lightning-card` with `hide-header` requires `label` to be set. @ https://storm-e91a8b6775fe1f.lightning.force.com/components/interop/card.js:0
[   92013ms] [WARNING] A `lightning-card` with `hide-header` requires `label` to be set. @ https://storm-e91a8b6775fe1f.lightning.force.com/components/interop/card.js:0
[   92014ms] [WARNING] A `lightning-card` with `hide-header` requires `label` to be set. @ https://storm-e91a8b6775fe1f.lightning.force.com/components/interop/card.js:0
[   92014ms] [WARNING] A `lightning-card` with `hide-header` requires `label` to be set. @ https://storm-e91a8b6775fe1f.lightning.force.com/components/interop/card.js:0
[   92052ms] [ERROR] Access to fetch at 'https://api.salesforce.com/analytics/insights/v2/bundle' from origin 'https://storm-e91a8b6775fe1f.lightning.force.com' has been blocked by CORS policy: Permission was denied for this request to access the `local` address space. @ https://storm-e91a8b6775fe1f.lightning.force.com/tableau/dashboard/nine_entertainment_ad_sales_dashboard/view:0
[   92052ms] [ERROR] Failed to load resource: net::ERR_FAILED @ https://api.salesforce.com/analytics/insights/v2/bundle:0
[   92053ms] [LOG] %cO11Y%c Error color:white;background-color:#FF6600;font-weight:bold color:white;background-color:Crimson {name: TypeError, message: Failed to fetch, stack: TypeError: Failed to fetch
    at g._global.fetch …com/components/force/ldsEngineCreator.js:183:524), activityId: c9ca90be3d05110b} {timestamp: 1785284760070.5999, rootId: d38b5539fdbd9292, sequence: 81, schemaSequence: 2, loggerName: Network} @ https://storm-e91a8b6775fe1f.lightning.force.com/components/o11y/client.js:0
[   92053ms] [LOG] %c TELEMETRY %c tuint  color:#FFF;background-color:#0176D3;font-weight:bold color:#FFF;background-color:#BB6A1F {analyticsMode: studio, logName: tuint, tabId: , baseRoute: DASHBOARD, timestamp: 20260729002559.477} @ https://storm-e91a8b6775fe1f.lightning.force.com/components/analytics_sentry/sentry.js:0
[   92054ms] [LOG] %c TELEMETRY %c tuerr  color:#FFF;background-color:#0176D3;font-weight:bold color:#FFF;background-color:#BB6A1F {logName: tuerr, reason: Failed to generate insights. Failed to fetch, productArea: PULSE, stack: Error
    at mi.setError (https://storm-e91a8b6775…nalytics_business_user/embeddedMetric.js:1:47780), interactionId: ms5cg8mt-vrh9ou} @ https://storm-e91a8b6775fe1f.lightning.force.com/components/analytics_sentry/sentry.js:0
[   92054ms] [LOG] %c TELEMETRY %c LOGGING_ONLY  color:#FFF;background-color:#0176D3;font-weight:bold color:#FFF;background-color:#A52A2A Error: Failed to generate insights. Failed to fetch
    at mi.setError (https://storm-e91a8b6775fe1f.lightning.force.com/components/analytics_business_user/embeddedMetric.js:1:33456)
    at eval (https://storm-e91a8b6775fe1f.lightning.force.com/components/analytics_business_user/embeddedMetric.js:1:47780) @ https://storm-e91a8b6775fe1f.lightning.force.com/components/analytics_sentry/sentry.js:0
[   92054ms] [LOG] %c TELEMETRY %c tuavl  color:#FFF;background-color:#0176D3;font-weight:bold color:#FFF;background-color:#BB6A1F {logName: tuavl, objectName: delivery_variance_pct_md, objectType: METRIC, parentObjectName: nine_entertainment_ad_sales_dashboard, parentObjectType: DASHBOARD} @ https://storm-e91a8b6775fe1f.lightning.force.com/components/analytics_sentry/sentry.js:0
[   92055ms] [LOG] %c TELEMETRY %c tuerr  color:#FFF;background-color:#0176D3;font-weight:bold color:#FFF;background-color:#BB6A1F {logName: tuerr, reason: Failed to fetch, productArea: PULSE, stack: TypeError: Failed to fetch
    at g._global.fetch …com/components/force/ldsEngineCreator.js:183:524), interactionId: ms5cg8mt-vrh9ou} @ https://storm-e91a8b6775fe1f.lightning.force.com/components/analytics_sentry/sentry.js:0
[   92055ms] [LOG] %c TELEMETRY %c SEVERE  color:#FFF;background-color:#0176D3;font-weight:bold color:#FFF;background-color:#A52A2A TypeError: Failed to fetch
    at g._global.fetch (https://storm-e91a8b6775fe1f.lightning.force.com/components/o11y/client.js:1:14533)
    at eval (https://storm-e91a8b6775fe1f.lightning.force.com/components/force/ldsEngineCreator.js:183:524) @ https://storm-e91a8b6775fe1f.lightning.force.com/components/analytics_sentry/sentry.js:0
[   92059ms] [ERROR] Access to fetch at 'https://api.salesforce.com/analytics/insights/v2/bundle' from origin 'https://storm-e91a8b6775fe1f.lightning.force.com' has been blocked by CORS policy: Permission was denied for this request to access the `local` address space. @ https://storm-e91a8b6775fe1f.lightning.force.com/tableau/dashboard/nine_entertainment_ad_sales_dashboard/view:0
[   92059ms] [ERROR] Failed to load resource: net::ERR_FAILED @ https://api.salesforce.com/analytics/insights/v2/bundle:0
[   92059ms] [LOG] %cO11Y%c Error color:white;background-color:#FF6600;font-weight:bold color:white;background-color:Crimson {name: TypeError, message: Failed to fetch, stack: TypeError: Failed to fetch
    at g._global.fetch …com/components/force/ldsEngineCreator.js:183:524), activityId: 495dd47550734381} {timestamp: 1785284760077.2, rootId: d38b5539fdbd9292, sequence: 82, schemaSequence: 3, loggerName: Network} @ https://storm-e91a8b6775fe1f.lightning.force.com/components/o11y/client.js:0
[   92059ms] [LOG] %c TELEMETRY %c tuint  color:#FFF;background-color:#0176D3;font-weight:bold color:#FFF;background-color:#BB6A1F {analyticsMode: studio, logName: tuint, tabId: , baseRoute: DASHBOARD, timestamp: 20260729002559.489} @ https://storm-e91a8b6775fe1f.lightning.force.com/components/analytics_sentry/sentry.js:0
[   92060ms] [LOG] %c TELEMETRY %c tuerr  color:#FFF;background-color:#0176D3;font-weight:bold color:#FFF;background-color:#BB6A1F {logName: tuerr, reason: Failed to generate insights. Failed to fetch, productArea: PULSE, stack: Error
    at mi.setError (https://storm-e91a8b6775…nalytics_business_user/embeddedMetric.js:1:47780), interactionId: ms5cg8n5-argert} @ https://storm-e91a8b6775fe1f.lightning.force.com/components/analytics_sentry/sentry.js:0
[   92060ms] [LOG] %c TELEMETRY %c LOGGING_ONLY  color:#FFF;background-color:#0176D3;font-weight:bold color:#FFF;background-color:#A52A2A Error: Failed to generate insights. Failed to fetch
    at mi.setError (https://storm-e91a8b6775fe1f.lightning.force.com/components/analytics_business_user/embeddedMetric.js:1:33456)
    at eval (https://storm-e91a8b6775fe1f.lightning.force.com/components/analytics_business_user/embeddedMetric.js:1:47780) @ https://storm-e91a8b6775fe1f.lightning.force.com/components/analytics_sentry/sentry.js:0
[   92060ms] [LOG] %c TELEMETRY %c tuavl  color:#FFF;background-color:#0176D3;font-weight:bold color:#FFF;background-color:#BB6A1F {logName: tuavl, objectName: delivered_revenue_md, objectType: METRIC, parentObjectName: nine_entertainment_ad_sales_dashboard, parentObjectType: DASHBOARD} @ https://storm-e91a8b6775fe1f.lightning.force.com/components/analytics_sentry/sentry.js:0
[   92060ms] [LOG] %c TELEMETRY %c tuerr  color:#FFF;background-color:#0176D3;font-weight:bold color:#FFF;background-color:#BB6A1F {logName: tuerr, reason: Failed to fetch, productArea: PULSE, stack: TypeError: Failed to fetch
    at g._global.fetch …com/components/force/ldsEngineCreator.js:183:524), interactionId: ms5cg8n5-argert} @ https://storm-e91a8b6775fe1f.lightning.force.com/components/analytics_sentry/sentry.js:0
[   92060ms] [LOG] %c TELEMETRY %c SEVERE  color:#FFF;background-color:#0176D3;font-weight:bold color:#FFF;background-color:#A52A2A TypeError: Failed to fetch
    at g._global.fetch (https://storm-e91a8b6775fe1f.lightning.force.com/components/o11y/client.js:1:14533)
    at eval (https://storm-e91a8b6775fe1f.lightning.force.com/components/force/ldsEngineCreator.js:183:524) @ https://storm-e91a8b6775fe1f.lightning.force.com/components/analytics_sentry/sentry.js:0
[   92062ms] [ERROR] Access to fetch at 'https://api.salesforce.com/analytics/insights/v2/bundle' from origin 'https://storm-e91a8b6775fe1f.lightning.force.com' has been blocked by CORS policy: Permission was denied for this request to access the `local` address space. @ https://storm-e91a8b6775fe1f.lightning.force.com/tableau/dashboard/nine_entertainment_ad_sales_dashboard/view:0
[   92062ms] [ERROR] Failed to load resource: net::ERR_FAILED @ https://api.salesforce.com/analytics/insights/v2/bundle:0
[   92062ms] [LOG] %cO11Y%c Error color:white;background-color:#FF6600;font-weight:bold color:white;background-color:Crimson {name: TypeError, message: Failed to fetch, stack: TypeError: Failed to fetch
    at g._global.fetch …com/components/force/ldsEngineCreator.js:183:524), activityId: 1d33af7e6a3e5678} {timestamp: 1785284760080.5, rootId: d38b5539fdbd9292, sequence: 85, schemaSequence: 4, loggerName: Network} @ https://storm-e91a8b6775fe1f.lightning.force.com/components/o11y/client.js:0
[   92062ms] [LOG] %c TELEMETRY %c tuint  color:#FFF;background-color:#0176D3;font-weight:bold color:#FFF;background-color:#BB6A1F {analyticsMode: studio, logName: tuint, tabId: , baseRoute: DASHBOARD, timestamp: 20260729002559.491} @ https://storm-e91a8b6775fe1f.lightning.force.com/components/analytics_sentry/sentry.js:0
[   92063ms] [LOG] %c TELEMETRY %c tuerr  color:#FFF;background-color:#0176D3;font-weight:bold color:#FFF;background-color:#BB6A1F {logName: tuerr, reason: Failed to generate insights. Failed to fetch, productArea: PULSE, stack: Error
    at mi.setError (https://storm-e91a8b6775…nalytics_business_user/embeddedMetric.js:1:47780), interactionId: ms5cg8n7-zpk5qe} @ https://storm-e91a8b6775fe1f.lightning.force.com/components/analytics_sentry/sentry.js:0
[   92063ms] [LOG] %c TELEMETRY %c LOGGING_ONLY  color:#FFF;background-color:#0176D3;font-weight:bold color:#FFF;background-color:#A52A2A Error: Failed to generate insights. Failed to fetch
    at mi.setError (https://storm-e91a8b6775fe1f.lightning.force.com/components/analytics_business_user/embeddedMetric.js:1:33456)
    at eval (https://storm-e91a8b6775fe1f.lightning.force.com/components/analytics_business_user/embeddedMetric.js:1:47780) @ https://storm-e91a8b6775fe1f.lightning.force.com/components/analytics_sentry/sentry.js:0
[   92063ms] [LOG] %c TELEMETRY %c tuavl  color:#FFF;background-color:#0176D3;font-weight:bold color:#FFF;background-color:#BB6A1F {logName: tuavl, objectName: fill_rate_md, objectType: METRIC, parentObjectName: nine_entertainment_ad_sales_dashboard, parentObjectType: DASHBOARD} @ https://storm-e91a8b6775fe1f.lightning.force.com/components/analytics_sentry/sentry.js:0
[   92063ms] [LOG] %c TELEMETRY %c tuerr  color:#FFF;background-color:#0176D3;font-weight:bold color:#FFF;background-color:#BB6A1F {logName: tuerr, reason: Failed to fetch, productArea: PULSE, stack: TypeError: Failed to fetch
    at g._global.fetch …com/components/force/ldsEngineCreator.js:183:524), interactionId: ms5cg8n7-zpk5qe} @ https://storm-e91a8b6775fe1f.lightning.force.com/components/analytics_sentry/sentry.js:0
[   92063ms] [LOG] %c TELEMETRY %c SEVERE  color:#FFF;background-color:#0176D3;font-weight:bold color:#FFF;background-color:#A52A2A TypeError: Failed to fetch
    at g._global.fetch (https://storm-e91a8b6775fe1f.lightning.force.com/components/o11y/client.js:1:14533)
    at eval (https://storm-e91a8b6775fe1f.lightning.force.com/components/force/ldsEngineCreator.js:183:524) @ https://storm-e91a8b6775fe1f.lightning.force.com/components/analytics_sentry/sentry.js:0
[   92065ms] [ERROR] Access to fetch at 'https://api.salesforce.com/analytics/insights/v2/bundle' from origin 'https://storm-e91a8b6775fe1f.lightning.force.com' has been blocked by CORS policy: Permission was denied for this request to access the `local` address space. @ https://storm-e91a8b6775fe1f.lightning.force.com/tableau/dashboard/nine_entertainment_ad_sales_dashboard/view:0
[   92065ms] [ERROR] Failed to load resource: net::ERR_FAILED @ https://api.salesforce.com/analytics/insights/v2/bundle:0
[   92065ms] [LOG] %cO11Y%c Error color:white;background-color:#FF6600;font-weight:bold color:white;background-color:Crimson {name: TypeError, message: Failed to fetch, stack: TypeError: Failed to fetch
    at g._global.fetch …com/components/force/ldsEngineCreator.js:183:524), activityId: 69cd0dad5a9ac5db} {timestamp: 1785284760083, rootId: d38b5539fdbd9292, sequence: 86, schemaSequence: 5, loggerName: Network} @ https://storm-e91a8b6775fe1f.lightning.force.com/components/o11y/client.js:0
[   92065ms] [LOG] %c TELEMETRY %c tuint  color:#FFF;background-color:#0176D3;font-weight:bold color:#FFF;background-color:#BB6A1F {analyticsMode: studio, logName: tuint, tabId: , baseRoute: DASHBOARD, timestamp: 20260729002559.465} @ https://storm-e91a8b6775fe1f.lightning.force.com/components/analytics_sentry/sentry.js:0
[   92065ms] [LOG] %c TELEMETRY %c tuerr  color:#FFF;background-color:#0176D3;font-weight:bold color:#FFF;background-color:#BB6A1F {logName: tuerr, reason: Failed to generate insights. Failed to fetch, productArea: PULSE, stack: Error
    at mi.setError (https://storm-e91a8b6775…nalytics_business_user/embeddedMetric.js:1:47780), interactionId: ms5cg8mh-4hozov} @ https://storm-e91a8b6775fe1f.lightning.force.com/components/analytics_sentry/sentry.js:0
[   92065ms] [LOG] %c TELEMETRY %c LOGGING_ONLY  color:#FFF;background-color:#0176D3;font-weight:bold color:#FFF;background-color:#A52A2A Error: Failed to generate insights. Failed to fetch
    at mi.setError (https://storm-e91a8b6775fe1f.lightning.force.com/components/analytics_business_user/embeddedMetric.js:1:33456)
    at eval (https://storm-e91a8b6775fe1f.lightning.force.com/components/analytics_business_user/embeddedMetric.js:1:47780) @ https://storm-e91a8b6775fe1f.lightning.force.com/components/analytics_sentry/sentry.js:0
[   92065ms] [LOG] %c TELEMETRY %c tuavl  color:#FFF;background-color:#0176D3;font-weight:bold color:#FFF;background-color:#BB6A1F {logName: tuavl, objectName: booked_revenue_md, objectType: METRIC, parentObjectName: nine_entertainment_ad_sales_dashboard, parentObjectType: DASHBOARD} @ https://storm-e91a8b6775fe1f.lightning.force.com/components/analytics_sentry/sentry.js:0
[   92066ms] [LOG] %c TELEMETRY %c tuerr  color:#FFF;background-color:#0176D3;font-weight:bold color:#FFF;background-color:#BB6A1F {logName: tuerr, reason: Failed to fetch, productArea: PULSE, stack: TypeError: Failed to fetch
    at g._global.fetch …com/components/force/ldsEngineCreator.js:183:524), interactionId: ms5cg8mh-4hozov} @ https://storm-e91a8b6775fe1f.lightning.force.com/components/analytics_sentry/sentry.js:0
[   92066ms] [LOG] %c TELEMETRY %c SEVERE  color:#FFF;background-color:#0176D3;font-weight:bold color:#FFF;background-color:#A52A2A TypeError: Failed to fetch
    at g._global.fetch (https://storm-e91a8b6775fe1f.lightning.force.com/components/o11y/client.js:1:14533)
    at eval (https://storm-e91a8b6775fe1f.lightning.force.com/components/force/ldsEngineCreator.js:183:524) @ https://storm-e91a8b6775fe1f.lightning.force.com/components/analytics_sentry/sentry.js:0
[   92151ms] [LOG] %c TELEMETRY %c tuint  color:#FFF;background-color:#0176D3;font-weight:bold color:#FFF;background-color:#BB6A1F {analyticsMode: studio, logName: tuint, tabId: , baseRoute: DASHBOARD, timestamp: 20260729002600.169} @ https://storm-e91a8b6775fe1f.lightning.force.com/components/analytics_sentry/sentry.js:0
[   92180ms] [LOG] %c TELEMETRY %c tuint  color:#FFF;background-color:#0176D3;font-weight:bold color:#FFF;background-color:#BB6A1F {analyticsMode: studio, logName: tuint, tabId: , baseRoute: DASHBOARD, timestamp: 20260729002600.199} @ https://storm-e91a8b6775fe1f.lightning.force.com/components/analytics_sentry/sentry.js:0
[   92201ms] [LOG] %c TELEMETRY %c tuint  color:#FFF;background-color:#0176D3;font-weight:bold color:#FFF;background-color:#BB6A1F {analyticsMode: studio, logName: tuint, tabId: , baseRoute: DASHBOARD, timestamp: 20260729002600.219} @ https://storm-e91a8b6775fe1f.lightning.force.com/components/analytics_sentry/sentry.js:0
[   94311ms] [LOG] %c TELEMETRY %c tuint  color:#FFF;background-color:#0176D3;font-weight:bold color:#FFF;background-color:#BB6A1F {analyticsMode: studio, logName: tuint, tabId: , baseRoute: DASHBOARD, timestamp: 20260729002602.330} @ https://storm-e91a8b6775fe1f.lightning.force.com/components/analytics_sentry/sentry.js:0
[   94311ms] [LOG] %c TELEMETRY %c tuper  color:#FFF;background-color:#0176D3;font-weight:bold color:#FFF;background-color:#BB6A1F {logName: tuper, analyticsMode: studio, productArea: VISUALIZATION, baseRoute: DASHBOARD, objectName: nine_entertainment_ad_sales_sdm_var_trend} @ https://storm-e91a8b6775fe1f.lightning.force.com/components/analytics_sentry/sentry.js:0
[   94311ms] [LOG] %c TELEMETRY %c tuavl  color:#FFF;background-color:#0176D3;font-weight:bold color:#FFF;background-color:#BB6A1F {logName: tuavl, objectName: nine_entertainment_ad_sales_sdm_var_trend, objectType: VISUALIZATION, parentObjectName: nine_entertainment_ad_sales_dashboard, parentObjectType: DASHBOARD} @ https://storm-e91a8b6775fe1f.lightning.force.com/components/analytics_sentry/sentry.js:0
[   94330ms] [LOG] %c TELEMETRY %c tuint  color:#FFF;background-color:#0176D3;font-weight:bold color:#FFF;background-color:#BB6A1F {analyticsMode: studio, logName: tuint, tabId: , baseRoute: DASHBOARD, timestamp: 20260729002602.349} @ https://storm-e91a8b6775fe1f.lightning.force.com/components/analytics_sentry/sentry.js:0
[   94331ms] [LOG] %c TELEMETRY %c tuper  color:#FFF;background-color:#0176D3;font-weight:bold color:#FFF;background-color:#BB6A1F {logName: tuper, analyticsMode: studio, productArea: VISUALIZATION, baseRoute: DASHBOARD, objectName: nine_entertainment_ad_sales_sdm_var_placement} @ https://storm-e91a8b6775fe1f.lightning.force.com/components/analytics_sentry/sentry.js:0
[   94331ms] [LOG] %c TELEMETRY %c tuavl  color:#FFF;background-color:#0176D3;font-weight:bold color:#FFF;background-color:#BB6A1F {logName: tuavl, objectName: nine_entertainment_ad_sales_sdm_var_placement, objectType: VISUALIZATION, parentObjectName: nine_entertainment_ad_sales_dashboard, parentObjectType: DASHBOARD} @ https://storm-e91a8b6775fe1f.lightning.force.com/components/analytics_sentry/sentry.js:0
[   94350ms] [LOG] %c TELEMETRY %c tuint  color:#FFF;background-color:#0176D3;font-weight:bold color:#FFF;background-color:#BB6A1F {analyticsMode: studio, logName: tuint, tabId: , baseRoute: DASHBOARD, timestamp: 20260729002602.369} @ https://storm-e91a8b6775fe1f.lightning.force.com/components/analytics_sentry/sentry.js:0
[   94351ms] [LOG] %c TELEMETRY %c tuper  color:#FFF;background-color:#0176D3;font-weight:bold color:#FFF;background-color:#BB6A1F {logName: tuper, analyticsMode: studio, productArea: VISUALIZATION, baseRoute: DASHBOARD, objectName: nine_entertainment_ad_sales_sdm_cpm_placement} @ https://storm-e91a8b6775fe1f.lightning.force.com/components/analytics_sentry/sentry.js:0
[   94351ms] [LOG] %c TELEMETRY %c tuavl  color:#FFF;background-color:#0176D3;font-weight:bold color:#FFF;background-color:#BB6A1F {logName: tuavl, objectName: nine_entertainment_ad_sales_sdm_cpm_placement, objectType: VISUALIZATION, parentObjectName: nine_entertainment_ad_sales_dashboard, parentObjectType: DASHBOARD} @ https://storm-e91a8b6775fe1f.lightning.force.com/components/analytics_sentry/sentry.js:0
[   94351ms] [LOG] %c TELEMETRY %c tuint  color:#FFF;background-color:#0176D3;font-weight:bold color:#FFF;background-color:#BB6A1F {analyticsMode: studio, logName: tuint, tabId: , baseRoute: DASHBOARD, timestamp: 20260729002602.369} @ https://storm-e91a8b6775fe1f.lightning.force.com/components/analytics_sentry/sentry.js:0
[   94357ms] [LOG] %c TELEMETRY %c tuint  color:#FFF;background-color:#0176D3;font-weight:bold color:#FFF;background-color:#BB6A1F {analyticsMode: studio, logName: tuint, tabId: , baseRoute: DASHBOARD, timestamp: 20260729002602.376} @ https://storm-e91a8b6775fe1f.lightning.force.com/components/analytics_sentry/sentry.js:0
[   94727ms] [LOG] {InstrumentationResult :  (  )  , TelemetryResponse : ( AsyncResults )O11yInstrumentationResult : O11y Logs successfully processed by instrumentation-processing: Object} @ https://storm-e91a8b6775fe1f.lightning.force.com/libraries/instrumentation/beaconLib.BeaconLibrary.js:43
[   95067ms] [LOG] %c TELEMETRY %c tuint  color:#FFF;background-color:#0176D3;font-weight:bold color:#FFF;background-color:#BB6A1F {analyticsMode: studio, logName: tuint, tabId: , baseRoute: DASHBOARD, timestamp: 20260729002603.085} @ https://storm-e91a8b6775fe1f.lightning.force.com/components/analytics_sentry/sentry.js:0
[   95825ms] [LOG] {InstrumentationResult :  ( RECEIVED = 1 , SUCCESS -> LOG = 1 , Topic = AILTN )  , TelemetryResponse : ( AsyncResults )O11yInstrumentationResult : O11y Logs successfully processed by instrumentation-processing: Object} @ https://storm-e91a8b6775fe1f.lightning.force.com/libraries/instrumentation/beaconLib.BeaconLibrary.js:43
[   95912ms] [LOG] %c TELEMETRY %c tuint  color:#FFF;background-color:#0176D3;font-weight:bold color:#FFF;background-color:#BB6A1F {analyticsMode: studio, logName: tuint, tabId: , baseRoute: DASHBOARD, timestamp: 20260729002603.930} @ https://storm-e91a8b6775fe1f.lightning.force.com/components/analytics_sentry/sentry.js:0
[   95912ms] [LOG] %c TELEMETRY %c tuper  color:#FFF;background-color:#0176D3;font-weight:bold color:#FFF;background-color:#BB6A1F {logName: tuper, analyticsMode: studio, productArea: VISUALIZATION, baseRoute: DASHBOARD, objectName: nine_entertainment_ad_sales_sdm_booked_delivered} @ https://storm-e91a8b6775fe1f.lightning.force.com/components/analytics_sentry/sentry.js:0
[   95912ms] [LOG] %c TELEMETRY %c tuavl  color:#FFF;background-color:#0176D3;font-weight:bold color:#FFF;background-color:#BB6A1F {logName: tuavl, objectName: nine_entertainment_ad_sales_sdm_booked_delivered, objectType: VISUALIZATION, parentObjectName: nine_entertainment_ad_sales_dashboard, parentObjectType: DASHBOARD} @ https://storm-e91a8b6775fe1f.lightning.force.com/components/analytics_sentry/sentry.js:0
[   95917ms] [LOG] %c TELEMETRY %c tuint  color:#FFF;background-color:#0176D3;font-weight:bold color:#FFF;background-color:#BB6A1F {analyticsMode: studio, logName: tuint, tabId: , baseRoute: DASHBOARD, timestamp: 20260729002603.935} @ https://storm-e91a8b6775fe1f.lightning.force.com/components/analytics_sentry/sentry.js:0
[   95917ms] [LOG] %c TELEMETRY %c tuper  color:#FFF;background-color:#0176D3;font-weight:bold color:#FFF;background-color:#BB6A1F {logName: tuper, analyticsMode: studio, productArea: DASHBOARD, baseRoute: DASHBOARD, objectName: nine_entertainment_ad_sales_dashboard} @ https://storm-e91a8b6775fe1f.lightning.force.com/components/analytics_sentry/sentry.js:0
[   95917ms] [LOG] %c TELEMETRY %c tuavl  color:#FFF;background-color:#0176D3;font-weight:bold color:#FFF;background-color:#BB6A1F {logName: tuavl, objectName: nine_entertainment_ad_sales_dashboard, objectType: DASHBOARD, parentObjectName: undefined, parentObjectType: undefined} @ https://storm-e91a8b6775fe1f.lightning.force.com/components/analytics_sentry/sentry.js:0
[  101796ms] [LOG] {InstrumentationResult :  (  )  , TelemetryResponse : ( AsyncResults )O11yInstrumentationResult : O11y Logs successfully processed by instrumentation-processing: Object} @ https://storm-e91a8b6775fe1f.lightning.force.com/libraries/instrumentation/beaconLib.BeaconLibrary.js:43
[  104494ms] [LOG] %c TELEMETRY %c tuint  color:#FFF;background-color:#0176D3;font-weight:bold color:#FFF;background-color:#BB6A1F {analyticsMode: studio, logName: tuint, tabId: , baseRoute: DASHBOARD, timestamp: 20260729002612.512} @ https://storm-e91a8b6775fe1f.lightning.force.com/components/analytics_sentry/sentry.js:0
[  104495ms] [LOG] %c TELEMETRY %c tuint  color:#FFF;background-color:#0176D3;font-weight:bold color:#FFF;background-color:#BB6A1F {analyticsMode: studio, logName: tuint, tabId: , baseRoute: DASHBOARD, timestamp: 20260729002612.514} @ https://storm-e91a8b6775fe1f.lightning.force.com/components/analytics_sentry/sentry.js:0
[  104496ms] [LOG] %c TELEMETRY %c tuint  color:#FFF;background-color:#0176D3;font-weight:bold color:#FFF;background-color:#BB6A1F {analyticsMode: studio, logName: tuint, tabId: , baseRoute: DASHBOARD, timestamp: 20260729002612.514} @ https://storm-e91a8b6775fe1f.lightning.force.com/components/analytics_sentry/sentry.js:0
[  104496ms] [LOG] %c TELEMETRY %c tuint  color:#FFF;background-color:#0176D3;font-weight:bold color:#FFF;background-color:#BB6A1F {analyticsMode: studio, logName: tuint, tabId: , baseRoute: DASHBOARD, timestamp: 20260729002612.514} @ https://storm-e91a8b6775fe1f.lightning.force.com/components/analytics_sentry/sentry.js:0
[  104505ms] [LOG] %c TELEMETRY %c tuint  color:#FFF;background-color:#0176D3;font-weight:bold color:#FFF;background-color:#BB6A1F {analyticsMode: studio, logName: tuint, tabId: , baseRoute: DASHBOARD, timestamp: 20260729002612.523} @ https://storm-e91a8b6775fe1f.lightning.force.com/components/analytics_sentry/sentry.js:0
[  104506ms] [LOG] %c TELEMETRY %c tuint  color:#FFF;background-color:#0176D3;font-weight:bold color:#FFF;background-color:#BB6A1F {analyticsMode: studio, logName: tuint, tabId: , baseRoute: DASHBOARD, timestamp: 20260729002612.524} @ https://storm-e91a8b6775fe1f.lightning.force.com/components/analytics_sentry/sentry.js:0
[  104507ms] [LOG] %c TELEMETRY %c tuint  color:#FFF;background-color:#0176D3;font-weight:bold color:#FFF;background-color:#BB6A1F {analyticsMode: studio, logName: tuint, tabId: , baseRoute: DASHBOARD, timestamp: 20260729002612.525} @ https://storm-e91a8b6775fe1f.lightning.force.com/components/analytics_sentry/sentry.js:0
[  104514ms] [LOG] %c TELEMETRY %c tuint  color:#FFF;background-color:#0176D3;font-weight:bold color:#FFF;background-color:#BB6A1F {analyticsMode: studio, logName: tuint, tabId: , baseRoute: DASHBOARD, timestamp: 20260729002612.533} @ https://storm-e91a8b6775fe1f.lightning.force.com/components/analytics_sentry/sentry.js:0
[  104515ms] [LOG] %c TELEMETRY %c tuint  color:#FFF;background-color:#0176D3;font-weight:bold color:#FFF;background-color:#BB6A1F {analyticsMode: studio, logName: tuint, tabId: , baseRoute: DASHBOARD, timestamp: 20260729002612.533} @ https://storm-e91a8b6775fe1f.lightning.force.com/components/analytics_sentry/sentry.js:0
[  104515ms] [LOG] %c TELEMETRY %c tuint  color:#FFF;background-color:#0176D3;font-weight:bold color:#FFF;background-color:#BB6A1F {analyticsMode: studio, logName: tuint, tabId: , baseRoute: DASHBOARD, timestamp: 20260729002612.534} @ https://storm-e91a8b6775fe1f.lightning.force.com/components/analytics_sentry/sentry.js:0
[  104516ms] [LOG] %c TELEMETRY %c tuint  color:#FFF;background-color:#0176D3;font-weight:bold color:#FFF;background-color:#BB6A1F {analyticsMode: studio, logName: tuint, tabId: , baseRoute: DASHBOARD, timestamp: 20260729002612.534} @ https://storm-e91a8b6775fe1f.lightning.force.com/components/analytics_sentry/sentry.js:0
[  104516ms] [LOG] %c TELEMETRY %c tuint  color:#FFF;background-color:#0176D3;font-weight:bold color:#FFF;background-color:#BB6A1F {analyticsMode: studio, logName: tuint, tabId: , baseRoute: DASHBOARD, timestamp: 20260729002612.535} @ https://storm-e91a8b6775fe1f.lightning.force.com/components/analytics_sentry/sentry.js:0
[  104516ms] [LOG] %c TELEMETRY %c tuint  color:#FFF;background-color:#0176D3;font-weight:bold color:#FFF;background-color:#BB6A1F {analyticsMode: studio, logName: tuint, tabId: , baseRoute: DASHBOARD, timestamp: 20260729002612.535} @ https://storm-e91a8b6775fe1f.lightning.force.com/components/analytics_sentry/sentry.js:0
[  104517ms] [LOG] %c TELEMETRY %c tuint  color:#FFF;background-color:#0176D3;font-weight:bold color:#FFF;background-color:#BB6A1F {analyticsMode: studio, logName: tuint, tabId: , baseRoute: DASHBOARD, timestamp: 20260729002612.535} @ https://storm-e91a8b6775fe1f.lightning.force.com/components/analytics_sentry/sentry.js:0
[  104526ms] [LOG] %c TELEMETRY %c tuint  color:#FFF;background-color:#0176D3;font-weight:bold color:#FFF;background-color:#BB6A1F {analyticsMode: studio, logName: tuint, tabId: , baseRoute: DASHBOARD, timestamp: 20260729002612.544} @ https://storm-e91a8b6775fe1f.lightning.force.com/components/analytics_sentry/sentry.js:0
[  104527ms] [LOG] %c TELEMETRY %c tuint  color:#FFF;background-color:#0176D3;font-weight:bold color:#FFF;background-color:#BB6A1F {analyticsMode: studio, logName: tuint, tabId: , baseRoute: DASHBOARD, timestamp: 20260729002612.546} @ https://storm-e91a8b6775fe1f.lightning.force.com/components/analytics_sentry/sentry.js:0
[  104528ms] [LOG] %c TELEMETRY %c tuint  color:#FFF;background-color:#0176D3;font-weight:bold color:#FFF;background-color:#BB6A1F {analyticsMode: studio, logName: tuint, tabId: , baseRoute: DASHBOARD, timestamp: 20260729002612.547} @ https://storm-e91a8b6775fe1f.lightning.force.com/components/analytics_sentry/sentry.js:0
[  104530ms] [LOG] %c TELEMETRY %c tuint  color:#FFF;background-color:#0176D3;font-weight:bold color:#FFF;background-color:#BB6A1F {analyticsMode: studio, logName: tuint, tabId: , baseRoute: DASHBOARD, timestamp: 20260729002612.548} @ https://storm-e91a8b6775fe1f.lightning.force.com/components/analytics_sentry/sentry.js:0
[  104533ms] [LOG] %c TELEMETRY %c tuint  color:#FFF;background-color:#0176D3;font-weight:bold color:#FFF;background-color:#BB6A1F {analyticsMode: studio, logName: tuint, tabId: , baseRoute: DASHBOARD, timestamp: 20260729002612.551} @ https://storm-e91a8b6775fe1f.lightning.force.com/components/analytics_sentry/sentry.js:0
[  104534ms] [LOG] %c TELEMETRY %c tuint  color:#FFF;background-color:#0176D3;font-weight:bold color:#FFF;background-color:#BB6A1F {analyticsMode: studio, logName: tuint, tabId: , baseRoute: DASHBOARD, timestamp: 20260729002612.552} @ https://storm-e91a8b6775fe1f.lightning.force.com/components/analytics_sentry/sentry.js:0
[  104534ms] [LOG] %c TELEMETRY %c tuint  color:#FFF;background-color:#0176D3;font-weight:bold color:#FFF;background-color:#BB6A1F {analyticsMode: studio, logName: tuint, tabId: , baseRoute: DASHBOARD, timestamp: 20260729002612.552} @ https://storm-e91a8b6775fe1f.lightning.force.com/components/analytics_sentry/sentry.js:0
[  104534ms] [LOG] %c TELEMETRY %c tuint  color:#FFF;background-color:#0176D3;font-weight:bold color:#FFF;background-color:#BB6A1F {analyticsMode: studio, logName: tuint, tabId: , baseRoute: DASHBOARD, timestamp: 20260729002612.552} @ https://storm-e91a8b6775fe1f.lightning.force.com/components/analytics_sentry/sentry.js:0
[  104534ms] [LOG] %c TELEMETRY %c tuint  color:#FFF;background-color:#0176D3;font-weight:bold color:#FFF;background-color:#BB6A1F {analyticsMode: studio, logName: tuint, tabId: , baseRoute: DASHBOARD, timestamp: 20260729002612.553} @ https://storm-e91a8b6775fe1f.lightning.force.com/components/analytics_sentry/sentry.js:0
[  104535ms] [LOG] %c TELEMETRY %c tuint  color:#FFF;background-color:#0176D3;font-weight:bold color:#FFF;background-color:#BB6A1F {analyticsMode: studio, logName: tuint, tabId: , baseRoute: DASHBOARD, timestamp: 20260729002612.554} @ https://storm-e91a8b6775fe1f.lightning.force.com/components/analytics_sentry/sentry.js:0
[  104535ms] [LOG] %c TELEMETRY %c tuint  color:#FFF;background-color:#0176D3;font-weight:bold color:#FFF;background-color:#BB6A1F {analyticsMode: studio, logName: tuint, tabId: , baseRoute: DASHBOARD, timestamp: 20260729002612.554} @ https://storm-e91a8b6775fe1f.lightning.force.com/components/analytics_sentry/sentry.js:0
[  104536ms] [LOG] %c TELEMETRY %c tuint  color:#FFF;background-color:#0176D3;font-weight:bold color:#FFF;background-color:#BB6A1F {analyticsMode: studio, logName: tuint, tabId: , baseRoute: DASHBOARD, timestamp: 20260729002612.554} @ https://storm-e91a8b6775fe1f.lightning.force.com/components/analytics_sentry/sentry.js:0
[  104550ms] [LOG] %c TELEMETRY %c LOGGING_ONLY  color:#FFF;background-color:#0176D3;font-weight:bold color:#FFF;background-color:#A52A2A Error: ResizeObserver loop completed with undelivered notifications.
    at eval (https://storm-e91a8b6775fe1f.lightning.force.com/components/analytics_sentry/sentry.js:1:57387)
    at t (https://b.static.lightning.force.com/ap52/auraFW/javascript/OUcwT3JDYUZld21JQ2ZOckR1VnppUWtVMjdnTGFERUU2S3FfSVdrcU92bkExNC4xOTIuODM4ODYwOA/aura_prod.js:28:5672) @ https://storm-e91a8b6775fe1f.lightning.force.com/components/analytics_sentry/sentry.js:0
[  104554ms] [ERROR] Access to fetch at 'https://api.salesforce.com/analytics/insights/v2/bundle' from origin 'https://storm-e91a8b6775fe1f.lightning.force.com' has been blocked by CORS policy: Permission was denied for this request to access the `local` address space. @ https://storm-e91a8b6775fe1f.lightning.force.com/tableau/dashboard/nine_entertainment_ad_sales_dashboard/view:0
[  104554ms] [ERROR] Failed to load resource: net::ERR_FAILED @ https://api.salesforce.com/analytics/insights/v2/bundle:0
[  104554ms] [LOG] %cO11Y%c Error color:white;background-color:#FF6600;font-weight:bold color:white;background-color:Crimson {name: TypeError, message: Failed to fetch, stack: TypeError: Failed to fetch
    at g._global.fetch …com/components/force/ldsEngineCreator.js:183:524), activityId: c29548cc5f404d00} {timestamp: 1785284772571.7, rootId: 58e95389f4521abc, sequence: 145, schemaSequence: 6, loggerName: Network} @ https://storm-e91a8b6775fe1f.lightning.force.com/components/o11y/client.js:0
[  104554ms] [LOG] %c TELEMETRY %c tuint  color:#FFF;background-color:#0176D3;font-weight:bold color:#FFF;background-color:#BB6A1F {analyticsMode: studio, logName: tuint, tabId: , baseRoute: DASHBOARD, timestamp: 20260729002612.561} @ https://storm-e91a8b6775fe1f.lightning.force.com/components/analytics_sentry/sentry.js:0
[  104555ms] [LOG] %c TELEMETRY %c tuerr  color:#FFF;background-color:#0176D3;font-weight:bold color:#FFF;background-color:#BB6A1F {logName: tuerr, reason: Failed to generate insights. Failed to fetch, productArea: PULSE, stack: Error
    at mi.setError (https://storm-e91a8b6775…nalytics_business_user/embeddedMetric.js:1:47780), interactionId: ms5cgiq9-vle3l7} @ https://storm-e91a8b6775fe1f.lightning.force.com/components/analytics_sentry/sentry.js:0
[  104555ms] [LOG] %c TELEMETRY %c LOGGING_ONLY  color:#FFF;background-color:#0176D3;font-weight:bold color:#FFF;background-color:#A52A2A Error: Failed to generate insights. Failed to fetch
    at mi.setError (https://storm-e91a8b6775fe1f.lightning.force.com/components/analytics_business_user/embeddedMetric.js:1:33456)
    at eval (https://storm-e91a8b6775fe1f.lightning.force.com/components/analytics_business_user/embeddedMetric.js:1:47780) @ https://storm-e91a8b6775fe1f.lightning.force.com/components/analytics_sentry/sentry.js:0
[  104555ms] [LOG] %c TELEMETRY %c tuavl  color:#FFF;background-color:#0176D3;font-weight:bold color:#FFF;background-color:#BB6A1F {logName: tuavl, objectName: delivered_reach_md, objectType: METRIC, parentObjectName: nine_entertainment_ad_sales_dashboard, parentObjectType: DASHBOARD} @ https://storm-e91a8b6775fe1f.lightning.force.com/components/analytics_sentry/sentry.js:0
[  104555ms] [LOG] %c TELEMETRY %c tuerr  color:#FFF;background-color:#0176D3;font-weight:bold color:#FFF;background-color:#BB6A1F {logName: tuerr, reason: Failed to fetch, productArea: PULSE, stack: TypeError: Failed to fetch
    at g._global.fetch …com/components/force/ldsEngineCreator.js:183:524), interactionId: ms5cgiq9-vle3l7} @ https://storm-e91a8b6775fe1f.lightning.force.com/components/analytics_sentry/sentry.js:0
[  104555ms] [LOG] %c TELEMETRY %c SEVERE  color:#FFF;background-color:#0176D3;font-weight:bold color:#FFF;background-color:#A52A2A TypeError: Failed to fetch
    at g._global.fetch (https://storm-e91a8b6775fe1f.lightning.force.com/components/o11y/client.js:1:14533)
    at eval (https://storm-e91a8b6775fe1f.lightning.force.com/components/force/ldsEngineCreator.js:183:524) @ https://storm-e91a8b6775fe1f.lightning.force.com/components/analytics_sentry/sentry.js:0
[  104558ms] [ERROR] Access to fetch at 'https://api.salesforce.com/analytics/insights/v2/bundle' from origin 'https://storm-e91a8b6775fe1f.lightning.force.com' has been blocked by CORS policy: Permission was denied for this request to access the `local` address space. @ https://storm-e91a8b6775fe1f.lightning.force.com/tableau/dashboard/nine_entertainment_ad_sales_dashboard/view:0
[  104558ms] [ERROR] Failed to load resource: net::ERR_FAILED @ https://api.salesforce.com/analytics/insights/v2/bundle:0
[  104558ms] [LOG] %cO11Y%c Error color:white;background-color:#FF6600;font-weight:bold color:white;background-color:Crimson {name: TypeError, message: Failed to fetch, stack: TypeError: Failed to fetch
    at g._global.fetch …com/components/force/ldsEngineCreator.js:183:524), activityId: 8a6ea940c0ba4466} {timestamp: 1785284772575.7, rootId: 58e95389f4521abc, sequence: 146, schemaSequence: 7, loggerName: Network} @ https://storm-e91a8b6775fe1f.lightning.force.com/components/o11y/client.js:0
[  104558ms] [LOG] %c TELEMETRY %c tuint  color:#FFF;background-color:#0176D3;font-weight:bold color:#FFF;background-color:#BB6A1F {analyticsMode: studio, logName: tuint, tabId: , baseRoute: DASHBOARD, timestamp: 20260729002612.562} @ https://storm-e91a8b6775fe1f.lightning.force.com/components/analytics_sentry/sentry.js:0
[  104558ms] [LOG] %c TELEMETRY %c tuerr  color:#FFF;background-color:#0176D3;font-weight:bold color:#FFF;background-color:#BB6A1F {logName: tuerr, reason: Failed to generate insights. Failed to fetch, productArea: PULSE, stack: Error
    at mi.setError (https://storm-e91a8b6775…nalytics_business_user/embeddedMetric.js:1:47780), interactionId: ms5cgiqa-ej602h} @ https://storm-e91a8b6775fe1f.lightning.force.com/components/analytics_sentry/sentry.js:0
[  104558ms] [LOG] %c TELEMETRY %c LOGGING_ONLY  color:#FFF;background-color:#0176D3;font-weight:bold color:#FFF;background-color:#A52A2A Error: Failed to generate insights. Failed to fetch
    at mi.setError (https://storm-e91a8b6775fe1f.lightning.force.com/components/analytics_business_user/embeddedMetric.js:1:33456)
    at eval (https://storm-e91a8b6775fe1f.lightning.force.com/components/analytics_business_user/embeddedMetric.js:1:47780) @ https://storm-e91a8b6775fe1f.lightning.force.com/components/analytics_sentry/sentry.js:0
[  104559ms] [LOG] %c TELEMETRY %c tuavl  color:#FFF;background-color:#0176D3;font-weight:bold color:#FFF;background-color:#BB6A1F {logName: tuavl, objectName: reach_delivery_pct_md, objectType: METRIC, parentObjectName: nine_entertainment_ad_sales_dashboard, parentObjectType: DASHBOARD} @ https://storm-e91a8b6775fe1f.lightning.force.com/components/analytics_sentry/sentry.js:0
[  104559ms] [LOG] %c TELEMETRY %c tuerr  color:#FFF;background-color:#0176D3;font-weight:bold color:#FFF;background-color:#BB6A1F {logName: tuerr, reason: Failed to fetch, productArea: PULSE, stack: TypeError: Failed to fetch
    at g._global.fetch …com/components/force/ldsEngineCreator.js:183:524), interactionId: ms5cgiqa-ej602h} @ https://storm-e91a8b6775fe1f.lightning.force.com/components/analytics_sentry/sentry.js:0
[  104559ms] [LOG] %c TELEMETRY %c SEVERE  color:#FFF;background-color:#0176D3;font-weight:bold color:#FFF;background-color:#A52A2A TypeError: Failed to fetch
    at g._global.fetch (https://storm-e91a8b6775fe1f.lightning.force.com/components/o11y/client.js:1:14533)
    at eval (https://storm-e91a8b6775fe1f.lightning.force.com/components/force/ldsEngineCreator.js:183:524) @ https://storm-e91a8b6775fe1f.lightning.force.com/components/analytics_sentry/sentry.js:0
[  104560ms] [ERROR] Access to fetch at 'https://api.salesforce.com/analytics/insights/v2/bundle' from origin 'https://storm-e91a8b6775fe1f.lightning.force.com' has been blocked by CORS policy: Permission was denied for this request to access the `local` address space. @ https://storm-e91a8b6775fe1f.lightning.force.com/tableau/dashboard/nine_entertainment_ad_sales_dashboard/view:0
[  104560ms] [ERROR] Failed to load resource: net::ERR_FAILED @ https://api.salesforce.com/analytics/insights/v2/bundle:0
[  104560ms] [LOG] %cO11Y%c Error color:white;background-color:#FF6600;font-weight:bold color:white;background-color:Crimson {name: TypeError, message: Failed to fetch, stack: TypeError: Failed to fetch
    at g._global.fetch …com/components/force/ldsEngineCreator.js:183:524), activityId: 69886a64bea06b04} {timestamp: 1785284772578.2998, rootId: 58e95389f4521abc, sequence: 147, schemaSequence: 8, loggerName: Network} @ https://storm-e91a8b6775fe1f.lightning.force.com/components/o11y/client.js:0
[  104561ms] [LOG] %c TELEMETRY %c tuint  color:#FFF;background-color:#0176D3;font-weight:bold color:#FFF;background-color:#BB6A1F {analyticsMode: studio, logName: tuint, tabId: , baseRoute: DASHBOARD, timestamp: 20260729002612.562} @ https://storm-e91a8b6775fe1f.lightning.force.com/components/analytics_sentry/sentry.js:0
[  104561ms] [LOG] %c TELEMETRY %c tuerr  color:#FFF;background-color:#0176D3;font-weight:bold color:#FFF;background-color:#BB6A1F {logName: tuerr, reason: Failed to generate insights. Failed to fetch, productArea: PULSE, stack: Error
    at mi.setError (https://storm-e91a8b6775…nalytics_business_user/embeddedMetric.js:1:47780), interactionId: ms5cgiqa-mwx7ji} @ https://storm-e91a8b6775fe1f.lightning.force.com/components/analytics_sentry/sentry.js:0
[  104561ms] [LOG] %c TELEMETRY %c LOGGING_ONLY  color:#FFF;background-color:#0176D3;font-weight:bold color:#FFF;background-color:#A52A2A Error: Failed to generate insights. Failed to fetch
    at mi.setError (https://storm-e91a8b6775fe1f.lightning.force.com/components/analytics_business_user/embeddedMetric.js:1:33456)
    at eval (https://storm-e91a8b6775fe1f.lightning.force.com/components/analytics_business_user/embeddedMetric.js:1:47780) @ https://storm-e91a8b6775fe1f.lightning.force.com/components/analytics_sentry/sentry.js:0
[  104561ms] [LOG] %c TELEMETRY %c tuavl  color:#FFF;background-color:#0176D3;font-weight:bold color:#FFF;background-color:#BB6A1F {logName: tuavl, objectName: grp_md, objectType: METRIC, parentObjectName: nine_entertainment_ad_sales_dashboard, parentObjectType: DASHBOARD} @ https://storm-e91a8b6775fe1f.lightning.force.com/components/analytics_sentry/sentry.js:0
[  104561ms] [LOG] %c TELEMETRY %c tuerr  color:#FFF;background-color:#0176D3;font-weight:bold color:#FFF;background-color:#BB6A1F {logName: tuerr, reason: Failed to fetch, productArea: PULSE, stack: TypeError: Failed to fetch
    at g._global.fetch …com/components/force/ldsEngineCreator.js:183:524), interactionId: ms5cgiqa-mwx7ji} @ https://storm-e91a8b6775fe1f.lightning.force.com/components/analytics_sentry/sentry.js:0
[  104561ms] [LOG] %c TELEMETRY %c SEVERE  color:#FFF;background-color:#0176D3;font-weight:bold color:#FFF;background-color:#A52A2A TypeError: Failed to fetch
    at g._global.fetch (https://storm-e91a8b6775fe1f.lightning.force.com/components/o11y/client.js:1:14533)
    at eval (https://storm-e91a8b6775fe1f.lightning.force.com/components/force/ldsEngineCreator.js:183:524) @ https://storm-e91a8b6775fe1f.lightning.force.com/components/analytics_sentry/sentry.js:0
[  105077ms] [LOG] %c TELEMETRY %c tuint  color:#FFF;background-color:#0176D3;font-weight:bold color:#FFF;background-color:#BB6A1F {analyticsMode: studio, logName: tuint, tabId: , baseRoute: DASHBOARD, timestamp: 20260729002613.095} @ https://storm-e91a8b6775fe1f.lightning.force.com/components/analytics_sentry/sentry.js:0
[  105100ms] [LOG] %c TELEMETRY %c tuint  color:#FFF;background-color:#0176D3;font-weight:bold color:#FFF;background-color:#BB6A1F {analyticsMode: studio, logName: tuint, tabId: , baseRoute: DASHBOARD, timestamp: 20260729002613.119} @ https://storm-e91a8b6775fe1f.lightning.force.com/components/analytics_sentry/sentry.js:0
[  105122ms] [LOG] %c TELEMETRY %c tuint  color:#FFF;background-color:#0176D3;font-weight:bold color:#FFF;background-color:#BB6A1F {analyticsMode: studio, logName: tuint, tabId: , baseRoute: DASHBOARD, timestamp: 20260729002613.141} @ https://storm-e91a8b6775fe1f.lightning.force.com/components/analytics_sentry/sentry.js:0
[  105148ms] [LOG] %c TELEMETRY %c tuint  color:#FFF;background-color:#0176D3;font-weight:bold color:#FFF;background-color:#BB6A1F {analyticsMode: studio, logName: tuint, tabId: , baseRoute: DASHBOARD, timestamp: 20260729002613.166} @ https://storm-e91a8b6775fe1f.lightning.force.com/components/analytics_sentry/sentry.js:0
[  106694ms] [LOG] %c TELEMETRY %c tuint  color:#FFF;background-color:#0176D3;font-weight:bold color:#FFF;background-color:#BB6A1F {analyticsMode: studio, logName: tuint, tabId: , baseRoute: DASHBOARD, timestamp: 20260729002614.713} @ https://storm-e91a8b6775fe1f.lightning.force.com/components/analytics_sentry/sentry.js:0
[  106694ms] [LOG] %c TELEMETRY %c tuper  color:#FFF;background-color:#0176D3;font-weight:bold color:#FFF;background-color:#BB6A1F {logName: tuper, analyticsMode: studio, productArea: VISUALIZATION, baseRoute: DASHBOARD, objectName: nine_entertainment_ad_sales_sdm_nielsen_placement} @ https://storm-e91a8b6775fe1f.lightning.force.com/components/analytics_sentry/sentry.js:0
[  106694ms] [LOG] %c TELEMETRY %c tuavl  color:#FFF;background-color:#0176D3;font-weight:bold color:#FFF;background-color:#BB6A1F {logName: tuavl, objectName: nine_entertainment_ad_sales_sdm_nielsen_placement, objectType: VISUALIZATION, parentObjectName: nine_entertainment_ad_sales_dashboard, parentObjectType: DASHBOARD} @ https://storm-e91a8b6775fe1f.lightning.force.com/components/analytics_sentry/sentry.js:0
[  107034ms] [LOG] %c TELEMETRY %c tuint  color:#FFF;background-color:#0176D3;font-weight:bold color:#FFF;background-color:#BB6A1F {analyticsMode: studio, logName: tuint, tabId: , baseRoute: DASHBOARD, timestamp: 20260729002615.052} @ https://storm-e91a8b6775fe1f.lightning.force.com/components/analytics_sentry/sentry.js:0
[  107034ms] [LOG] %c TELEMETRY %c tuper  color:#FFF;background-color:#0176D3;font-weight:bold color:#FFF;background-color:#BB6A1F {logName: tuper, analyticsMode: studio, productArea: VISUALIZATION, baseRoute: DASHBOARD, objectName: nine_entertainment_ad_sales_sdm_grp_channel} @ https://storm-e91a8b6775fe1f.lightning.force.com/components/analytics_sentry/sentry.js:0
[  107034ms] [LOG] %c TELEMETRY %c tuavl  color:#FFF;background-color:#0176D3;font-weight:bold color:#FFF;background-color:#BB6A1F {logName: tuavl, objectName: nine_entertainment_ad_sales_sdm_grp_channel, objectType: VISUALIZATION, parentObjectName: nine_entertainment_ad_sales_dashboard, parentObjectType: DASHBOARD} @ https://storm-e91a8b6775fe1f.lightning.force.com/components/analytics_sentry/sentry.js:0
[  107053ms] [LOG] %c TELEMETRY %c tuint  color:#FFF;background-color:#0176D3;font-weight:bold color:#FFF;background-color:#BB6A1F {analyticsMode: studio, logName: tuint, tabId: , baseRoute: DASHBOARD, timestamp: 20260729002615.072} @ https://storm-e91a8b6775fe1f.lightning.force.com/components/analytics_sentry/sentry.js:0
[  107054ms] [LOG] %c TELEMETRY %c tuper  color:#FFF;background-color:#0176D3;font-weight:bold color:#FFF;background-color:#BB6A1F {logName: tuper, analyticsMode: studio, productArea: VISUALIZATION, baseRoute: DASHBOARD, objectName: nine_entertainment_ad_sales_sdm_reachdel_placement} @ https://storm-e91a8b6775fe1f.lightning.force.com/components/analytics_sentry/sentry.js:0
[  107054ms] [LOG] %c TELEMETRY %c tuavl  color:#FFF;background-color:#0176D3;font-weight:bold color:#FFF;background-color:#BB6A1F {logName: tuavl, objectName: nine_entertainment_ad_sales_sdm_reachdel_placement, objectType: VISUALIZATION, parentObjectName: nine_entertainment_ad_sales_dashboard, parentObjectType: DASHBOARD} @ https://storm-e91a8b6775fe1f.lightning.force.com/components/analytics_sentry/sentry.js:0
[  107063ms] [LOG] %c TELEMETRY %c tuint  color:#FFF;background-color:#0176D3;font-weight:bold color:#FFF;background-color:#BB6A1F {analyticsMode: studio, logName: tuint, tabId: , baseRoute: DASHBOARD, timestamp: 20260729002615.081} @ https://storm-e91a8b6775fe1f.lightning.force.com/components/analytics_sentry/sentry.js:0
[  107063ms] [LOG] %c TELEMETRY %c tuper  color:#FFF;background-color:#0176D3;font-weight:bold color:#FFF;background-color:#BB6A1F {logName: tuper, analyticsMode: studio, productArea: VISUALIZATION, baseRoute: DASHBOARD, objectName: nine_entertainment_ad_sales_sdm_delivreach_segment} @ https://storm-e91a8b6775fe1f.lightning.force.com/components/analytics_sentry/sentry.js:0
[  107063ms] [LOG] %c TELEMETRY %c tuavl  color:#FFF;background-color:#0176D3;font-weight:bold color:#FFF;background-color:#BB6A1F {logName: tuavl, objectName: nine_entertainment_ad_sales_sdm_delivreach_segment, objectType: VISUALIZATION, parentObjectName: nine_entertainment_ad_sales_dashboard, parentObjectType: DASHBOARD} @ https://storm-e91a8b6775fe1f.lightning.force.com/components/analytics_sentry/sentry.js:0
[  107117ms] [LOG] {InstrumentationResult :  (  )  , TelemetryResponse : ( AsyncResults )O11yInstrumentationResult : O11y Logs successfully processed by instrumentation-processing: Object} @ https://storm-e91a8b6775fe1f.lightning.force.com/libraries/instrumentation/beaconLib.BeaconLibrary.js:43
[  107355ms] [LOG] {InstrumentationResult :  ( RECEIVED = 1 , SUCCESS -> LOG = 1 , Topic = AILTN )  , TelemetryResponse : ( AsyncResults )O11yInstrumentationResult : O11y Logs successfully processed by instrumentation-processing: Object} @ https://storm-e91a8b6775fe1f.lightning.force.com/libraries/instrumentation/beaconLib.BeaconLibrary.js:43
[  111741ms] [LOG] {InstrumentationResult :  (  )  , TelemetryResponse : ( AsyncResults )O11yInstrumentationResult : O11y Logs successfully processed by instrumentation-processing: Object} @ https://storm-e91a8b6775fe1f.lightning.force.com/libraries/instrumentation/beaconLib.BeaconLibrary.js:43
[ 4017663ms] [LOG] {InstrumentationResult :  ( RECEIVED = 33 , SUCCESS -> LOG = 33 , Topic = AILTN )  , TelemetryResponse : ( AsyncResults )O11yInstrumentationResult : O11y Logs successfully processed by instrumentation-processing: Object} @ https://storm-e91a8b6775fe1f.lightning.force.com/libraries/instrumentation/beaconLib.BeaconLibrary.js:43
