[    4530ms] [ERROR] Access to script at 'https://storm-92256ceb2e63ea.my.salesforce.com/jslibrary/Security.js?sf_jslib_last_mod=1333042116262' (redirected from 'https://storm-92256ceb2e63ea.file.force.com/jslibrary/1333042116262/sfdc/Security.js') from origin 'https://storm-92256ceb2e63ea.file.force.com' has been blocked by CORS policy: Permission was denied for this request to access the `local` address space. @ https://storm-92256ceb2e63ea.file.force.com/secur/contentDoor?startURL=https%3A%2F%2Fstorm-92256ceb2e63ea.my.salesforce.com%2Fservlet%2Fservlet.su%3Foid%3D00DIc000000Ih0O%26suorgadminid%3D005Ic000001ALYAIA4%26retURL%3D%252Fsecur%252Flogout.jsp%26targetURL%3D%252F&sid=00DIc000000Ih0O%21ARgAQOCgun0n.U0vyl3HK7wKxq8eabnS8kUb3PowdbZIaRGf.lEeSyj2tGqvE4..j0EBdWQuX68gJg1Ggb3stKR2bQAjsfw0&skipRedirect=1&lm=eyJlbmMiOiJBMjU2R0NNIiwiYXVkIjoiMDBESWMwMDAwMDBJaDBPIiwia2lkIjoie1widFwiOlwiMDBESWMwMDAwMDBJaDBPXCIsXCJ2XCI6XCIwMkdJYzAwMDAwMHhKZ0dcIixcImFcIjpcImNvbnRlbnRkb29ydXNlcnRyYW5zaWVudGtleWVuY3J5cHRcIixcInVcIjpcIjAwNUljMDAwMDAxQUxZQVwifSIsImNyaXQiOlsiaWF0Il0sImlhdCI6MTc4NTI4MjM0MjU1MywiZXhwIjowfQ%3D%3D..cN0b5AsY_sdYHvSt.TBkggl02rs2OK7Kt5ZLXQg%3D%3D.G5H7yXtu_IaT_coyheu9yg%3D%3D:0
[    4530ms] [ERROR] Failed to load resource: net::ERR_FAILED @ https://storm-92256ceb2e63ea.my.salesforce.com/jslibrary/Security.js?sf_jslib_last_mod=1333042116262:0
[    4537ms] ReferenceError: ClientHash is not defined
    at https://storm-92256ceb2e63ea.file.force.com/secur/contentDoor?startURL=https%3A%2F%2Fstorm-92256ceb2e63ea.my.salesforce.com%2Fservlet%2Fservlet.su%3Foid%3D00DIc000000Ih0O%26suorgadminid%3D005Ic000001ALYAIA4%26retURL%3D%252Fsecur%252Flogout.jsp%26targetURL%3D%252F&sid=00DIc000000Ih0O%21ARgAQOCgun0n.U0vyl3HK7wKxq8eabnS8kUb3PowdbZIaRGf.lEeSyj2tGqvE4..j0EBdWQuX68gJg1Ggb3stKR2bQAjsfw0&skipRedirect=1&lm=eyJlbmMiOiJBMjU2R0NNIiwiYXVkIjoiMDBESWMwMDAwMDBJaDBPIiwia2lkIjoie1widFwiOlwiMDBESWMwMDAwMDBJaDBPXCIsXCJ2XCI6XCIwMkdJYzAwMDAwMHhKZ0dcIixcImFcIjpcImNvbnRlbnRkb29ydXNlcnRyYW5zaWVudGtleWVuY3J5cHRcIixcInVcIjpcIjAwNUljMDAwMDAxQUxZQVwifSIsImNyaXQiOlsiaWF0Il0sImlhdCI6MTc4NTI4MjM0MjU1MywiZXhwIjowfQ%3D%3D..cN0b5AsY_sdYHvSt.TBkggl02rs2OK7Kt5ZLXQg%3D%3D.G5H7yXtu_IaT_coyheu9yg%3D%3D:7:74
[    9055ms] [WARNING] ComponentProfiler: Component-level profiling has not been enabled. @ https://b.static.lightning.force.com/ap60/aurafile/%7B%22mode%22%3A%22PROD%22%2C%22dfs%22%3A%2229%22%2C%22app%22%3A%22one%3Aone%22%2C%22ls%22%3A1%2C%22lrmc%22%3A%22551347034%22%2C%22ln%22%3A1%7D/t9Y1huOtftQX-tCBWeLIMw/apppart4-4.js:2351
[    9077ms] [LOG] %cO11Y%c Error color:white;background-color:#FF6600;font-weight:bold color:white;background-color:Crimson {name: Error, message: Unsupported WebVital metrics: [2], stack: Error: Unsupported WebVital metrics: [2]
    at q.…rcU92bkExNC4xOTIuODM4ODYwOA/aura_prod.js:432:183)} {timestamp: 1785282351627.4, rootId: undefined, sequence: 1, schemaSequence: 1, loggerName: WebVitals} @ https://b.static.lightning.force.com/ap60/aurafile/%7B%22mode%22%3A%22PROD%22%2C%22dfs%22%3A%2229%22%2C%22app%22%3A%22one%3Aone%22%2C%22ls%22%3A1%2C%22lrmc%22%3A%22551347034%22%2C%22ln%22%3A1%7D/hIXAT73U0CHgDe4A3tCsug/apppart3-4.js:2565
[   10121ms] [ERROR] Access to image at 'https://storm-92256ceb2e63ea.file.force.com/file-asset/Screenshot_20260726_at_103321pm?v=1' from origin 'https://storm-92256ceb2e63ea.lightning.force.com' has been blocked by CORS policy: Permission was denied for this request to access the `local` address space. @ https://storm-92256ceb2e63ea.lightning.force.com/one/one.app:0
[   10121ms] [ERROR] Failed to load resource: net::ERR_FAILED @ https://storm-92256ceb2e63ea.file.force.com/file-asset/Screenshot_20260726_at_103321pm?v=1:0
[   10134ms] [WARNING] <meta name="apple-mobile-web-app-capable" content="yes"> is deprecated. Please include <meta name="mobile-web-app-capable" content="yes"> @ https://storm-92256ceb2e63ea.lightning.force.com/one/one.app:0
[   11068ms] [LOG] empApi setting initialized true for : undefined @ https://b.static.lightning.force.com/ap60/aurafile/%7B%22mode%22%3A%22PROD%22%2C%22dfs%22%3A%2229%22%2C%22app%22%3A%22one%3Aone%22%2C%22ls%22%3A1%2C%22lrmc%22%3A%22551347034%22%2C%22ln%22%3A1%7D/t9Y1huOtftQX-tCBWeLIMw/apppart4-4.js:735
[   11345ms] [WARNING] An iframe which has both allow-scripts and allow-same-origin for its sandbox attribute can escape its sandboxing. @ https://b.static.lightning.force.com/ap60/auraFW/javascript/OUcwT3JDYUZld21JQ2ZOckR1VnppUWtVMjdnTGFERUU2S3FfSVdrcU92bkExNC4xOTIuODM4ODYwOA/aura_prod.js:48
[   11683ms] [WARNING] <lightning-spinner> The alternativeText attribute should not be empty. Please add a description of what is causing the wait. @ https://b.static.lightning.force.com/ap60/aurafile/%7B%22mode%22%3A%22PROD%22%2C%22dfs%22%3A%2229%22%2C%22app%22%3A%22one%3Aone%22%2C%22ls%22%3A1%2C%22lrmc%22%3A%22551347034%22%2C%22ln%22%3A1%7D/hIXAT73U0CHgDe4A3tCsug/apppart3-4.js:2542
[   12198ms] [ERROR] Access to image at 'https://storm-92256ceb2e63ea.file.force.com/file-asset/Screenshot_20260726_at_103321pm?v=1&height=80&width=400' from origin 'https://storm-92256ceb2e63ea.lightning.force.com' has been blocked by CORS policy: Permission was denied for this request to access the `local` address space. @ https://storm-92256ceb2e63ea.lightning.force.com/lightning:0
[   12198ms] [ERROR] Failed to load resource: net::ERR_FAILED @ https://storm-92256ceb2e63ea.file.force.com/file-asset/Screenshot_20260726_at_103321pm?v=1&height=80&width=400:0
[   12199ms] [ERROR] Access to image at 'https://storm-92256ceb2e63ea.file.force.com/profilephoto/729J2000000Ccy3/T' from origin 'https://storm-92256ceb2e63ea.lightning.force.com' has been blocked by CORS policy: Permission was denied for this request to access the `local` address space. @ https://storm-92256ceb2e63ea.lightning.force.com/lightning:0
[   12199ms] [ERROR] Failed to load resource: net::ERR_FAILED @ https://storm-92256ceb2e63ea.file.force.com/profilephoto/729J2000000Ccy3/T:0
[   15332ms] [WARNING] An iframe which has both allow-scripts and allow-same-origin for its sandbox attribute can escape its sandboxing. @ https://b.static.lightning.force.com/ap60/auraFW/javascript/OUcwT3JDYUZld21JQ2ZOckR1VnppUWtVMjdnTGFERUU2S3FfSVdrcU92bkExNC4xOTIuODM4ODYwOA/aura_prod.js:107
[   15349ms] [WARNING] An iframe which has both allow-scripts and allow-same-origin for its sandbox attribute can escape its sandboxing. @ https://b.static.lightning.force.com/ap60/auraFW/javascript/OUcwT3JDYUZld21JQ2ZOckR1VnppUWtVMjdnTGFERUU2S3FfSVdrcU92bkExNC4xOTIuODM4ODYwOA/aura_prod.js:107
[   15447ms] [WARNING] An iframe which has both allow-scripts and allow-same-origin for its sandbox attribute can escape its sandboxing. @ https://b.static.lightning.force.com/ap60/auraFW/javascript/OUcwT3JDYUZld21JQ2ZOckR1VnppUWtVMjdnTGFERUU2S3FfSVdrcU92bkExNC4xOTIuODM4ODYwOA/aura_prod.js:107
[   15456ms] [LOG] Indide getalldata @ https://b.static.lightning.force.com/ap60/auraFW/javascript/OUcwT3JDYUZld21JQ2ZOckR1VnppUWtVMjdnTGFERUU2S3FfSVdrcU92bkExNC4xOTIuODM4ODYwOA/aura_prod.js:107
[   15457ms] [LOG] Inside callgetprogram @ https://b.static.lightning.force.com/ap60/auraFW/javascript/OUcwT3JDYUZld21JQ2ZOckR1VnppUWtVMjdnTGFERUU2S3FfSVdrcU92bkExNC4xOTIuODM4ODYwOA/aura_prod.js:107
[   15694ms] [LOG] Q Demo Tracker parameters:  "{\"Page\":\"0a3728ba-2608-40c9-8399-7b2530a038e9\",\"OrgIdentifier\":\"ace46402-850c-db0c-d3d4-69808a4d71df\",\"OrgType\":\"Media\"}" @ https://b.static.lightning.force.com/ap60/auraFW/javascript/OUcwT3JDYUZld21JQ2ZOckR1VnppUWtVMjdnTGFERUU2S3FfSVdrcU92bkExNC4xOTIuODM4ODYwOA/aura_prod.js:107
[   15729ms] [LOG] >>> program apex data getProgram [Object] @ https://b.static.lightning.force.com/ap60/auraFW/javascript/OUcwT3JDYUZld21JQ2ZOckR1VnppUWtVMjdnTGFERUU2S3FfSVdrcU92bkExNC4xOTIuODM4ODYwOA/aura_prod.js:107
[   15729ms] [LOG] Active programs Proxy(Array) @ https://b.static.lightning.force.com/ap60/auraFW/javascript/OUcwT3JDYUZld21JQ2ZOckR1VnppUWtVMjdnTGFERUU2S3FfSVdrcU92bkExNC4xOTIuODM4ODYwOA/aura_prod.js:107
[   15729ms] [LOG] prog id a1YIc000000LGq5MAG @ https://b.static.lightning.force.com/ap60/auraFW/javascript/OUcwT3JDYUZld21JQ2ZOckR1VnppUWtVMjdnTGFERUU2S3FfSVdrcU92bkExNC4xOTIuODM4ODYwOA/aura_prod.js:107
[   15729ms] [LOG] mile type Icon @ https://b.static.lightning.force.com/ap60/auraFW/javascript/OUcwT3JDYUZld21JQ2ZOckR1VnppUWtVMjdnTGFERUU2S3FfSVdrcU92bkExNC4xOTIuODM4ODYwOA/aura_prod.js:107
[   15729ms] [LOG] mile type val true @ https://b.static.lightning.force.com/ap60/auraFW/javascript/OUcwT3JDYUZld21JQ2ZOckR1VnppUWtVMjdnTGFERUU2S3FfSVdrcU92bkExNC4xOTIuODM4ODYwOA/aura_prod.js:107
[   15729ms] [LOG] programmmmm>>>>> Proxy(Array) @ https://b.static.lightning.force.com/ap60/auraFW/javascript/OUcwT3JDYUZld21JQ2ZOckR1VnppUWtVMjdnTGFERUU2S3FfSVdrcU92bkExNC4xOTIuODM4ODYwOA/aura_prod.js:107
[   15734ms] [LOG] >>>>>displaying all programs Proxy(Array) @ https://b.static.lightning.force.com/ap60/auraFW/javascript/OUcwT3JDYUZld21JQ2ZOckR1VnppUWtVMjdnTGFERUU2S3FfSVdrcU92bkExNC4xOTIuODM4ODYwOA/aura_prod.js:107
[   15984ms] [LOG] Sections List Proxy(Array) @ https://b.static.lightning.force.com/ap60/auraFW/javascript/OUcwT3JDYUZld21JQ2ZOckR1VnppUWtVMjdnTGFERUU2S3FfSVdrcU92bkExNC4xOTIuODM4ODYwOA/aura_prod.js:107
[   15984ms] [LOG] Program Outcome List Proxy(Array) @ https://b.static.lightning.force.com/ap60/auraFW/javascript/OUcwT3JDYUZld21JQ2ZOckR1VnppUWtVMjdnTGFERUU2S3FfSVdrcU92bkExNC4xOTIuODM4ODYwOA/aura_prod.js:107
[   15985ms] [LOG] Icon names programOutcome @ https://b.static.lightning.force.com/ap60/auraFW/javascript/OUcwT3JDYUZld21JQ2ZOckR1VnppUWtVMjdnTGFERUU2S3FfSVdrcU92bkExNC4xOTIuODM4ODYwOA/aura_prod.js:107
[   15990ms] [LOG] Icon names Audio Recording @ https://b.static.lightning.force.com/ap60/auraFW/javascript/OUcwT3JDYUZld21JQ2ZOckR1VnppUWtVMjdnTGFERUU2S3FfSVdrcU92bkExNC4xOTIuODM4ODYwOA/aura_prod.js:107
[   15990ms] [LOG] Icon names Link @ https://b.static.lightning.force.com/ap60/auraFW/javascript/OUcwT3JDYUZld21JQ2ZOckR1VnppUWtVMjdnTGFERUU2S3FfSVdrcU92bkExNC4xOTIuODM4ODYwOA/aura_prod.js:107
[   15991ms] [LOG] Icon names milestone @ https://b.static.lightning.force.com/ap60/auraFW/javascript/OUcwT3JDYUZld21JQ2ZOckR1VnppUWtVMjdnTGFERUU2S3FfSVdrcU92bkExNC4xOTIuODM4ODYwOA/aura_prod.js:107
[   15994ms] [LOG] Icon names Lesson @ https://b.static.lightning.force.com/ap60/auraFW/javascript/OUcwT3JDYUZld21JQ2ZOckR1VnppUWtVMjdnTGFERUU2S3FfSVdrcU92bkExNC4xOTIuODM4ODYwOA/aura_prod.js:107
[   15995ms] [LOG] Icon names Video @ https://b.static.lightning.force.com/ap60/auraFW/javascript/OUcwT3JDYUZld21JQ2ZOckR1VnppUWtVMjdnTGFERUU2S3FfSVdrcU92bkExNC4xOTIuODM4ODYwOA/aura_prod.js:107
[   15995ms] [LOG] Icon names milestone @ https://b.static.lightning.force.com/ap60/auraFW/javascript/OUcwT3JDYUZld21JQ2ZOckR1VnppUWtVMjdnTGFERUU2S3FfSVdrcU92bkExNC4xOTIuODM4ODYwOA/aura_prod.js:107
[   16310ms] [WARNING] <lightning-spinner> The alternativeText attribute should not be empty. Please add a description of what is causing the wait. @ https://b.static.lightning.force.com/ap60/aurafile/%7B%22mode%22%3A%22PROD%22%2C%22dfs%22%3A%2229%22%2C%22app%22%3A%22one%3Aone%22%2C%22ls%22%3A1%2C%22lrmc%22%3A%22551347034%22%2C%22ln%22%3A1%7D/hIXAT73U0CHgDe4A3tCsug/apppart3-4.js:2542
[   19879ms] [ERROR] Access to image at 'https://storm-92256ceb2e63ea.file.force.com/profilephoto/729J2000000Ccy3/T' from origin 'https://storm-92256ceb2e63ea.lightning.force.com' has been blocked by CORS policy: Permission was denied for this request to access the `local` address space. @ https://storm-92256ceb2e63ea.lightning.force.com/lightning/r/Account/001Ic00000AHqAGIA1/view?ws=%2Flightning%2Fr%2FOpportunity%2F006J2000005Unh7IAC%2Fview:0
[   19879ms] [ERROR] Failed to load resource: net::ERR_FAILED @ https://storm-92256ceb2e63ea.file.force.com/profilephoto/729J2000000Ccy3/T:0
[   19879ms] [ERROR] Access to image at 'https://cmt-ido.s3.us-east-2.amazonaws.com/media/DemoImages/YellowStar_Style4.png' from origin 'https://storm-92256ceb2e63ea.lightning.force.com' has been blocked by CORS policy: Permission was denied for this request to access the `local` address space. @ https://storm-92256ceb2e63ea.lightning.force.com/lightning/r/Account/001Ic00000AHqAGIA1/view?ws=%2Flightning%2Fr%2FOpportunity%2F006J2000005Unh7IAC%2Fview:0
[   19879ms] [ERROR] Failed to load resource: net::ERR_FAILED @ https://cmt-ido.s3.us-east-2.amazonaws.com/media/DemoImages/YellowStar_Style4.png:0
[   19879ms] [ERROR] Access to image at 'https://cmt-ido.s3.us-east-2.amazonaws.com/media/DemoImages/EmptyStar_Style4.png' from origin 'https://storm-92256ceb2e63ea.lightning.force.com' has been blocked by CORS policy: Permission was denied for this request to access the `local` address space. @ https://storm-92256ceb2e63ea.lightning.force.com/lightning/r/Account/001Ic00000AHqAGIA1/view?ws=%2Flightning%2Fr%2FOpportunity%2F006J2000005Unh7IAC%2Fview:0
[   19879ms] [ERROR] Failed to load resource: net::ERR_FAILED @ https://cmt-ido.s3.us-east-2.amazonaws.com/media/DemoImages/EmptyStar_Style4.png:0
[   23845ms] [LOG] {InstrumentationResult :  ( RECEIVED = 40 , SUCCESS -> LOG = 40 , Topic = AILTN )  , TelemetryResponse : ( AsyncResults )O11yInstrumentationResult : O11y Logs successfully processed by instrumentation-processing: Object} @ https://b.static.lightning.force.com/ap60/aurafile/%7B%22mode%22%3A%22PROD%22%2C%22dfs%22%3A%2229%22%2C%22app%22%3A%22one%3Aone%22%2C%22ls%22%3A1%2C%22lrmc%22%3A%22551347034%22%2C%22ln%22%3A1%7D/hIXAT73U0CHgDe4A3tCsug/apppart3-4.js:436
[   24834ms] [LOG] {InstrumentationResult :  ( RECEIVED = 4 , SUCCESS -> LOG = 4 , Topic = AILTN )  , TelemetryResponse : ( AsyncResults )O11yInstrumentationResult : O11y Logs successfully processed by instrumentation-processing: Object} @ https://b.static.lightning.force.com/ap60/aurafile/%7B%22mode%22%3A%22PROD%22%2C%22dfs%22%3A%2229%22%2C%22app%22%3A%22one%3Aone%22%2C%22ls%22%3A1%2C%22lrmc%22%3A%22551347034%22%2C%22ln%22%3A1%7D/hIXAT73U0CHgDe4A3tCsug/apppart3-4.js:436
[   36506ms] [ERROR] Access to image at 'https://storm-92256ceb2e63ea.file.force.com/file-asset/Screenshot_20260726_at_103321pm?v=1&height=80&width=400' from origin 'https://storm-92256ceb2e63ea.lightning.force.com' has been blocked by CORS policy: Permission was denied for this request to access the `local` address space. @ https://storm-92256ceb2e63ea.lightning.force.com/lightning/r/Account/001Ic00000AHqAGIA1/view?ws=%2Flightning%2Fr%2FOpportunity%2F006J2000005Unh7IAC%2Fview:0
[   36506ms] [ERROR] Failed to load resource: net::ERR_FAILED @ https://storm-92256ceb2e63ea.file.force.com/file-asset/Screenshot_20260726_at_103321pm?v=1&height=80&width=400:0
[   36866ms] [ERROR] Access to image at 'https://storm-92256ceb2e63ea.file.force.com/file-asset/Screenshot_20260726_at_103321pm?v=1&height=80&width=400' from origin 'https://storm-92256ceb2e63ea.lightning.force.com' has been blocked by CORS policy: Permission was denied for this request to access the `local` address space. @ https://storm-92256ceb2e63ea.lightning.force.com/lightning/r/Account/001Ic00000AHqAGIA1/view?ws=%2Flightning%2Fr%2FOpportunity%2F006J2000005Unh7IAC%2Fview:0
[   36866ms] [ERROR] Failed to load resource: net::ERR_FAILED @ https://storm-92256ceb2e63ea.file.force.com/file-asset/Screenshot_20260726_at_103321pm?v=1&height=80&width=400:0
[   48928ms] [LOG] Indide getalldata @ https://b.static.lightning.force.com/ap60/auraFW/javascript/OUcwT3JDYUZld21JQ2ZOckR1VnppUWtVMjdnTGFERUU2S3FfSVdrcU92bkExNC4xOTIuODM4ODYwOA/aura_prod.js:107
[   48928ms] [LOG] Inside callgetprogram @ https://b.static.lightning.force.com/ap60/auraFW/javascript/OUcwT3JDYUZld21JQ2ZOckR1VnppUWtVMjdnTGFERUU2S3FfSVdrcU92bkExNC4xOTIuODM4ODYwOA/aura_prod.js:107
[   49119ms] [LOG] Q Demo Tracker parameters:  "{\"Page\":\"6f2d2219-fed4-4c74-b7b4-9c49fc3d10d2\",\"OrgIdentifier\":\"ace46402-850c-db0c-d3d4-69808a4d71df\",\"OrgType\":\"Media\"}" @ https://b.static.lightning.force.com/ap60/auraFW/javascript/OUcwT3JDYUZld21JQ2ZOckR1VnppUWtVMjdnTGFERUU2S3FfSVdrcU92bkExNC4xOTIuODM4ODYwOA/aura_prod.js:107
[   49145ms] [LOG] >>>>>displaying all programs Proxy(Array) @ https://b.static.lightning.force.com/ap60/auraFW/javascript/OUcwT3JDYUZld21JQ2ZOckR1VnppUWtVMjdnTGFERUU2S3FfSVdrcU92bkExNC4xOTIuODM4ODYwOA/aura_prod.js:107
[   49145ms] [LOG] >>> program apex data getProgram [Object] @ https://b.static.lightning.force.com/ap60/auraFW/javascript/OUcwT3JDYUZld21JQ2ZOckR1VnppUWtVMjdnTGFERUU2S3FfSVdrcU92bkExNC4xOTIuODM4ODYwOA/aura_prod.js:107
[   49145ms] [LOG] Active programs Proxy(Array) @ https://b.static.lightning.force.com/ap60/auraFW/javascript/OUcwT3JDYUZld21JQ2ZOckR1VnppUWtVMjdnTGFERUU2S3FfSVdrcU92bkExNC4xOTIuODM4ODYwOA/aura_prod.js:107
[   49145ms] [LOG] prog id a1YIc000000LGq5MAG @ https://b.static.lightning.force.com/ap60/auraFW/javascript/OUcwT3JDYUZld21JQ2ZOckR1VnppUWtVMjdnTGFERUU2S3FfSVdrcU92bkExNC4xOTIuODM4ODYwOA/aura_prod.js:107
[   49145ms] [LOG] mile type Icon @ https://b.static.lightning.force.com/ap60/auraFW/javascript/OUcwT3JDYUZld21JQ2ZOckR1VnppUWtVMjdnTGFERUU2S3FfSVdrcU92bkExNC4xOTIuODM4ODYwOA/aura_prod.js:107
[   49145ms] [LOG] mile type val true @ https://b.static.lightning.force.com/ap60/auraFW/javascript/OUcwT3JDYUZld21JQ2ZOckR1VnppUWtVMjdnTGFERUU2S3FfSVdrcU92bkExNC4xOTIuODM4ODYwOA/aura_prod.js:107
[   49145ms] [LOG] programmmmm>>>>> Proxy(Array) @ https://b.static.lightning.force.com/ap60/auraFW/javascript/OUcwT3JDYUZld21JQ2ZOckR1VnppUWtVMjdnTGFERUU2S3FfSVdrcU92bkExNC4xOTIuODM4ODYwOA/aura_prod.js:107
[   49372ms] [LOG] Sections List Proxy(Array) @ https://b.static.lightning.force.com/ap60/auraFW/javascript/OUcwT3JDYUZld21JQ2ZOckR1VnppUWtVMjdnTGFERUU2S3FfSVdrcU92bkExNC4xOTIuODM4ODYwOA/aura_prod.js:107
[   49372ms] [LOG] Program Outcome List Proxy(Array) @ https://b.static.lightning.force.com/ap60/auraFW/javascript/OUcwT3JDYUZld21JQ2ZOckR1VnppUWtVMjdnTGFERUU2S3FfSVdrcU92bkExNC4xOTIuODM4ODYwOA/aura_prod.js:107
[   49373ms] [LOG] Icon names programOutcome @ https://b.static.lightning.force.com/ap60/auraFW/javascript/OUcwT3JDYUZld21JQ2ZOckR1VnppUWtVMjdnTGFERUU2S3FfSVdrcU92bkExNC4xOTIuODM4ODYwOA/aura_prod.js:107
[   49377ms] [LOG] Icon names Audio Recording @ https://b.static.lightning.force.com/ap60/auraFW/javascript/OUcwT3JDYUZld21JQ2ZOckR1VnppUWtVMjdnTGFERUU2S3FfSVdrcU92bkExNC4xOTIuODM4ODYwOA/aura_prod.js:107
[   49377ms] [LOG] Icon names Link @ https://b.static.lightning.force.com/ap60/auraFW/javascript/OUcwT3JDYUZld21JQ2ZOckR1VnppUWtVMjdnTGFERUU2S3FfSVdrcU92bkExNC4xOTIuODM4ODYwOA/aura_prod.js:107
[   49378ms] [LOG] Icon names milestone @ https://b.static.lightning.force.com/ap60/auraFW/javascript/OUcwT3JDYUZld21JQ2ZOckR1VnppUWtVMjdnTGFERUU2S3FfSVdrcU92bkExNC4xOTIuODM4ODYwOA/aura_prod.js:107
[   49381ms] [LOG] Icon names Lesson @ https://b.static.lightning.force.com/ap60/auraFW/javascript/OUcwT3JDYUZld21JQ2ZOckR1VnppUWtVMjdnTGFERUU2S3FfSVdrcU92bkExNC4xOTIuODM4ODYwOA/aura_prod.js:107
[   49381ms] [LOG] Icon names Video @ https://b.static.lightning.force.com/ap60/auraFW/javascript/OUcwT3JDYUZld21JQ2ZOckR1VnppUWtVMjdnTGFERUU2S3FfSVdrcU92bkExNC4xOTIuODM4ODYwOA/aura_prod.js:107
[   49382ms] [LOG] Icon names milestone @ https://b.static.lightning.force.com/ap60/auraFW/javascript/OUcwT3JDYUZld21JQ2ZOckR1VnppUWtVMjdnTGFERUU2S3FfSVdrcU92bkExNC4xOTIuODM4ODYwOA/aura_prod.js:107
[   50048ms] [LOG] {InstrumentationResult :  ( RECEIVED = 10 , SUCCESS -> LOG = 10 , Topic = AILTN )  , TelemetryResponse : ( AsyncResults )O11yInstrumentationResult : O11y Logs successfully processed by instrumentation-processing: Object} @ https://b.static.lightning.force.com/ap60/aurafile/%7B%22mode%22%3A%22PROD%22%2C%22dfs%22%3A%2229%22%2C%22app%22%3A%22one%3Aone%22%2C%22ls%22%3A1%2C%22lrmc%22%3A%22551347034%22%2C%22ln%22%3A1%7D/hIXAT73U0CHgDe4A3tCsug/apppart3-4.js:436
[   50274ms] [LOG] {InstrumentationResult :  (  )  , TelemetryResponse : ( AsyncResults )O11yInstrumentationResult : O11y Logs successfully processed by instrumentation-processing: Object} @ https://b.static.lightning.force.com/ap60/aurafile/%7B%22mode%22%3A%22PROD%22%2C%22dfs%22%3A%2229%22%2C%22app%22%3A%22one%3Aone%22%2C%22ls%22%3A1%2C%22lrmc%22%3A%22551347034%22%2C%22ln%22%3A1%7D/hIXAT73U0CHgDe4A3tCsug/apppart3-4.js:436
[  101067ms] [ERROR] Access to image at 'https://storm-92256ceb2e63ea.my.salesforce.com/img/icon/t4v35/standard/ad_opportunity-120.png' from origin 'https://storm-92256ceb2e63ea.lightning.force.com' has been blocked by CORS policy: Permission was denied for this request to access the `local` address space. @ https://storm-92256ceb2e63ea.lightning.force.com/lightning/r/Opportunity/006J2000005Unh7IAC/view:0
[  101067ms] [ERROR] Failed to load resource: net::ERR_FAILED @ https://storm-92256ceb2e63ea.my.salesforce.com/img/icon/t4v35/standard/ad_opportunity-120.png:0
[  101067ms] [ERROR] Access to image at 'https://storm-92256ceb2e63ea.my.salesforce.com/img/icon/t4v35/standard/opportunity_120.png' from origin 'https://storm-92256ceb2e63ea.lightning.force.com' has been blocked by CORS policy: Permission was denied for this request to access the `local` address space. @ https://storm-92256ceb2e63ea.lightning.force.com/lightning/r/Opportunity/006J2000005Unh7IAC/view:0
[  101067ms] [ERROR] Failed to load resource: net::ERR_FAILED @ https://storm-92256ceb2e63ea.my.salesforce.com/img/icon/t4v35/standard/opportunity_120.png:0
[  101067ms] [ERROR] Access to image at 'https://storm-92256ceb2e63ea.file.force.com/profilephoto/729J2000000Ccy3/T' from origin 'https://storm-92256ceb2e63ea.lightning.force.com' has been blocked by CORS policy: Permission was denied for this request to access the `local` address space. @ https://storm-92256ceb2e63ea.lightning.force.com/lightning/r/Opportunity/006J2000005Unh7IAC/view:0
[  101067ms] [ERROR] Failed to load resource: net::ERR_FAILED @ https://storm-92256ceb2e63ea.file.force.com/profilephoto/729J2000000Ccy3/T:0
[  101241ms] [LOG] Q Demo Tracker parameters:  "{\"Page\":\"17b1059f-b8dd-46cf-893d-0f2f092419f7\",\"OrgIdentifier\":\"ace46402-850c-db0c-d3d4-69808a4d71df\",\"OrgType\":\"Media\"}" @ https://b.static.lightning.force.com/ap60/auraFW/javascript/OUcwT3JDYUZld21JQ2ZOckR1VnppUWtVMjdnTGFERUU2S3FfSVdrcU92bkExNC4xOTIuODM4ODYwOA/aura_prod.js:107
[  101402ms] [WARNING] <lightning-spinner> The alternativeText attribute should not be empty. Please add a description of what is causing the wait. @ https://b.static.lightning.force.com/ap60/aurafile/%7B%22mode%22%3A%22PROD%22%2C%22dfs%22%3A%2229%22%2C%22app%22%3A%22one%3Aone%22%2C%22ls%22%3A1%2C%22lrmc%22%3A%22551347034%22%2C%22ln%22%3A1%7D/hIXAT73U0CHgDe4A3tCsug/apppart3-4.js:2542
[  103931ms] [LOG] {InstrumentationResult :  ( RECEIVED = 17 , SUCCESS -> LOG = 17 , SUCCESS -> CE = 1 , Topic = AILTN )  , TelemetryResponse : ( AsyncResults )O11yInstrumentationResult : O11y Logs successfully processed by instrumentation-processing: Object} @ https://b.static.lightning.force.com/ap60/aurafile/%7B%22mode%22%3A%22PROD%22%2C%22dfs%22%3A%2229%22%2C%22app%22%3A%22one%3Aone%22%2C%22ls%22%3A1%2C%22lrmc%22%3A%22551347034%22%2C%22ln%22%3A1%7D/hIXAT73U0CHgDe4A3tCsug/apppart3-4.js:436
[  106270ms] [LOG] {InstrumentationResult :  (  )  , TelemetryResponse : ( AsyncResults )O11yInstrumentationResult : O11y Logs successfully processed by instrumentation-processing: Object} @ https://b.static.lightning.force.com/ap60/aurafile/%7B%22mode%22%3A%22PROD%22%2C%22dfs%22%3A%2229%22%2C%22app%22%3A%22one%3Aone%22%2C%22ls%22%3A1%2C%22lrmc%22%3A%22551347034%22%2C%22ln%22%3A1%7D/hIXAT73U0CHgDe4A3tCsug/apppart3-4.js:436
[  127347ms] [WARNING] Blocked aria-hidden on an element because its descendant retained focus. The focus must not be hidden from assistive technology users. Avoid using aria-hidden on a focused element or its ancestor. Consider using the inert attribute instead, which will also prevent focus. For more details, see the aria-hidden section of the WAI-ARIA specification at https://w3c.github.io/aria/#aria-hidden.
Element with focus: <div.introduction-body>
Ancestor with aria-hidden: <section.pinned wrapper slds-panel slds-grid slds-grid_vertical slds-is-fixed> @ https://storm-92256ceb2e63ea.lightning.force.com/lightning/r/Opportunity/006J2000005Unh7IAC/view:0
[  132013ms] [ERROR] Access to fetch at 'https://api.salesforce.com/einstein/ai-agent/v1/agents/0XxIc000000L6fWKAS/sessions' from origin 'https://storm-92256ceb2e63ea.lightning.force.com' has been blocked by CORS policy: Permission was denied for this request to access the `local` address space. @ https://storm-92256ceb2e63ea.lightning.force.com/lightning/r/Opportunity/006J2000005Unh7IAC/view:0
[  132013ms] [ERROR] Failed to load resource: net::ERR_FAILED @ https://api.salesforce.com/einstein/ai-agent/v1/agents/0XxIc000000L6fWKAS/sessions:0
[  132013ms] [LOG] %cO11Y%c Error color:white;background-color:#FF6600;font-weight:bold color:white;background-color:Crimson {name: TypeError, message: Failed to fetch, stack: TypeError: Failed to fetch
    at g._global.fetch …%7D/nZkgN1U593_LJD8XkjOmtA/apppart1-4.js:2400:483, activityId: f44d1fcab1ddf846} {timestamp: 1785282474577.8, rootId: 4c27093d97a3bfea, sequence: 225, schemaSequence: 2, loggerName: Network} @ https://b.static.lightning.force.com/ap60/aurafile/%7B%22mode%22%3A%22PROD%22%2C%22dfs%22%3A%2229%22%2C%22app%22%3A%22one%3Aone%22%2C%22ls%22%3A1%2C%22lrmc%22%3A%22551347034%22%2C%22ln%22%3A1%7D/hIXAT73U0CHgDe4A3tCsug/apppart3-4.js:2565
[  132015ms] [LOG] %cO11Y%c Error color:white;background-color:#FF6600;font-weight:bold color:white;background-color:Crimson {name: Error, message: Something went wrong. Refresh and try again., stack: Error: Something went wrong. Refresh and try again…cU92bkExNC4xOTIuODM4ODYwOA/aura_prod.js:49:53272), userPayload: Object} {timestamp: 1785282474579.0999, rootId: 4c27093d97a3bfea, sequence: 226, schemaSequence: 1, loggerName: COPILOT_O11Y} @ https://b.static.lightning.force.com/ap60/aurafile/%7B%22mode%22%3A%22PROD%22%2C%22dfs%22%3A%2229%22%2C%22app%22%3A%22one%3Aone%22%2C%22ls%22%3A1%2C%22lrmc%22%3A%22551347034%22%2C%22ln%22%3A1%7D/hIXAT73U0CHgDe4A3tCsug/apppart3-4.js:2565
[  132466ms] [LOG] {InstrumentationResult :  ( RECEIVED = 5 , SUCCESS -> LOG = 5 , Topic = AILTN )  , TelemetryResponse : ( AsyncResults )O11yInstrumentationResult : O11y Logs successfully processed by instrumentation-processing: Object} @ https://b.static.lightning.force.com/ap60/aurafile/%7B%22mode%22%3A%22PROD%22%2C%22dfs%22%3A%2229%22%2C%22app%22%3A%22one%3Aone%22%2C%22ls%22%3A1%2C%22lrmc%22%3A%22551347034%22%2C%22ln%22%3A1%7D/hIXAT73U0CHgDe4A3tCsug/apppart3-4.js:436
[  136505ms] [ERROR] Access to fetch at 'https://api.salesforce.com/einstein/ai-agent/v1/agents/0XxJ2000000XZNXKA4/sessions' from origin 'https://storm-92256ceb2e63ea.lightning.force.com' has been blocked by CORS policy: Permission was denied for this request to access the `local` address space. @ https://storm-92256ceb2e63ea.lightning.force.com/lightning/r/Opportunity/006J2000005Unh7IAC/view:0
[  136505ms] [ERROR] Failed to load resource: net::ERR_FAILED @ https://api.salesforce.com/einstein/ai-agent/v1/agents/0XxJ2000000XZNXKA4/sessions:0
[  136505ms] [LOG] %cO11Y%c Error color:white;background-color:#FF6600;font-weight:bold color:white;background-color:Crimson {name: TypeError, message: Failed to fetch, stack: TypeError: Failed to fetch
    at g._global.fetch …%7D/nZkgN1U593_LJD8XkjOmtA/apppart1-4.js:2400:483, activityId: 4ce6c3dec7f362b4} {timestamp: 1785282479069.8, rootId: 339376df7984ec9d, sequence: 231, schemaSequence: 3, loggerName: Network} @ https://b.static.lightning.force.com/ap60/aurafile/%7B%22mode%22%3A%22PROD%22%2C%22dfs%22%3A%2229%22%2C%22app%22%3A%22one%3Aone%22%2C%22ls%22%3A1%2C%22lrmc%22%3A%22551347034%22%2C%22ln%22%3A1%7D/hIXAT73U0CHgDe4A3tCsug/apppart3-4.js:2565
[  136506ms] [LOG] %cO11Y%c Error color:white;background-color:#FF6600;font-weight:bold color:white;background-color:Crimson {name: Error, message: Something went wrong. Refresh and try again., stack: Error: Something went wrong. Refresh and try again…cU92bkExNC4xOTIuODM4ODYwOA/aura_prod.js:49:53272), userPayload: Object} {timestamp: 1785282479070.5, rootId: 339376df7984ec9d, sequence: 232, schemaSequence: 2, loggerName: COPILOT_O11Y} @ https://b.static.lightning.force.com/ap60/aurafile/%7B%22mode%22%3A%22PROD%22%2C%22dfs%22%3A%2229%22%2C%22app%22%3A%22one%3Aone%22%2C%22ls%22%3A1%2C%22lrmc%22%3A%22551347034%22%2C%22ln%22%3A1%7D/hIXAT73U0CHgDe4A3tCsug/apppart3-4.js:2565
[  141295ms] [ERROR] Access to image at 'https://storm-92256ceb2e63ea.file.force.com/file-asset/Screenshot_20260726_at_103321pm?v=1' from origin 'https://storm-92256ceb2e63ea.lightning.force.com' has been blocked by CORS policy: Permission was denied for this request to access the `local` address space. @ https://storm-92256ceb2e63ea.lightning.force.com/lightning/r/Opportunity/006J2000005Unh7IAC/view:633
[  141295ms] [ERROR] Failed to load resource: net::ERR_FAILED @ https://storm-92256ceb2e63ea.file.force.com/file-asset/Screenshot_20260726_at_103321pm?v=1:0
[  141528ms] [WARNING] ComponentProfiler: Component-level profiling has not been enabled. @ https://b.static.lightning.force.com/ap60/aurafile/%7B%22mode%22%3A%22PROD%22%2C%22dfs%22%3A%2229%22%2C%22app%22%3A%22one%3Aone%22%2C%22ls%22%3A1%2C%22lrmc%22%3A%22551347034%22%2C%22ln%22%3A1%7D/t9Y1huOtftQX-tCBWeLIMw/apppart4-4.js:2351
[  141540ms] [LOG] %cO11Y%c Error color:white;background-color:#FF6600;font-weight:bold color:white;background-color:Crimson {name: Error, message: Unsupported WebVital metrics: [2], stack: Error: Unsupported WebVital metrics: [2]
    at q.…rcU92bkExNC4xOTIuODM4ODYwOA/aura_prod.js:432:183)} {timestamp: 1785282484091, rootId: undefined, sequence: 1, schemaSequence: 1, loggerName: WebVitals} @ https://b.static.lightning.force.com/ap60/aurafile/%7B%22mode%22%3A%22PROD%22%2C%22dfs%22%3A%2229%22%2C%22app%22%3A%22one%3Aone%22%2C%22ls%22%3A1%2C%22lrmc%22%3A%22551347034%22%2C%22ln%22%3A1%7D/hIXAT73U0CHgDe4A3tCsug/apppart3-4.js:2565
[  141881ms] [WARNING] An iframe which has both allow-scripts and allow-same-origin for its sandbox attribute can escape its sandboxing. @ https://b.static.lightning.force.com/ap60/auraFW/javascript/OUcwT3JDYUZld21JQ2ZOckR1VnppUWtVMjdnTGFERUU2S3FfSVdrcU92bkExNC4xOTIuODM4ODYwOA/aura_prod.js:107
[  142106ms] [ERROR] Access to image at 'https://storm-92256ceb2e63ea.file.force.com/file-asset/Screenshot_20260726_at_103321pm?v=1&height=80&width=400' from origin 'https://storm-92256ceb2e63ea.lightning.force.com' has been blocked by CORS policy: Permission was denied for this request to access the `local` address space. @ https://storm-92256ceb2e63ea.lightning.force.com/lightning/r/Opportunity/006J2000005Unh7IAC/view:0
[  142106ms] [ERROR] Failed to load resource: net::ERR_FAILED @ https://storm-92256ceb2e63ea.file.force.com/file-asset/Screenshot_20260726_at_103321pm?v=1&height=80&width=400:0
[  142133ms] [LOG] empApi setting initialized true for : undefined @ https://b.static.lightning.force.com/ap60/aurafile/%7B%22mode%22%3A%22PROD%22%2C%22dfs%22%3A%2229%22%2C%22app%22%3A%22one%3Aone%22%2C%22ls%22%3A1%2C%22lrmc%22%3A%22551347034%22%2C%22ln%22%3A1%7D/t9Y1huOtftQX-tCBWeLIMw/apppart4-4.js:735
[  142141ms] [WARNING] <meta name="apple-mobile-web-app-capable" content="yes"> is deprecated. Please include <meta name="mobile-web-app-capable" content="yes"> @ https://storm-92256ceb2e63ea.lightning.force.com/lightning/r/Opportunity/006J2000005Unh7IAC/view:0
[  142249ms] [WARNING] An iframe which has both allow-scripts and allow-same-origin for its sandbox attribute can escape its sandboxing. @ https://b.static.lightning.force.com/ap60/auraFW/javascript/OUcwT3JDYUZld21JQ2ZOckR1VnppUWtVMjdnTGFERUU2S3FfSVdrcU92bkExNC4xOTIuODM4ODYwOA/aura_prod.js:48
[  142490ms] [WARNING] An iframe which has both allow-scripts and allow-same-origin for its sandbox attribute can escape its sandboxing. @ https://b.static.lightning.force.com/ap60/auraFW/javascript/OUcwT3JDYUZld21JQ2ZOckR1VnppUWtVMjdnTGFERUU2S3FfSVdrcU92bkExNC4xOTIuODM4ODYwOA/aura_prod.js:107
[  142543ms] [ERROR] Access to image at 'https://storm-92256ceb2e63ea.my.salesforce.com/img/icon/t4v35/standard/ad_opportunity-120.png' from origin 'https://storm-92256ceb2e63ea.lightning.force.com' has been blocked by CORS policy: Permission was denied for this request to access the `local` address space. @ https://storm-92256ceb2e63ea.lightning.force.com/lightning/r/Opportunity/006J2000005Unh7IAC/view:0
[  142543ms] [ERROR] Failed to load resource: net::ERR_FAILED @ https://storm-92256ceb2e63ea.my.salesforce.com/img/icon/t4v35/standard/ad_opportunity-120.png:0
[  142543ms] [ERROR] Access to image at 'https://storm-92256ceb2e63ea.my.salesforce.com/img/icon/t4v35/standard/opportunity_120.png' from origin 'https://storm-92256ceb2e63ea.lightning.force.com' has been blocked by CORS policy: Permission was denied for this request to access the `local` address space. @ https://storm-92256ceb2e63ea.lightning.force.com/lightning/r/Opportunity/006J2000005Unh7IAC/view:0
[  142543ms] [ERROR] Failed to load resource: net::ERR_FAILED @ https://storm-92256ceb2e63ea.my.salesforce.com/img/icon/t4v35/standard/opportunity_120.png:0
[  142543ms] [ERROR] Access to image at 'https://storm-92256ceb2e63ea.file.force.com/profilephoto/729J2000000Ccy3/T' from origin 'https://storm-92256ceb2e63ea.lightning.force.com' has been blocked by CORS policy: Permission was denied for this request to access the `local` address space. @ https://storm-92256ceb2e63ea.lightning.force.com/lightning/r/Opportunity/006J2000005Unh7IAC/view:0
[  142543ms] [ERROR] Failed to load resource: net::ERR_FAILED @ https://storm-92256ceb2e63ea.file.force.com/profilephoto/729J2000000Ccy3/T:0
[  142546ms] [WARNING] <lightning-spinner> The alternativeText attribute should not be empty. Please add a description of what is causing the wait. @ https://b.static.lightning.force.com/ap60/aurafile/%7B%22mode%22%3A%22PROD%22%2C%22dfs%22%3A%2229%22%2C%22app%22%3A%22one%3Aone%22%2C%22ls%22%3A1%2C%22lrmc%22%3A%22551347034%22%2C%22ln%22%3A1%7D/hIXAT73U0CHgDe4A3tCsug/apppart3-4.js:2542
[  142556ms] [WARNING] Blocked aria-hidden on an element because its descendant retained focus. The focus must not be hidden from assistive technology users. Avoid using aria-hidden on a focused element or its ancestor. Consider using the inert attribute instead, which will also prevent focus. For more details, see the aria-hidden section of the WAI-ARIA specification at https://w3c.github.io/aria/#aria-hidden.
Element with focus: <a.tabHeader slds-context-bar__label-action >
Ancestor with aria-hidden: <div.tabBar slds-grid needsReflow> @ https://storm-92256ceb2e63ea.lightning.force.com/lightning/r/Opportunity/006J2000005Unh7IAC/view:0
[  142643ms] [WARNING] <lightning-spinner> The alternativeText attribute should not be empty. Please add a description of what is causing the wait. @ https://b.static.lightning.force.com/ap60/aurafile/%7B%22mode%22%3A%22PROD%22%2C%22dfs%22%3A%2229%22%2C%22app%22%3A%22one%3Aone%22%2C%22ls%22%3A1%2C%22lrmc%22%3A%22551347034%22%2C%22ln%22%3A1%7D/hIXAT73U0CHgDe4A3tCsug/apppart3-4.js:2542
[  142690ms] [ERROR] Access to image at 'https://storm-92256ceb2e63ea.file.force.com/profilephoto/729J2000000Ccy3/T' from origin 'https://storm-92256ceb2e63ea.lightning.force.com' has been blocked by CORS policy: Permission was denied for this request to access the `local` address space. @ https://storm-92256ceb2e63ea.lightning.force.com/lightning/r/Opportunity/006J2000005Unh7IAC/view:0
[  142690ms] [ERROR] Failed to load resource: net::ERR_FAILED @ https://storm-92256ceb2e63ea.file.force.com/profilephoto/729J2000000Ccy3/T:0
[  142714ms] [LOG] Q Demo Tracker parameters:  "{\"Page\":\"17b1059f-b8dd-46cf-893d-0f2f092419f7\",\"OrgIdentifier\":\"ace46402-850c-db0c-d3d4-69808a4d71df\",\"OrgType\":\"Media\"}" @ https://b.static.lightning.force.com/ap60/auraFW/javascript/OUcwT3JDYUZld21JQ2ZOckR1VnppUWtVMjdnTGFERUU2S3FfSVdrcU92bkExNC4xOTIuODM4ODYwOA/aura_prod.js:107
[  144282ms] [WARNING] Blocked aria-hidden on an element because its descendant retained focus. The focus must not be hidden from assistive technology users. Avoid using aria-hidden on a focused element or its ancestor. Consider using the inert attribute instead, which will also prevent focus. For more details, see the aria-hidden section of the WAI-ARIA specification at https://w3c.github.io/aria/#aria-hidden.
Element with focus: <textarea.slds-input chat-box>
Ancestor with aria-hidden: <section.wrapper slds-panel slds-grid slds-grid_vertical slds-is-fixed> @ https://storm-92256ceb2e63ea.lightning.force.com/lightning/r/Opportunity/006J2000005Unh7IAC/view:0
[  145112ms] [ERROR] Access to fetch at 'https://api.salesforce.com/einstein/ai-agent/v1/agents/0XxIc000000L6fWKAS/sessions' from origin 'https://storm-92256ceb2e63ea.lightning.force.com' has been blocked by CORS policy: Permission was denied for this request to access the `local` address space. @ https://storm-92256ceb2e63ea.lightning.force.com/lightning/r/Opportunity/006J2000005Unh7IAC/view:0
[  145112ms] [ERROR] Failed to load resource: net::ERR_FAILED @ https://api.salesforce.com/einstein/ai-agent/v1/agents/0XxIc000000L6fWKAS/sessions:0
[  145112ms] [LOG] %cO11Y%c Error color:white;background-color:#FF6600;font-weight:bold color:white;background-color:Crimson {name: TypeError, message: Failed to fetch, stack: TypeError: Failed to fetch
    at g._global.fetch …%7D/nZkgN1U593_LJD8XkjOmtA/apppart1-4.js:2400:483, activityId: 0c03580b9fbdb015} {timestamp: 1785282487667.8, rootId: undefined, sequence: 103, schemaSequence: 2, loggerName: Network} @ https://b.static.lightning.force.com/ap60/aurafile/%7B%22mode%22%3A%22PROD%22%2C%22dfs%22%3A%2229%22%2C%22app%22%3A%22one%3Aone%22%2C%22ls%22%3A1%2C%22lrmc%22%3A%22551347034%22%2C%22ln%22%3A1%7D/hIXAT73U0CHgDe4A3tCsug/apppart3-4.js:2565
[  145115ms] [LOG] %cO11Y%c Error color:white;background-color:#FF6600;font-weight:bold color:white;background-color:Crimson {name: Error, message: Something went wrong. Refresh and try again., stack: Error: Something went wrong. Refresh and try again…cU92bkExNC4xOTIuODM4ODYwOA/aura_prod.js:49:53272), userPayload: Object} {timestamp: 1785282487670.6, rootId: undefined, sequence: 104, schemaSequence: 1, loggerName: COPILOT_O11Y} @ https://b.static.lightning.force.com/ap60/aurafile/%7B%22mode%22%3A%22PROD%22%2C%22dfs%22%3A%2229%22%2C%22app%22%3A%22one%3Aone%22%2C%22ls%22%3A1%2C%22lrmc%22%3A%22551347034%22%2C%22ln%22%3A1%7D/hIXAT73U0CHgDe4A3tCsug/apppart3-4.js:2565
[  145571ms] [LOG] {InstrumentationResult :  ( RECEIVED = 34 , SUCCESS -> LOG = 34 , SUCCESS -> CE = 1 , Topic = AILTN )  , TelemetryResponse : ( AsyncResults )O11yInstrumentationResult : O11y Logs successfully processed by instrumentation-processing: Object} @ https://b.static.lightning.force.com/ap60/aurafile/%7B%22mode%22%3A%22PROD%22%2C%22dfs%22%3A%2229%22%2C%22app%22%3A%22one%3Aone%22%2C%22ls%22%3A1%2C%22lrmc%22%3A%22551347034%22%2C%22ln%22%3A1%7D/hIXAT73U0CHgDe4A3tCsug/apppart3-4.js:436
[  146302ms] [LOG] {InstrumentationResult :  ( RECEIVED = 4 , SUCCESS -> LOG = 4 , Topic = AILTN )  , TelemetryResponse : ( AsyncResults )O11yInstrumentationResult : O11y Logs successfully processed by instrumentation-processing: Object} @ https://b.static.lightning.force.com/ap60/aurafile/%7B%22mode%22%3A%22PROD%22%2C%22dfs%22%3A%2229%22%2C%22app%22%3A%22one%3Aone%22%2C%22ls%22%3A1%2C%22lrmc%22%3A%22551347034%22%2C%22ln%22%3A1%7D/hIXAT73U0CHgDe4A3tCsug/apppart3-4.js:436
[  148305ms] [ERROR] Access to fetch at 'https://api.salesforce.com/einstein/ai-agent/v1/agents/0XxJ2000000XZNXKA4/sessions' from origin 'https://storm-92256ceb2e63ea.lightning.force.com' has been blocked by CORS policy: Permission was denied for this request to access the `local` address space. @ https://storm-92256ceb2e63ea.lightning.force.com/lightning/r/Opportunity/006J2000005Unh7IAC/view:0
[  148305ms] [ERROR] Failed to load resource: net::ERR_FAILED @ https://api.salesforce.com/einstein/ai-agent/v1/agents/0XxJ2000000XZNXKA4/sessions:0
[  148305ms] [LOG] %cO11Y%c Error color:white;background-color:#FF6600;font-weight:bold color:white;background-color:Crimson {name: TypeError, message: Failed to fetch, stack: TypeError: Failed to fetch
    at g._global.fetch …%7D/nZkgN1U593_LJD8XkjOmtA/apppart1-4.js:2400:483, activityId: b7de1604e5096e1f} {timestamp: 1785282490860.8, rootId: 3c736d495da0ea54, sequence: 116, schemaSequence: 3, loggerName: Network} @ https://b.static.lightning.force.com/ap60/aurafile/%7B%22mode%22%3A%22PROD%22%2C%22dfs%22%3A%2229%22%2C%22app%22%3A%22one%3Aone%22%2C%22ls%22%3A1%2C%22lrmc%22%3A%22551347034%22%2C%22ln%22%3A1%7D/hIXAT73U0CHgDe4A3tCsug/apppart3-4.js:2565
[  148306ms] [LOG] %cO11Y%c Error color:white;background-color:#FF6600;font-weight:bold color:white;background-color:Crimson {name: Error, message: Something went wrong. Refresh and try again., stack: Error: Something went wrong. Refresh and try again…cU92bkExNC4xOTIuODM4ODYwOA/aura_prod.js:49:53272), userPayload: Object} {timestamp: 1785282490861.7, rootId: 3c736d495da0ea54, sequence: 117, schemaSequence: 2, loggerName: COPILOT_O11Y} @ https://b.static.lightning.force.com/ap60/aurafile/%7B%22mode%22%3A%22PROD%22%2C%22dfs%22%3A%2229%22%2C%22app%22%3A%22one%3Aone%22%2C%22ls%22%3A1%2C%22lrmc%22%3A%22551347034%22%2C%22ln%22%3A1%7D/hIXAT73U0CHgDe4A3tCsug/apppart3-4.js:2565
[  155240ms] [LOG] {InstrumentationResult :  ( RECEIVED = 1 , SUCCESS -> LOG = 1 , Topic = AILTN )  , TelemetryResponse : ( AsyncResults )O11yInstrumentationResult : O11y Logs successfully processed by instrumentation-processing: Object} @ https://b.static.lightning.force.com/ap60/aurafile/%7B%22mode%22%3A%22PROD%22%2C%22dfs%22%3A%2229%22%2C%22app%22%3A%22one%3Aone%22%2C%22ls%22%3A1%2C%22lrmc%22%3A%22551347034%22%2C%22ln%22%3A1%7D/hIXAT73U0CHgDe4A3tCsug/apppart3-4.js:436
[  162776ms] [ERROR] Access to image at 'https://storm-92256ceb2e63ea.file.force.com/file-asset/Screenshot_20260726_at_103321pm?v=1' from origin 'https://storm-92256ceb2e63ea.lightning.force.com' has been blocked by CORS policy: Permission was denied for this request to access the `local` address space. @ https://storm-92256ceb2e63ea.lightning.force.com/lightning/r/Opportunity/006J2000005Unh7IAC/view:633
[  162776ms] [ERROR] Failed to load resource: net::ERR_FAILED @ https://storm-92256ceb2e63ea.file.force.com/file-asset/Screenshot_20260726_at_103321pm?v=1:0
[  163046ms] [WARNING] ComponentProfiler: Component-level profiling has not been enabled. @ https://b.static.lightning.force.com/ap60/aurafile/%7B%22mode%22%3A%22PROD%22%2C%22dfs%22%3A%2229%22%2C%22app%22%3A%22one%3Aone%22%2C%22ls%22%3A1%2C%22lrmc%22%3A%22551347034%22%2C%22ln%22%3A1%7D/t9Y1huOtftQX-tCBWeLIMw/apppart4-4.js:2351
[  163053ms] [LOG] %cO11Y%c Error color:white;background-color:#FF6600;font-weight:bold color:white;background-color:Crimson {name: Error, message: Unsupported WebVital metrics: [2], stack: Error: Unsupported WebVital metrics: [2]
    at q.…rcU92bkExNC4xOTIuODM4ODYwOA/aura_prod.js:432:183)} {timestamp: 1785282505608.7002, rootId: undefined, sequence: 1, schemaSequence: 1, loggerName: WebVitals} @ https://b.static.lightning.force.com/ap60/aurafile/%7B%22mode%22%3A%22PROD%22%2C%22dfs%22%3A%2229%22%2C%22app%22%3A%22one%3Aone%22%2C%22ls%22%3A1%2C%22lrmc%22%3A%22551347034%22%2C%22ln%22%3A1%7D/hIXAT73U0CHgDe4A3tCsug/apppart3-4.js:2565
[  163120ms] [ERROR] Access to image at 'https://storm-92256ceb2e63ea.file.force.com/file-asset/Screenshot_20260726_at_103321pm?v=1&height=80&width=400' from origin 'https://storm-92256ceb2e63ea.lightning.force.com' has been blocked by CORS policy: Permission was denied for this request to access the `local` address space. @ https://storm-92256ceb2e63ea.lightning.force.com/lightning/r/Opportunity/006J2000005Unh7IAC/view:0
[  163120ms] [ERROR] Failed to load resource: net::ERR_FAILED @ https://storm-92256ceb2e63ea.file.force.com/file-asset/Screenshot_20260726_at_103321pm?v=1&height=80&width=400:0
[  163128ms] [LOG] empApi setting initialized true for : undefined @ https://b.static.lightning.force.com/ap60/aurafile/%7B%22mode%22%3A%22PROD%22%2C%22dfs%22%3A%2229%22%2C%22app%22%3A%22one%3Aone%22%2C%22ls%22%3A1%2C%22lrmc%22%3A%22551347034%22%2C%22ln%22%3A1%7D/t9Y1huOtftQX-tCBWeLIMw/apppart4-4.js:735
[  163413ms] [WARNING] An iframe which has both allow-scripts and allow-same-origin for its sandbox attribute can escape its sandboxing. @ https://b.static.lightning.force.com/ap60/auraFW/javascript/OUcwT3JDYUZld21JQ2ZOckR1VnppUWtVMjdnTGFERUU2S3FfSVdrcU92bkExNC4xOTIuODM4ODYwOA/aura_prod.js:48
[  163421ms] [WARNING] Notifications permission has been blocked as the user has dismissed the permission prompt several times. This can be reset in Page Info which can be accessed by clicking the tune icon next to the URL. See https://www.chromestatus.com/feature/6443143280984064 for more information. @ https://storm-92256ceb2e63ea.lightning.force.com/lightning/r/Opportunity/006J2000005Unh7IAC/view:0
[  163634ms] [ERROR] Access to image at 'https://storm-92256ceb2e63ea.file.force.com/profilephoto/729J2000000Ccy3/T' from origin 'https://storm-92256ceb2e63ea.lightning.force.com' has been blocked by CORS policy: Permission was denied for this request to access the `local` address space. @ https://storm-92256ceb2e63ea.lightning.force.com/lightning/r/Opportunity/006J2000005Unh7IAC/view:0
[  163634ms] [ERROR] Failed to load resource: net::ERR_FAILED @ https://storm-92256ceb2e63ea.file.force.com/profilephoto/729J2000000Ccy3/T:0
[  163916ms] [WARNING] <lightning-spinner> The alternativeText attribute should not be empty. Please add a description of what is causing the wait. @ https://b.static.lightning.force.com/ap60/aurafile/%7B%22mode%22%3A%22PROD%22%2C%22dfs%22%3A%2229%22%2C%22app%22%3A%22one%3Aone%22%2C%22ls%22%3A1%2C%22lrmc%22%3A%22551347034%22%2C%22ln%22%3A1%7D/hIXAT73U0CHgDe4A3tCsug/apppart3-4.js:2542
[  163936ms] [WARNING] An iframe which has both allow-scripts and allow-same-origin for its sandbox attribute can escape its sandboxing. @ https://b.static.lightning.force.com/ap60/auraFW/javascript/OUcwT3JDYUZld21JQ2ZOckR1VnppUWtVMjdnTGFERUU2S3FfSVdrcU92bkExNC4xOTIuODM4ODYwOA/aura_prod.js:107
[  163995ms] [WARNING] An iframe which has both allow-scripts and allow-same-origin for its sandbox attribute can escape its sandboxing. @ https://b.static.lightning.force.com/ap60/auraFW/javascript/OUcwT3JDYUZld21JQ2ZOckR1VnppUWtVMjdnTGFERUU2S3FfSVdrcU92bkExNC4xOTIuODM4ODYwOA/aura_prod.js:107
[  164033ms] [ERROR] Access to image at 'https://storm-92256ceb2e63ea.my.salesforce.com/img/icon/t4v35/standard/ad_opportunity-120.png' from origin 'https://storm-92256ceb2e63ea.lightning.force.com' has been blocked by CORS policy: Permission was denied for this request to access the `local` address space. @ https://storm-92256ceb2e63ea.lightning.force.com/lightning/r/Opportunity/006J2000005Unh7IAC/view:0
[  164033ms] [ERROR] Failed to load resource: net::ERR_FAILED @ https://storm-92256ceb2e63ea.my.salesforce.com/img/icon/t4v35/standard/ad_opportunity-120.png:0
[  164204ms] [WARNING] <meta name="apple-mobile-web-app-capable" content="yes"> is deprecated. Please include <meta name="mobile-web-app-capable" content="yes"> @ https://storm-92256ceb2e63ea.lightning.force.com/lightning/r/Opportunity/006J2000005Unh7IAC/view:0
[  164217ms] [LOG] Q Demo Tracker parameters:  "{\"Page\":\"17b1059f-b8dd-46cf-893d-0f2f092419f7\",\"OrgIdentifier\":\"ace46402-850c-db0c-d3d4-69808a4d71df\",\"OrgType\":\"Media\"}" @ https://b.static.lightning.force.com/ap60/auraFW/javascript/OUcwT3JDYUZld21JQ2ZOckR1VnppUWtVMjdnTGFERUU2S3FfSVdrcU92bkExNC4xOTIuODM4ODYwOA/aura_prod.js:107
[  164329ms] [ERROR] Access to image at 'https://storm-92256ceb2e63ea.my.salesforce.com/img/icon/t4v35/standard/opportunity_120.png' from origin 'https://storm-92256ceb2e63ea.lightning.force.com' has been blocked by CORS policy: Permission was denied for this request to access the `local` address space. @ https://storm-92256ceb2e63ea.lightning.force.com/lightning/r/Opportunity/006J2000005Unh7IAC/view:0
[  164329ms] [ERROR] Failed to load resource: net::ERR_FAILED @ https://storm-92256ceb2e63ea.my.salesforce.com/img/icon/t4v35/standard/opportunity_120.png:0
[  164340ms] [ERROR] Access to image at 'https://storm-92256ceb2e63ea.file.force.com/profilephoto/729J2000000Ccy3/T' from origin 'https://storm-92256ceb2e63ea.lightning.force.com' has been blocked by CORS policy: Permission was denied for this request to access the `local` address space. @ https://storm-92256ceb2e63ea.lightning.force.com/lightning/r/Opportunity/006J2000005Unh7IAC/view:0
[  164340ms] [ERROR] Failed to load resource: net::ERR_FAILED @ https://storm-92256ceb2e63ea.file.force.com/profilephoto/729J2000000Ccy3/T:0
[  164350ms] [WARNING] <lightning-spinner> The alternativeText attribute should not be empty. Please add a description of what is causing the wait. @ https://b.static.lightning.force.com/ap60/aurafile/%7B%22mode%22%3A%22PROD%22%2C%22dfs%22%3A%2229%22%2C%22app%22%3A%22one%3Aone%22%2C%22ls%22%3A1%2C%22lrmc%22%3A%22551347034%22%2C%22ln%22%3A1%7D/hIXAT73U0CHgDe4A3tCsug/apppart3-4.js:2542
[  165796ms] [WARNING] Blocked aria-hidden on an element because its descendant retained focus. The focus must not be hidden from assistive technology users. Avoid using aria-hidden on a focused element or its ancestor. Consider using the inert attribute instead, which will also prevent focus. For more details, see the aria-hidden section of the WAI-ARIA specification at https://w3c.github.io/aria/#aria-hidden.
Element with focus: <textarea.slds-input chat-box>
Ancestor with aria-hidden: <section.wrapper slds-panel slds-grid slds-grid_vertical slds-is-fixed> @ https://storm-92256ceb2e63ea.lightning.force.com/lightning/r/Opportunity/006J2000005Unh7IAC/view:0
[  166155ms] [WARNING] Notifications permission has been blocked as the user has dismissed the permission prompt several times. This can be reset in Page Info which can be accessed by clicking the tune icon next to the URL. See https://www.chromestatus.com/feature/6443143280984064 for more information. @ https://storm-92256ceb2e63ea.lightning.force.com/lightning/r/Opportunity/006J2000005Unh7IAC/view:0
[  166428ms] [ERROR] Access to fetch at 'https://api.salesforce.com/einstein/ai-agent/v1/agents/0XxIc000000L6fWKAS/sessions' from origin 'https://storm-92256ceb2e63ea.lightning.force.com' has been blocked by CORS policy: Permission was denied for this request to access the `local` address space. @ https://storm-92256ceb2e63ea.lightning.force.com/lightning/r/Opportunity/006J2000005Unh7IAC/view:0
[  166428ms] [ERROR] Failed to load resource: net::ERR_FAILED @ https://api.salesforce.com/einstein/ai-agent/v1/agents/0XxIc000000L6fWKAS/sessions:0
[  166429ms] [LOG] %cO11Y%c Error color:white;background-color:#FF6600;font-weight:bold color:white;background-color:Crimson {name: TypeError, message: Failed to fetch, stack: TypeError: Failed to fetch
    at g._global.fetch …%7D/nZkgN1U593_LJD8XkjOmtA/apppart1-4.js:2400:483, activityId: 0f624cfc2013cc9f} {timestamp: 1785282508984.5, rootId: undefined, sequence: 95, schemaSequence: 2, loggerName: Network} @ https://b.static.lightning.force.com/ap60/aurafile/%7B%22mode%22%3A%22PROD%22%2C%22dfs%22%3A%2229%22%2C%22app%22%3A%22one%3Aone%22%2C%22ls%22%3A1%2C%22lrmc%22%3A%22551347034%22%2C%22ln%22%3A1%7D/hIXAT73U0CHgDe4A3tCsug/apppart3-4.js:2565
[  166431ms] [LOG] %cO11Y%c Error color:white;background-color:#FF6600;font-weight:bold color:white;background-color:Crimson {name: Error, message: Something went wrong. Refresh and try again., stack: Error: Something went wrong. Refresh and try again…cU92bkExNC4xOTIuODM4ODYwOA/aura_prod.js:49:53272), userPayload: Object} {timestamp: 1785282508986.8, rootId: undefined, sequence: 96, schemaSequence: 1, loggerName: COPILOT_O11Y} @ https://b.static.lightning.force.com/ap60/aurafile/%7B%22mode%22%3A%22PROD%22%2C%22dfs%22%3A%2229%22%2C%22app%22%3A%22one%3Aone%22%2C%22ls%22%3A1%2C%22lrmc%22%3A%22551347034%22%2C%22ln%22%3A1%7D/hIXAT73U0CHgDe4A3tCsug/apppart3-4.js:2565
[  167143ms] [LOG] {InstrumentationResult :  ( RECEIVED = 35 , SUCCESS -> LOG = 35 , SUCCESS -> CE = 1 , Topic = AILTN )  , TelemetryResponse : ( AsyncResults )O11yInstrumentationResult : O11y Logs successfully processed by instrumentation-processing: Object} @ https://b.static.lightning.force.com/ap60/aurafile/%7B%22mode%22%3A%22PROD%22%2C%22dfs%22%3A%2229%22%2C%22app%22%3A%22one%3Aone%22%2C%22ls%22%3A1%2C%22lrmc%22%3A%22551347034%22%2C%22ln%22%3A1%7D/hIXAT73U0CHgDe4A3tCsug/apppart3-4.js:436
[  168135ms] [LOG] {InstrumentationResult :  ( RECEIVED = 5 , SUCCESS -> LOG = 5 , Topic = AILTN )  , TelemetryResponse : ( AsyncResults )O11yInstrumentationResult : O11y Logs successfully processed by instrumentation-processing: Object} @ https://b.static.lightning.force.com/ap60/aurafile/%7B%22mode%22%3A%22PROD%22%2C%22dfs%22%3A%2229%22%2C%22app%22%3A%22one%3Aone%22%2C%22ls%22%3A1%2C%22lrmc%22%3A%22551347034%22%2C%22ln%22%3A1%7D/hIXAT73U0CHgDe4A3tCsug/apppart3-4.js:436
