[    3040ms] [ERROR] Access to script at 'https://c.salesforce.com/digital/@sfdc-www/clientlibs-web-components/v1-stable/identity.js' from origin 'https://www.salesforce.com' has been blocked by CORS policy: Permission was denied for this request to access the `local` address space. @ https://www.salesforce.com/sales/pricing/:0
[    3040ms] [ERROR] Failed to load resource: net::ERR_FAILED @ https://c.salesforce.com/digital/@sfdc-www/clientlibs-web-components/v1-stable/identity.js:0
[    3040ms] [ERROR] Access to script at 'https://c.salesforce.com/digital/@sfdc-ogs/v1-stable/sdk/interactions.js' from origin 'https://www.salesforce.com' has been blocked by CORS policy: Permission was denied for this request to access the `local` address space. @ https://www.salesforce.com/sales/pricing/:0
[    3040ms] [ERROR] Failed to load resource: net::ERR_FAILED @ https://c.salesforce.com/digital/@sfdc-ogs/v1-stable/sdk/interactions.js:0
[    3040ms] [ERROR] Access to script at 'https://c.salesforce.com/digital/@sfdc-www-emu/pbc-core-analytics/v1-stable/comp-data.js' from origin 'https://www.salesforce.com' has been blocked by CORS policy: Permission was denied for this request to access the `local` address space. @ https://www.salesforce.com/sales/pricing/:0
[    3040ms] [ERROR] Failed to load resource: net::ERR_FAILED @ https://c.salesforce.com/digital/@sfdc-www-emu/pbc-core-analytics/v1-stable/comp-data.js:0
[    3040ms] [ERROR] Access to script at 'https://c.salesforce.com/digital/@sfdc-www-emu/page-builder-miaw-ui/v1-stable/page-builder-miaw-ui.js' from origin 'https://www.salesforce.com' has been blocked by CORS policy: Permission was denied for this request to access the `local` address space. @ https://www.salesforce.com/sales/pricing/:0
[    3041ms] [ERROR] Failed to load resource: net::ERR_FAILED @ https://c.salesforce.com/digital/@sfdc-www-emu/page-builder-miaw-ui/v1-stable/page-builder-miaw-ui.js:0
[    3041ms] [ERROR] Access to image at 'https://wp.sfdcdigital.com/en-us/wp-content/uploads/sites/4/2023/08/marquee-pricing-sales-background-mobile-1.jpg?resize=1461,2048' from origin 'https://www.salesforce.com' has been blocked by CORS policy: Permission was denied for this request to access the `local` address space. @ https://www.salesforce.com/sales/pricing/:0
[    3041ms] [ERROR] Failed to load resource: net::ERR_FAILED @ https://wp.sfdcdigital.com/en-us/wp-content/uploads/sites/4/2023/08/marquee-pricing-sales-background-mobile-1.jpg?resize=1461,2048:0
[    3041ms] [ERROR] Access to image at 'https://wp.sfdcdigital.com/en-us/wp-content/uploads/sites/4/2023/08/marquee-pricing-sales-background-desktop-1.jpg?resize=2048,640' from origin 'https://www.salesforce.com' has been blocked by CORS policy: Permission was denied for this request to access the `local` address space. @ https://www.salesforce.com/sales/pricing/:0
[    3041ms] [ERROR] Failed to load resource: net::ERR_FAILED @ https://wp.sfdcdigital.com/en-us/wp-content/uploads/sites/4/2023/08/marquee-pricing-sales-background-desktop-1.jpg?resize=2048,640:0
[    3041ms] [ERROR] Access to script at 'https://c.salesforce.com/digital/@sfdc-www/clientlibs-web-components/v1-stable/top.js' from origin 'https://www.salesforce.com' has been blocked by CORS policy: Permission was denied for this request to access the `local` address space. @ https://www.salesforce.com/sales/pricing/:0
[    3042ms] [ERROR] Failed to load resource: net::ERR_FAILED @ https://c.salesforce.com/digital/@sfdc-www/clientlibs-web-components/v1-stable/top.js:0
[    4314ms] [ERROR] Access to image at 'https://wp.sfdcdigital.com/en-us/wp-content/uploads/sites/4/2023/01/salescloud-background-curveup-landscape2.png?resize=2048,345' from origin 'https://www.salesforce.com' has been blocked by CORS policy: Permission was denied for this request to access the `local` address space. @ https://www.salesforce.com/sales/pricing/:0
[    4314ms] [ERROR] Failed to load resource: net::ERR_FAILED @ https://wp.sfdcdigital.com/en-us/wp-content/uploads/sites/4/2023/01/salescloud-background-curveup-landscape2.png?resize=2048,345:0
[    4314ms] [ERROR] Access to script at 'https://c.salesforce.com/digital/one-trust/core/stable/scripttemplates/otSDKStub.js' from origin 'https://www.salesforce.com' has been blocked by CORS policy: Permission was denied for this request to access the `local` address space. @ https://www.salesforce.com/sales/pricing/:0
[    4314ms] [ERROR] Failed to load resource: net::ERR_FAILED @ https://c.salesforce.com/digital/one-trust/core/stable/scripttemplates/otSDKStub.js:0
[    4315ms] [ERROR] Access to script at 'https://c.salesforce.com/digital/@sfdc-www/clientlibs-web-components/v1-stable/bottom.js' from origin 'https://www.salesforce.com' has been blocked by CORS policy: Permission was denied for this request to access the `local` address space. @ https://www.salesforce.com/sales/pricing/:0
[    4315ms] [ERROR] Failed to load resource: net::ERR_FAILED @ https://c.salesforce.com/digital/@sfdc-www/clientlibs-web-components/v1-stable/bottom.js:0
[    4315ms] [ERROR] Access to script at 'https://c.salesforce.com/digital/@sfdc-www/clientlibs-web-components/v1-stable/ot-ext.js' from origin 'https://www.salesforce.com' has been blocked by CORS policy: Permission was denied for this request to access the `local` address space. @ https://www.salesforce.com/sales/pricing/:0
[    4315ms] [ERROR] Failed to load resource: net::ERR_FAILED @ https://c.salesforce.com/digital/@sfdc-www/clientlibs-web-components/v1-stable/ot-ext.js:0
[    4315ms] [ERROR] Access to script at 'https://c.salesforce.com/digital/@sfdc-www/clientlibs-web-components/v1-stable/legacy.js' from origin 'https://www.salesforce.com' has been blocked by CORS policy: Permission was denied for this request to access the `local` address space. @ https://www.salesforce.com/sales/pricing/:0
[    4315ms] [ERROR] Failed to load resource: net::ERR_FAILED @ https://c.salesforce.com/digital/@sfdc-www/clientlibs-web-components/v1-stable/legacy.js:0
[    6130ms] [ERROR] Failed to load resource: the server responded with a status of 404 () @ https://www.salesforce.com/HdkC_/fFvF/MqeE/wl0T0m/_/uwpONX3i5JQiDQ/Zgk2RSxITAw/Ti/YKeUdBdggC:0
[   29910ms] [ERROR] Access to image at 'https://wp.sfdcdigital.com/en-us/wp-content/uploads/sites/4/2024/11/logo-salesforce.svg?w=1024' from origin 'https://www.salesforce.com' has been blocked by CORS policy: Permission was denied for this request to access the `local` address space. @ https://www.salesforce.com/sales/pricing/:0
[   29910ms] [ERROR] Failed to load resource: net::ERR_FAILED @ https://wp.sfdcdigital.com/en-us/wp-content/uploads/sites/4/2024/11/logo-salesforce.svg?w=1024:0
[   29929ms] [ERROR] Access to image at 'https://wp.sfdcdigital.com/en-us/wp-content/uploads/sites/4/2023/04/bg-sales-cloud-pricing-cloud-divider.webp?resize=2048,230' from origin 'https://www.salesforce.com' has been blocked by CORS policy: Permission was denied for this request to access the `local` address space. @ https://www.salesforce.com/sales/pricing/:0
[   29929ms] [ERROR] Failed to load resource: net::ERR_FAILED @ https://wp.sfdcdigital.com/en-us/wp-content/uploads/sites/4/2023/04/bg-sales-cloud-pricing-cloud-divider.webp?resize=2048,230:0
[   29929ms] [ERROR] Access to script at 'https://c.salesforce.com/digital/@sfdc-ogs/v1-latest/sdk/interactions-core.js' from origin 'https://www.salesforce.com' has been blocked by CORS policy: Permission was denied for this request to access the `local` address space. @ https://www.salesforce.com/sales/pricing/:0
[   29929ms] [ERROR] Failed to load resource: net::ERR_FAILED @ https://c.salesforce.com/digital/@sfdc-ogs/v1-latest/sdk/interactions-core.js:0
[   29929ms] [ERROR] Access to fetch at 'https://wp.sfdcdigital.com/en-us/wp-json/c360/experience/v1/navigation' from origin 'https://www.salesforce.com' has been blocked by CORS policy: Permission was denied for this request to access the `local` address space. @ https://www.salesforce.com/sales/pricing/:0
[   29929ms] [ERROR] Failed to load resource: net::ERR_FAILED @ https://wp.sfdcdigital.com/en-us/wp-json/c360/experience/v1/navigation:0
[   29930ms] [ERROR] API error TypeError: Failed to fetch
    at ii.getNavData (https://a.sfdcstatic.com/digital/xsf/components/v1-stable/navs.js:1:88961)
    at ii.update (https://a.sfdcstatic.com/digital/xsf/components/v1-stable/navs.js:1:88478)
    at https://a.sfdcstatic.com/digital/xsf/components/v1-stable/navs.js:1:25205
    at ao (https://a.sfdcstatic.com/digital/xsf/components/v1-stable/navs.js:1:52720)
    at https://a.sfdcstatic.com/digital/xsf/components/v1-stable/navs.js:1:25189
    at i (https://a.sfdcstatic.com/digital/xsf/components/v1-stable/navs.js:1:25126) @ https://s.go-mpulse.net/boomerang/NCPYV-VGJPP-N4J93-8HN3B-8B6S3:9
[   29930ms] [ERROR] Access to script at 'https://c.salesforce.com/digital/iis/v1-stable/iis.min.js' (redirected from 'https://www.salesforce.com/c/public/redirect/auth.js') from origin 'https://www.salesforce.com' has been blocked by CORS policy: Permission was denied for this request to access the `local` address space. @ https://www.salesforce.com/sales/pricing/:0
[   29930ms] [ERROR] Failed to load resource: net::ERR_FAILED @ https://c.salesforce.com/digital/iis/v1-stable/iis.min.js:0
[   29951ms] [WARNING] [PBC] CRITICAL: OGS getUtmHistory() failed, falling back to sync digitalData read. This reintroduces race condition where digitalData.utm may be undefined during page load. {error: TypeError, message: Failed to fetch dynamically imported module: https…ital/@sfdc-ogs/v1-latest/sdk/interactions-core.js, url: https://c.salesforce.com/digital/@sfdc-ogs/v1-latest/sdk/interactions-core.js, fallback: digitalData.utm (sync)} @ https://www.salesforce.com/c2/public/exp/pbc/server/scripts.3d81cca6e256e389fc5a.js:0
[   29952ms] [INFO] Unable to find TBID at https://www.salesforce.com/c/public/redirect/auth.js, falling back to https://www.salesforce.com/c/public/redirect/auth.js instead @ https://a.sfdcstatic.com/digital/xsf/components/v1-stable/navs.js:0
[   29952ms] [INFO] Unable to find TBID at https://www.salesforce.com/c/public/redirect/auth.js, falling back to https://www.salesforce.com/c/public/redirect/auth.js instead @ https://a.sfdcstatic.com/digital/xsf/components/v1-stable/navs.js:0
[   29952ms] [INFO] Unable to find TBID at https://www.salesforce.com/c/public/redirect/auth.js, falling back to https://www.salesforce.com/c/public/redirect/auth.js instead @ https://a.sfdcstatic.com/digital/xsf/components/v1-stable/navs.js:0
[   29952ms] [WARNING] Authentication is currently unavailable @ https://a.sfdcstatic.com/digital/xsf/components/v1-stable/navs.js:0
[   29952ms] [INFO] tbid module failure:  failed to import tbid module @ https://a.sfdcstatic.com/digital/xsf/components/v1-stable/navs.js:0
[   29953ms] [WARNING] Authentication is currently unavailable @ https://a.sfdcstatic.com/digital/xsf/components/v1-stable/navs.js:0
[   29953ms] [INFO] tbid module failure:  failed to import tbid module @ https://a.sfdcstatic.com/digital/xsf/components/v1-stable/navs.js:0
[   29956ms] [WARNING] Authentication is currently unavailable @ https://a.sfdcstatic.com/digital/xsf/components/v1-stable/navs.js:0
[   29956ms] [INFO] tbid module failure:  failed to import tbid module @ https://a.sfdcstatic.com/digital/xsf/components/v1-stable/navs.js:0
[   38052ms] [WARNING] A speculation rule set was inserted into the document but will be ignored. This might happen, for example, if it was previously inserted into another document, or if it was created using the innerHTML setter. @ https://www.google.com/search?q=salesforce+editions+sales&rlz=1C5GCCM_en___AU1171&oq=salesforce+editions+sales&gs_lcrp=EgZjaHJvbWUyBggAEEUYOTIHCAEQABiABDIHCAIQABiABDIHCAMQABiABDIHCAQQABiABDIHCAUQABiABDIHCAYQABiABDIHCAcQABiABDIHCAgQABiABDIHCAkQABiABNIBCDQyMTJqMGo0qAIAsAIB&sourceid=chrome&source=chrome.ob&ie=UTF-8:41
[   45216ms] [INFO] Autofocus processing was blocked because a document already has a focused element. @ https://www.google.com/search?q=salesforce+editions+sales&rlz=1C5GCCM_en___AU1171&oq=salesforce+editions+sales&gs_lcrp=EgZjaHJvbWUyBggAEEUYOTIHCAEQABiABDIHCAIQABiABDIHCAMQABiABDIHCAQQABiABDIHCAUQABiABDIHCAYQABiABDIHCAcQABiABDIHCAgQABiABDIHCAkQABiABNIBCDQyMTJqMGo0qAIAsAIB&sourceid=chrome&source=chrome.ob&ie=UTF-8:0
[   51713ms] [ERROR] Access to script at 'https://c.salesforce.com/digital/@sfdc-www/clientlibs-web-components/v1-stable/identity.js' from origin 'https://www.salesforce.com' has been blocked by CORS policy: Permission was denied for this request to access the `local` address space. @ https://www.salesforce.com/au/sales/pricing/:0
[   51713ms] [ERROR] Failed to load resource: net::ERR_FAILED @ https://c.salesforce.com/digital/@sfdc-www/clientlibs-web-components/v1-stable/identity.js:0
[   51713ms] [ERROR] Access to script at 'https://c.salesforce.com/digital/@sfdc-ogs/v1-stable/sdk/interactions.js' from origin 'https://www.salesforce.com' has been blocked by CORS policy: Permission was denied for this request to access the `local` address space. @ https://www.salesforce.com/au/sales/pricing/:0
[   51713ms] [ERROR] Failed to load resource: net::ERR_FAILED @ https://c.salesforce.com/digital/@sfdc-ogs/v1-stable/sdk/interactions.js:0
[   51713ms] [ERROR] Access to script at 'https://c.salesforce.com/digital/@sfdc-www-emu/pbc-core-analytics/v1-stable/comp-data.js' from origin 'https://www.salesforce.com' has been blocked by CORS policy: Permission was denied for this request to access the `local` address space. @ https://www.salesforce.com/au/sales/pricing/:0
[   51713ms] [ERROR] Failed to load resource: net::ERR_FAILED @ https://c.salesforce.com/digital/@sfdc-www-emu/pbc-core-analytics/v1-stable/comp-data.js:0
[   51738ms] [ERROR] Access to script at 'https://c.salesforce.com/digital/@sfdc-www/clientlibs-web-components/v1-stable/top.js' from origin 'https://www.salesforce.com' has been blocked by CORS policy: Permission was denied for this request to access the `local` address space. @ https://www.salesforce.com/au/sales/pricing/:0
[   51738ms] [ERROR] Failed to load resource: net::ERR_FAILED @ https://c.salesforce.com/digital/@sfdc-www/clientlibs-web-components/v1-stable/top.js:0
[   51784ms] [ERROR] Access to image at 'https://wp.sfdcdigital.com/en-us/wp-content/uploads/sites/4/2023/08/marquee-pricing-sales-background-desktop-1.jpg?resize=2048,640' from origin 'https://www.salesforce.com' has been blocked by CORS policy: Permission was denied for this request to access the `local` address space. @ https://www.salesforce.com/au/sales/pricing/:39
[   51784ms] [ERROR] Failed to load resource: net::ERR_FAILED @ https://wp.sfdcdigital.com/en-us/wp-content/uploads/sites/4/2023/08/marquee-pricing-sales-background-desktop-1.jpg?resize=2048,640:0
[   51784ms] [ERROR] Access to image at 'https://wp.sfdcdigital.com/en-us/wp-content/uploads/sites/4/2023/08/marquee-pricing-sales-background-mobile-1.jpg?resize=1461,2048' from origin 'https://www.salesforce.com' has been blocked by CORS policy: Permission was denied for this request to access the `local` address space. @ https://www.salesforce.com/au/sales/pricing/:39
[   51784ms] [ERROR] Failed to load resource: net::ERR_FAILED @ https://wp.sfdcdigital.com/en-us/wp-content/uploads/sites/4/2023/08/marquee-pricing-sales-background-mobile-1.jpg?resize=1461,2048:0
[   51784ms] [ERROR] Access to image at 'https://wp.sfdcdigital.com/en-us/wp-content/uploads/sites/4/2023/01/salescloud-background-curveup-landscape2.png?resize=2048,345' from origin 'https://www.salesforce.com' has been blocked by CORS policy: Permission was denied for this request to access the `local` address space. @ https://www.salesforce.com/au/sales/pricing/:39
[   51784ms] [ERROR] Failed to load resource: net::ERR_FAILED @ https://wp.sfdcdigital.com/en-us/wp-content/uploads/sites/4/2023/01/salescloud-background-curveup-landscape2.png?resize=2048,345:0
[   51812ms] [ERROR] Access to script at 'https://c.salesforce.com/digital/one-trust/core/stable/scripttemplates/otSDKStub.js' from origin 'https://www.salesforce.com' has been blocked by CORS policy: Permission was denied for this request to access the `local` address space. @ https://www.salesforce.com/au/sales/pricing/:20427
[   51812ms] [ERROR] Failed to load resource: net::ERR_FAILED @ https://c.salesforce.com/digital/one-trust/core/stable/scripttemplates/otSDKStub.js:0
[   51812ms] [ERROR] Access to script at 'https://c.salesforce.com/digital/@sfdc-www/clientlibs-web-components/v1-stable/bottom.js' from origin 'https://www.salesforce.com' has been blocked by CORS policy: Permission was denied for this request to access the `local` address space. @ https://www.salesforce.com/au/sales/pricing/:20427
[   51812ms] [ERROR] Failed to load resource: net::ERR_FAILED @ https://c.salesforce.com/digital/@sfdc-www/clientlibs-web-components/v1-stable/bottom.js:0
[   51812ms] [ERROR] Access to script at 'https://c.salesforce.com/digital/@sfdc-www/clientlibs-web-components/v1-stable/ot-ext.js' from origin 'https://www.salesforce.com' has been blocked by CORS policy: Permission was denied for this request to access the `local` address space. @ https://www.salesforce.com/au/sales/pricing/:20427
[   51812ms] [ERROR] Failed to load resource: net::ERR_FAILED @ https://c.salesforce.com/digital/@sfdc-www/clientlibs-web-components/v1-stable/ot-ext.js:0
[   51812ms] [ERROR] Access to script at 'https://c.salesforce.com/digital/@sfdc-www/clientlibs-web-components/v1-stable/legacy.js' from origin 'https://www.salesforce.com' has been blocked by CORS policy: Permission was denied for this request to access the `local` address space. @ https://www.salesforce.com/au/sales/pricing/:20427
[   51812ms] [ERROR] Failed to load resource: net::ERR_FAILED @ https://c.salesforce.com/digital/@sfdc-www/clientlibs-web-components/v1-stable/legacy.js:0
[   54382ms] [ERROR] Failed to load resource: the server responded with a status of 404 () @ https://www.salesforce.com/HdkC_/fFvF/MqeE/wl0T0m/_/uwpONX3i5JQiDQ/Zgk2RSxITAw/Ti/YKeUdBdggC:0
[   54502ms] [ERROR] Access to script at 'https://c.salesforce.com/digital/@sfdc-ogs/v1-latest/sdk/interactions-core.js' from origin 'https://www.salesforce.com' has been blocked by CORS policy: Permission was denied for this request to access the `local` address space. @ https://www.salesforce.com/au/sales/pricing/:0
[   54502ms] [ERROR] Failed to load resource: net::ERR_FAILED @ https://c.salesforce.com/digital/@sfdc-ogs/v1-latest/sdk/interactions-core.js:0
[   54521ms] [ERROR] Access to fetch at 'https://wp.sfdcdigital.com/en-au/wp-json/c360/experience/v1/navigation' from origin 'https://www.salesforce.com' has been blocked by CORS policy: Permission was denied for this request to access the `local` address space. @ https://www.salesforce.com/au/sales/pricing/:0
[   54521ms] [ERROR] Failed to load resource: net::ERR_FAILED @ https://wp.sfdcdigital.com/en-au/wp-json/c360/experience/v1/navigation:0
[   54521ms] [ERROR] API error TypeError: Failed to fetch
    at ii.getNavData (https://a.sfdcstatic.com/digital/xsf/components/v1-stable/navs.js:1:88961)
    at ii.update (https://a.sfdcstatic.com/digital/xsf/components/v1-stable/navs.js:1:88478)
    at https://a.sfdcstatic.com/digital/xsf/components/v1-stable/navs.js:1:25205
    at ao (https://a.sfdcstatic.com/digital/xsf/components/v1-stable/navs.js:1:52720)
    at https://a.sfdcstatic.com/digital/xsf/components/v1-stable/navs.js:1:25189
    at i (https://a.sfdcstatic.com/digital/xsf/components/v1-stable/navs.js:1:25126) @ https://s.go-mpulse.net/boomerang/NCPYV-VGJPP-N4J93-8HN3B-8B6S3:9
[   54523ms] [ERROR] Access to fetch at 'https://wp.sfdcdigital.com/en-au/wp-json/c360/experience/v2/navigation' from origin 'https://www.salesforce.com' has been blocked by CORS policy: Permission was denied for this request to access the `local` address space. @ https://www.salesforce.com/au/sales/pricing/:0
[   54523ms] [ERROR] Failed to load resource: net::ERR_FAILED @ https://wp.sfdcdigital.com/en-au/wp-json/c360/experience/v2/navigation:0
[   54523ms] [ERROR] API error TypeError: Failed to fetch
    at jp.getNavData (https://a.sfdcstatic.com/digital/xsf/components/v1-stable/navs.js:1:385253)
    at jp.update (https://a.sfdcstatic.com/digital/xsf/components/v1-stable/navs.js:1:385027)
    at https://a.sfdcstatic.com/digital/xsf/components/v1-stable/navs.js:1:25205
    at ao (https://a.sfdcstatic.com/digital/xsf/components/v1-stable/navs.js:1:52720)
    at https://a.sfdcstatic.com/digital/xsf/components/v1-stable/navs.js:1:25189
    at i (https://a.sfdcstatic.com/digital/xsf/components/v1-stable/navs.js:1:25126) @ https://s.go-mpulse.net/boomerang/NCPYV-VGJPP-N4J93-8HN3B-8B6S3:9
[   54525ms] [WARNING] [PBC] CRITICAL: OGS getUtmHistory() failed, falling back to sync digitalData read. This reintroduces race condition where digitalData.utm may be undefined during page load. {error: TypeError, message: Failed to fetch dynamically imported module: https…ital/@sfdc-ogs/v1-latest/sdk/interactions-core.js, url: https://c.salesforce.com/digital/@sfdc-ogs/v1-latest/sdk/interactions-core.js, fallback: digitalData.utm (sync)} @ https://www.salesforce.com/c2/public/exp/pbc/server/scripts.3d81cca6e256e389fc5a.js:0
[   54527ms] [ERROR] Access to script at 'https://c.salesforce.com/digital/iis/v1-stable/iis.min.js' (redirected from 'https://www.salesforce.com/c/public/redirect/auth.js') from origin 'https://www.salesforce.com' has been blocked by CORS policy: Permission was denied for this request to access the `local` address space. @ https://www.salesforce.com/au/sales/pricing/:0
[   54527ms] [ERROR] Failed to load resource: net::ERR_FAILED @ https://c.salesforce.com/digital/iis/v1-stable/iis.min.js:0
[   54527ms] [INFO] Unable to find TBID at https://www.salesforce.com/c/public/redirect/auth.js, falling back to https://www.salesforce.com/c/public/redirect/auth.js instead @ https://a.sfdcstatic.com/digital/xsf/components/v1-stable/navs.js:0
[   54527ms] [INFO] Unable to find TBID at https://www.salesforce.com/c/public/redirect/auth.js, falling back to https://www.salesforce.com/c/public/redirect/auth.js instead @ https://a.sfdcstatic.com/digital/xsf/components/v1-stable/navs.js:0
[   54527ms] [INFO] Unable to find TBID at https://www.salesforce.com/c/public/redirect/auth.js, falling back to https://www.salesforce.com/c/public/redirect/auth.js instead @ https://a.sfdcstatic.com/digital/xsf/components/v1-stable/navs.js:0
[   54527ms] [WARNING] Authentication is currently unavailable @ https://a.sfdcstatic.com/digital/xsf/components/v1-stable/navs.js:0
[   54527ms] [INFO] tbid module failure:  failed to import tbid module @ https://a.sfdcstatic.com/digital/xsf/components/v1-stable/navs.js:0
[   54529ms] [WARNING] Authentication is currently unavailable @ https://a.sfdcstatic.com/digital/xsf/components/v1-stable/navs.js:0
[   54529ms] [INFO] tbid module failure:  failed to import tbid module @ https://a.sfdcstatic.com/digital/xsf/components/v1-stable/navs.js:0
[   54530ms] [WARNING] Authentication is currently unavailable @ https://a.sfdcstatic.com/digital/xsf/components/v1-stable/navs.js:0
[   54530ms] [INFO] tbid module failure:  failed to import tbid module @ https://a.sfdcstatic.com/digital/xsf/components/v1-stable/navs.js:0
[   70265ms] [ERROR] Access to image at 'https://wp.sfdcdigital.com/en-us/wp-content/uploads/sites/4/2023/04/bg-sales-cloud-pricing-cloud-divider.webp?resize=2048,230' from origin 'https://www.salesforce.com' has been blocked by CORS policy: Permission was denied for this request to access the `local` address space. @ https://www.salesforce.com/au/sales/pricing/:0
[   70265ms] [ERROR] Failed to load resource: net::ERR_FAILED @ https://wp.sfdcdigital.com/en-us/wp-content/uploads/sites/4/2023/04/bg-sales-cloud-pricing-cloud-divider.webp?resize=2048,230:0
[   79656ms] [WARNING] Could not retrieve One Trust configs @ https://a.sfdcstatic.com/digital/one-trust/ext/v1-stable/gdpr.js:0
[   79711ms] [ERROR] Access to script at 'https://c.salesforce.com/digital/iis/v1-stable/iis.min.js' from origin 'https://www.salesforce.com' has been blocked by CORS policy: Permission was denied for this request to access the `local` address space. @ https://www.salesforce.com/au/sales/pricing/:0
[   79711ms] [ERROR] Failed to load resource: net::ERR_FAILED @ https://c.salesforce.com/digital/iis/v1-stable/iis.min.js:0
