[    6876ms] [WARNING] A speculation rule set was inserted into the document but will be ignored. This might happen, for example, if it was previously inserted into another document, or if it was created using the innerHTML setter. @ https://www.google.com/search?q=comms+cloud+salesforce+help&rlz=1C5GCCM_en___AU1171&oq=comms+cloud+salesforce+help&gs_lcrp=EgZjaHJvbWUyBggAEEUYOTIICAEQABgWGB4yCAgCEAAYFhgeMggIAxAAGBYYHjIICAQQABgWGB4yCggFEAAYChgWGB4yCAgGEAAYFhgeMg0IBxAAGIYDGIAEGIoFMg0ICBAAGIYDGIAEGIoFMg0ICRAAGIYDGIAEGIoF0gEINDcyNGowajeoAgCwAgA&sourceid=chrome&source=chrome.ob&ie=UTF-8:35
[   11501ms] [ERROR] Refused to get unsafe header "X-OneTrust-IsBot" @ https://a.sfdcstatic.com/digital/one-trust/core/stable/scripttemplates/otSDKStub.js:1
[   11697ms] [ERROR] [Sprig event listener] Error: Sprig data is missing
    at https://help.salesforce.com/sfsites/c/resource/HTCommunityCustomJS/sprigEvents.js?cacheBuster=19:38:35
    at https://help.salesforce.com/sfsites/c/resource/HTCommunityCustomJS/sprigEvents.js?cacheBuster=19:72:3 @ https://help.salesforce.com/sfsites/c/resource/HTCommunityCustomJS/sprigEvents.js?cacheBuster=19:69
[   11768ms] [ERROR] Connecting to 'https://cookies-data.onetrust.io/cfw/cmp/v1/session' violates the following Content Security Policy directive: "connect-src 'self' https://www.paypal.com https://www.sandbox.paypal.com https://orgcs.my.salesforce-scrt.com https://fonts.googleapis.com/css2 https://payments.salesforce.com/ https://cdn.content.aws-dev2-uswest2.aws.sfdc.cl/ https://checkoutshopper-live.adyen.com/ https://checkoutshopper-test.adyen.com/ https://js.stripe.com/ https://www.google.com/recaptcha/ https://*.api.salesforce.com https://o11y.sfproxy-core1.sfdc-mra0g0.svc.sfdcfc.net/ui-telemetry https://pdx-col.eum-appdynamics.com https://*.coveo.com https://stats.g.doubleclick.net https://*.vidyard.com https://res.cloudinary.com https://help.salesforce.com https://org62--c.na128.content.force.com https://orgcs.my.salesforce.com http://orgcs--c.na128.content.force.com https://trailhead-web.s3.amazonaws.com https://privacyportal.onetrust.com https://fonts.gstatic.com https://fonts.googleapis.com https://trailblazer.me https://developer.salesforce.com https://help-legacy.salesforce.com https://*.sprig.com https://api.status.salesforce.com https://*.amazonaws.com https://orch-nginx-prod.herokuapp.com https://trust.pardot.com https://bam.nr-data.net https://www.salesforce.com https://geolocation.onetrust.com https://overview.help.salesforce.com https://hooks.slack.com https://api.segment.io https://js-agent.newrelic.com https://wp.sfdcdigital.com https://a.sfdcstatic.com https://c1.sfdcstatic.com https://wp.salesforce.com https://pds.help.salesforce.com https://*.tableau.com *.digital.salesforce.com https://trailblazerid.force.com https://cdn.cookielaw.org https://org62.file.force.com https://proactive-monitoring.salesforce.com https://*.googletagmanager.com https://googletagmanager.com https://orgcs.my.site.com https://prod-uswest-c.online.tableau.com https://api.eu.pagerduty.com https://api.pagerduty.com https://google-analytics.com https://*.google-analytics.com https://*.analytics.google.com https://cdn.optimizely.com https://logx.optimizely.com https://org62salesforce.org.coveo.com https://org62salesforce.analytics.org.coveo.com https://c.salesforce.com https://api.lightningdesignsystem.com orch-nginx-prod.herokuapp.com https://papi-case-management-pd-v1.bt-customer-success.api.sfdcbt.net wss://*.livekit.cloud https://*.livekit.cloud https://papi-case-management-pd-v1-5t9hll.lekjv5.usa-w2.cloudhub.io https://demo.arcade.software https://app.arcade.software". The action has been blocked. @ https://help.salesforce.com/s/articleView?language=en_US&id=release-notes.rn_communications_cloud.htm&release=244&type=5:46
[   11768ms] [ERROR] Fetch API cannot load https://cookies-data.onetrust.io/cfw/cmp/v1/session. Refused to connect because it violates the document's Content Security Policy. @ https://help.salesforce.com/s/articleView?language=en_US&id=release-notes.rn_communications_cloud.htm&release=244&type=5:46
[   11777ms] [WARNING] [OT Session Tracking] Failed to call session endpoint: TypeError: Failed to fetch
    at e.<computed> (https://help.salesforce.com/s/articleView?language=en_US&id=release-notes.rn_communications_cloud.htm&release=244&type=5:47:36604)
    at ua.<anonymous> (https://a.sfdcstatic.com/digital/one-trust/core/stable/scripttemplates/202604.1.0/otBannerSdk.js:7:541546)
    at Object.next (https://a.sfdcstatic.com/digital/one-trust/core/stable/scripttemplates/202604.1.0/otBannerSdk.js:7:1977)
    at https://a.sfdcstatic.com/digital/one-trust/core/stable/scripttemplates/202604.1.0/otBannerSdk.js:7:947
    at nrWrapper (https://help.salesforce.com/s/articleView?language=en_US&id=release-notes.rn_communications_cloud.htm&release=244&type=5:47:35560)
    at new Promise (<anonymous>)
    at new Promise (https://help.salesforce.com/s/articleView?language=en_US&id=release-notes.rn_communications_cloud.htm&release=244&type=5:47:39829)
    at F (https://a.sfdcstatic.com/digital/one-trust/core/stable/scripttemplates/202604.1.0/otBannerSdk.js:7:698)
    at ua.callSessionEndpoint (https://a.sfdcstatic.com/digital/one-trust/core/stable/scripttemplates/202604.1.0/otBannerSdk.js:7:541166)
    at ua.<anonymous> (https://a.sfdcstatic.com/digital/one-trust/core/stable/scripttemplates/202604.1.0/otBannerSdk.js:7:542138) @ https://a.sfdcstatic.com/digital/one-trust/core/stable/scripttemplates/202604.1.0/otBannerSdk.js:6
[   12059ms] [WARNING] Failed to create durable storage for cache inclusion policy @ https://help.salesforce.com/components/force/ldsEngineCreator.js:208
[   12060ms] [WARNING] ComponentProfiler: Component-level profiling has not been enabled. @ https://help.salesforce.com/components/instrumentation/componentProfiler.js:0
[   12089ms] [LOG] %cO11Y%c Error color:white;background-color:#FF6600;font-weight:bold color:white;background-color:Crimson {name: Error, message: Unsupported WebVital metrics: [2], stack: Error: Unsupported WebVital metrics: [2]
    at q.…rcU92bkExNC4xOTIuODM4ODYwOA/aura_prod.js:432:183)} {timestamp: 1785285966349, rootId: undefined, sequence: 1, schemaSequence: 1, loggerName: WebVitals} @ https://help.salesforce.com/components/o11y/client.js:0
[   12996ms] [ERROR] Access to script at 'https://c.salesforce.com/digital/@sfdc-www-emu/page-builder-miaw-ui/v1-stable/af-input-and-prompts.js' from origin 'https://help.salesforce.com' has been blocked by CORS policy: Permission was denied for this request to access the `local` address space. @ https://help.salesforce.com/s/articleView?language=en_US&id=release-notes.rn_communications_cloud.htm&release=244&type=5:0
[   12996ms] [ERROR] Failed to load resource: net::ERR_FAILED @ https://c.salesforce.com/digital/@sfdc-www-emu/page-builder-miaw-ui/v1-stable/af-input-and-prompts.js:0
[   12996ms] [ERROR] Access to script at 'https://c.salesforce.com/digital/@sfdc-www-emu/page-builder-miaw-ui/v1-stable/page-builder-miaw-ui.js' from origin 'https://help.salesforce.com' has been blocked by CORS policy: Permission was denied for this request to access the `local` address space. @ https://help.salesforce.com/s/articleView?language=en_US&id=release-notes.rn_communications_cloud.htm&release=244&type=5:0
[   12996ms] [ERROR] Failed to load resource: net::ERR_FAILED @ https://c.salesforce.com/digital/@sfdc-www-emu/page-builder-miaw-ui/v1-stable/page-builder-miaw-ui.js:0
[   12996ms] [ERROR] Failed to load script: af-input-and-prompts Event @ https://help.salesforce.com/sfsites/c/resource/HC_AsaMfe/asaMfeLoadScript.js?cacheBuster=19:55
[   12997ms] [ERROR] Failed to load script: page-builder-miaw-ui Event @ https://help.salesforce.com/sfsites/c/resource/HC_AsaMfe/asaMfeLoadScript.js?cacheBuster=19:55
[   12997ms] [ERROR] MFE script loading failed: SecureDOMEvent: [object Event]{ key: {"namespace":"c"} } @ https://help.salesforce.com/s/modules/c/hcAsaAgentManager.js:0
[   13001ms] [ERROR] null Error: Unhandled Promise Rejection: Failed to load af-input-and-prompts
    at script.onerror (https://help.salesforce.com/sfsites/c/resource/HC_AsaMfe/asaMfeLoadScript.js?cacheBuster=19:68:20) @ https://help.salesforce.com/s/sfsites/auraFW/javascript/OUcwT3JDYUZld21JQ2ZOckR1VnppUWtVMjdnTGFERUU2S3FfSVdrcU92bkExNC4xOTIuODM4ODYwOA/aura_prod.js:1148
[   13002ms] Error: Unhandled Promise Rejection: Failed to load af-input-and-prompts
    at script.onerror (https://help.salesforce.com/sfsites/c/resource/HC_AsaMfe/asaMfeLoadScript.js?cacheBuster=19:68:20)
[   13005ms] [ERROR] null Error: Unhandled Promise Rejection: Failed to load page-builder-miaw-ui
    at script.onerror (https://help.salesforce.com/sfsites/c/resource/HC_AsaMfe/asaMfeLoadScript.js?cacheBuster=19:68:20) @ https://help.salesforce.com/s/sfsites/auraFW/javascript/OUcwT3JDYUZld21JQ2ZOckR1VnppUWtVMjdnTGFERUU2S3FfSVdrcU92bkExNC4xOTIuODM4ODYwOA/aura_prod.js:1148
[   13005ms] Error: Unhandled Promise Rejection: Failed to load page-builder-miaw-ui
    at script.onerror (https://help.salesforce.com/sfsites/c/resource/HC_AsaMfe/asaMfeLoadScript.js?cacheBuster=19:68:20)
[   13075ms] [INFO] Client created tr @ https://help.salesforce.com/s/modules/c/optimizelyService.js:0
[   13075ms] [INFO] readyResult undefined @ https://help.salesforce.com/s/modules/c/optimizelyService.js:0
[   14391ms] [LOG] menuItemsData :::  [Object, Object, Object, Object] @ https://help.salesforce.com/s/modules/c/hcContextNav.js:0
[   14408ms] [LOG] menuItemsData :::  [Object, Object, Object, Object] @ https://help.salesforce.com/s/modules/c/hcContextNav.js:0
[   15489ms] [LOG] undefined @ https://help.salesforce.com/s/modules/c/hcTableOfContent.js:0
[   18956ms] [LOG] {InstrumentationResult :  ( RECEIVED = 5 , SUCCESS -> UE = 1 , SUCCESS -> LOG = 5 , Topic = AILTN )  , TelemetryResponse : ( AsyncResults )O11yInstrumentationResult : O11y Logs successfully processed by instrumentation-processing: Object} @ https://help.salesforce.com/libraries/instrumentation/beaconLib.BeaconLibrary.js:43
[   19396ms] [LOG] {InstrumentationResult :  (  )  , TelemetryResponse : ( AsyncResults )O11yInstrumentationResult : O11y Logs successfully processed by instrumentation-processing: Object} @ https://help.salesforce.com/libraries/instrumentation/beaconLib.BeaconLibrary.js:43
[   23594ms] [WARNING] A speculation rule set was inserted into the document but will be ignored. This might happen, for example, if it was previously inserted into another document, or if it was created using the innerHTML setter. @ https://www.google.com/search?q=comms+cloud+salesforce+help&rlz=1C5GCCM_en___AU1171&oq=comms+cloud+salesforce+help&gs_lcrp=EgZjaHJvbWUyBggAEEUYOTIICAEQABgWGB4yCAgCEAAYFhgeMggIAxAAGBYYHjIICAQQABgWGB4yCggFEAAYChgWGB4yCAgGEAAYFhgeMg0IBxAAGIYDGIAEGIoFMg0ICBAAGIYDGIAEGIoFMg0ICRAAGIYDGIAEGIoF0gEINDcyNGowajeoAgCwAgA&sourceid=chrome&source=chrome.ob&ie=UTF-8:35
[   27541ms] [ERROR] [Sprig event listener] Error: Sprig data is missing
    at https://help.salesforce.com/sfsites/c/resource/HTCommunityCustomJS/sprigEvents.js?cacheBuster=19:38:35
    at https://help.salesforce.com/sfsites/c/resource/HTCommunityCustomJS/sprigEvents.js?cacheBuster=19:72:3 @ https://help.salesforce.com/sfsites/c/resource/HTCommunityCustomJS/sprigEvents.js?cacheBuster=19:69
[   27619ms] [ERROR] Refused to get unsafe header "X-OneTrust-IsBot" @ https://a.sfdcstatic.com/digital/one-trust/core/stable/scripttemplates/otSDKStub.js:1
[   27673ms] [WARNING] Failed to create durable storage for cache inclusion policy @ https://help.salesforce.com/components/force/ldsEngineCreator.js:208
[   27674ms] [WARNING] ComponentProfiler: Component-level profiling has not been enabled. @ https://help.salesforce.com/components/instrumentation/componentProfiler.js:0
[   27699ms] [LOG] %cO11Y%c Error color:white;background-color:#FF6600;font-weight:bold color:white;background-color:Crimson {name: Error, message: Unsupported WebVital metrics: [2], stack: Error: Unsupported WebVital metrics: [2]
    at q.…rcU92bkExNC4xOTIuODM4ODYwOA/aura_prod.js:432:183)} {timestamp: 1785285981958.8, rootId: undefined, sequence: 1, schemaSequence: 1, loggerName: WebVitals} @ https://help.salesforce.com/components/o11y/client.js:0
[   27837ms] [ERROR] Connecting to 'https://cookies-data.onetrust.io/cfw/cmp/v1/session' violates the following Content Security Policy directive: "connect-src 'self' https://www.paypal.com https://www.sandbox.paypal.com https://orgcs.my.salesforce-scrt.com https://fonts.googleapis.com/css2 https://payments.salesforce.com/ https://cdn.content.aws-dev2-uswest2.aws.sfdc.cl/ https://checkoutshopper-live.adyen.com/ https://checkoutshopper-test.adyen.com/ https://js.stripe.com/ https://www.google.com/recaptcha/ https://*.api.salesforce.com https://o11y.sfproxy-core1.sfdc-mra0g0.svc.sfdcfc.net/ui-telemetry https://pdx-col.eum-appdynamics.com https://*.coveo.com https://stats.g.doubleclick.net https://*.vidyard.com https://res.cloudinary.com https://help.salesforce.com https://org62--c.na128.content.force.com https://orgcs.my.salesforce.com http://orgcs--c.na128.content.force.com https://trailhead-web.s3.amazonaws.com https://privacyportal.onetrust.com https://fonts.gstatic.com https://fonts.googleapis.com https://trailblazer.me https://developer.salesforce.com https://help-legacy.salesforce.com https://*.sprig.com https://api.status.salesforce.com https://*.amazonaws.com https://orch-nginx-prod.herokuapp.com https://trust.pardot.com https://bam.nr-data.net https://www.salesforce.com https://geolocation.onetrust.com https://overview.help.salesforce.com https://hooks.slack.com https://api.segment.io https://js-agent.newrelic.com https://wp.sfdcdigital.com https://a.sfdcstatic.com https://c1.sfdcstatic.com https://wp.salesforce.com https://pds.help.salesforce.com https://*.tableau.com *.digital.salesforce.com https://trailblazerid.force.com https://cdn.cookielaw.org https://org62.file.force.com https://proactive-monitoring.salesforce.com https://*.googletagmanager.com https://googletagmanager.com https://orgcs.my.site.com https://prod-uswest-c.online.tableau.com https://api.eu.pagerduty.com https://api.pagerduty.com https://google-analytics.com https://*.google-analytics.com https://*.analytics.google.com https://cdn.optimizely.com https://logx.optimizely.com https://org62salesforce.org.coveo.com https://org62salesforce.analytics.org.coveo.com https://c.salesforce.com https://api.lightningdesignsystem.com orch-nginx-prod.herokuapp.com https://papi-case-management-pd-v1.bt-customer-success.api.sfdcbt.net wss://*.livekit.cloud https://*.livekit.cloud https://papi-case-management-pd-v1-5t9hll.lekjv5.usa-w2.cloudhub.io https://demo.arcade.software https://app.arcade.software". The action has been blocked. @ https://help.salesforce.com/s/articleView?language=en_US&id=ind.comms_communications_and_media_clouds_34031.htm&type=5:46
[   27838ms] [ERROR] Fetch API cannot load https://cookies-data.onetrust.io/cfw/cmp/v1/session. Refused to connect because it violates the document's Content Security Policy. @ https://help.salesforce.com/s/articleView?language=en_US&id=ind.comms_communications_and_media_clouds_34031.htm&type=5:46
[   27844ms] [LOG] %cO11Y%c Error color:white;background-color:#FF6600;font-weight:bold color:white;background-color:Crimson {name: TypeError, message: Failed to fetch, stack: TypeError: Failed to fetch
    at e.<computed> (ht…ripttemplates/202604.1.0/otBannerSdk.js:7:541166), activityId: 82a6fc303aa5d6ce} {timestamp: 1785285982104.4, rootId: 6a0a972c4c8017b4, sequence: 4, schemaSequence: 2, loggerName: Network} @ https://help.salesforce.com/components/o11y/client.js:0
[   27844ms] [WARNING] [OT Session Tracking] Failed to call session endpoint: TypeError: Failed to fetch
    at e.<computed> (https://help.salesforce.com/s/articleView?language=en_US&id=ind.comms_communications_and_media_clouds_34031.htm&type=5:47:36604)
    at g._global.fetch (https://help.salesforce.com/components/o11y/client.js:1:14533)
    at ua.<anonymous> (https://a.sfdcstatic.com/digital/one-trust/core/stable/scripttemplates/202604.1.0/otBannerSdk.js:7:541546)
    at Object.next (https://a.sfdcstatic.com/digital/one-trust/core/stable/scripttemplates/202604.1.0/otBannerSdk.js:7:1977)
    at https://a.sfdcstatic.com/digital/one-trust/core/stable/scripttemplates/202604.1.0/otBannerSdk.js:7:947
    at nrWrapper (https://help.salesforce.com/s/articleView?language=en_US&id=ind.comms_communications_and_media_clouds_34031.htm&type=5:47:35560)
    at new Promise (<anonymous>)
    at new Promise (https://help.salesforce.com/s/articleView?language=en_US&id=ind.comms_communications_and_media_clouds_34031.htm&type=5:47:39829)
    at F (https://a.sfdcstatic.com/digital/one-trust/core/stable/scripttemplates/202604.1.0/otBannerSdk.js:7:698)
    at ua.callSessionEndpoint (https://a.sfdcstatic.com/digital/one-trust/core/stable/scripttemplates/202604.1.0/otBannerSdk.js:7:541166) @ https://a.sfdcstatic.com/digital/one-trust/core/stable/scripttemplates/202604.1.0/otBannerSdk.js:6
[   28385ms] [INFO] Client created tr @ https://help.salesforce.com/s/modules/c/optimizelyService.js:0
[   28385ms] [INFO] readyResult undefined @ https://help.salesforce.com/s/modules/c/optimizelyService.js:0
[   29597ms] [ERROR] Access to script at 'https://c.salesforce.com/digital/@sfdc-www-emu/page-builder-miaw-ui/v1-stable/page-builder-miaw-ui.js' from origin 'https://help.salesforce.com' has been blocked by CORS policy: Permission was denied for this request to access the `local` address space. @ https://help.salesforce.com/s/articleView?id=ind.comms_communications_and_media_clouds_34031.htm&type=5:0
[   29597ms] [ERROR] Failed to load resource: net::ERR_FAILED @ https://c.salesforce.com/digital/@sfdc-www-emu/page-builder-miaw-ui/v1-stable/page-builder-miaw-ui.js:0
[   29597ms] [ERROR] Access to script at 'https://c.salesforce.com/digital/@sfdc-www-emu/page-builder-miaw-ui/v1-stable/af-input-and-prompts.js' from origin 'https://help.salesforce.com' has been blocked by CORS policy: Permission was denied for this request to access the `local` address space. @ https://help.salesforce.com/s/articleView?id=ind.comms_communications_and_media_clouds_34031.htm&type=5:0
[   29597ms] [ERROR] Failed to load resource: net::ERR_FAILED @ https://c.salesforce.com/digital/@sfdc-www-emu/page-builder-miaw-ui/v1-stable/af-input-and-prompts.js:0
[   29597ms] [ERROR] Failed to load script: page-builder-miaw-ui Event @ https://help.salesforce.com/sfsites/c/resource/HC_AsaMfe/asaMfeLoadScript.js?cacheBuster=19:55
[   29598ms] [ERROR] MFE script loading failed: SecureDOMEvent: [object Event]{ key: {"namespace":"c"} } @ https://help.salesforce.com/s/modules/c/hcAsaAgentManager.js:0
[   29603ms] [ERROR] Failed to load script: af-input-and-prompts Event @ https://help.salesforce.com/sfsites/c/resource/HC_AsaMfe/asaMfeLoadScript.js?cacheBuster=19:55
[   29604ms] [ERROR] Access to fetch at 'https://wp.sfdcdigital.com/en-us/wp-json/c360/experience/v2/navigation' from origin 'https://help.salesforce.com' has been blocked by CORS policy: Permission was denied for this request to access the `local` address space. @ https://help.salesforce.com/s/articleView?id=ind.comms_communications_and_media_clouds_34031.htm&type=5:0
[   29604ms] [ERROR] Failed to load resource: net::ERR_FAILED @ https://wp.sfdcdigital.com/en-us/wp-json/c360/experience/v2/navigation:0
[   29604ms] [LOG] %cO11Y%c Error color:white;background-color:#FF6600;font-weight:bold color:white;background-color:Crimson {name: TypeError, message: Failed to fetch, stack: TypeError: Failed to fetch
    at e.<computed> (ht…tions_and_media_clouds_34031.htm&type=5:47:35560), activityId: 1299c6538dd2d5ce} {timestamp: 1785285983864.5999, rootId: 6a0a972c4c8017b4, sequence: 36, schemaSequence: 3, loggerName: Network} @ https://help.salesforce.com/components/o11y/client.js:0
[   29604ms] [ERROR] API error TypeError: Failed to fetch
    at e.<computed> (https://help.salesforce.com/s/articleView?language=en_US&id=ind.comms_communications_and_media_clouds_34031.htm&type=5:47:36604)
    at g._global.fetch (https://help.salesforce.com/components/o11y/client.js:1:14533)
    at Hp.getNavData (https://a.sfdcstatic.com/digital/xsf/components/v1-stable/navs-fonts-ec.js:1:385208)
    at Hp.update (https://a.sfdcstatic.com/digital/xsf/components/v1-stable/navs-fonts-ec.js:1:384982)
    at https://a.sfdcstatic.com/digital/xsf/components/v1-stable/navs-fonts-ec.js:1:25150
    at Qn (https://a.sfdcstatic.com/digital/xsf/components/v1-stable/navs-fonts-ec.js:1:52680)
    at https://a.sfdcstatic.com/digital/xsf/components/v1-stable/navs-fonts-ec.js:1:25134
    at i (https://a.sfdcstatic.com/digital/xsf/components/v1-stable/navs-fonts-ec.js:1:25071)
    at nrWrapper (https://help.salesforce.com/s/articleView?language=en_US&id=ind.comms_communications_and_media_clouds_34031.htm&type=5:47:35560) @ https://a.sfdcstatic.com/digital/xsf/components/v1-stable/navs-fonts-ec.js:0
[   29610ms] [ERROR] Access to script at 'https://www.google-analytics.com/analytics.js' from origin 'https://help.salesforce.com' has been blocked by CORS policy: Permission was denied for this request to access the `local` address space. @ https://help.salesforce.com/s/articleView?id=ind.comms_communications_and_media_clouds_34031.htm&type=5:0
[   29610ms] [ERROR] Failed to load resource: net::ERR_FAILED @ https://www.google-analytics.com/analytics.js:0
[   29610ms] [ERROR] Access to fetch at 'https://iis.digital.salesforce.com/services/api/user' from origin 'https://help.salesforce.com' has been blocked by CORS policy: Permission was denied for this request to access the `local` address space. @ https://help.salesforce.com/s/articleView?id=ind.comms_communications_and_media_clouds_34031.htm&type=5:0
[   29611ms] [ERROR] Failed to load resource: net::ERR_FAILED @ https://iis.digital.salesforce.com/services/api/user:0
[   29611ms] [LOG] %cO11Y%c Error color:white;background-color:#FF6600;font-weight:bold color:white;background-color:Crimson {name: TypeError, message: Failed to fetch, stack: TypeError: Failed to fetch
    at e.<computed> (ht…/iis/v1-latest/authProviderEmbeddedLogin.js:931:3, activityId: c4aa7ab4317308df} {timestamp: 1785285983871.5, rootId: 6a0a972c4c8017b4, sequence: 37, schemaSequence: 4, loggerName: Network} @ https://help.salesforce.com/components/o11y/client.js:0
[   29611ms] [ERROR] null Error: Unhandled Promise Rejection: Failed to load page-builder-miaw-ui
    at script.onerror (https://help.salesforce.com/sfsites/c/resource/HC_AsaMfe/asaMfeLoadScript.js?cacheBuster=19:68:20) @ https://help.salesforce.com/s/sfsites/auraFW/javascript/OUcwT3JDYUZld21JQ2ZOckR1VnppUWtVMjdnTGFERUU2S3FfSVdrcU92bkExNC4xOTIuODM4ODYwOA/aura_prod.js:1148
[   29611ms] Error: Unhandled Promise Rejection: Failed to load page-builder-miaw-ui
    at script.onerror (https://help.salesforce.com/sfsites/c/resource/HC_AsaMfe/asaMfeLoadScript.js?cacheBuster=19:68:20)
[   29612ms] [ERROR] null Error: Unhandled Promise Rejection: Failed to load af-input-and-prompts
    at script.onerror (https://help.salesforce.com/sfsites/c/resource/HC_AsaMfe/asaMfeLoadScript.js?cacheBuster=19:68:20) @ https://help.salesforce.com/s/sfsites/auraFW/javascript/OUcwT3JDYUZld21JQ2ZOckR1VnppUWtVMjdnTGFERUU2S3FfSVdrcU92bkExNC4xOTIuODM4ODYwOA/aura_prod.js:1148
[   29612ms] Error: Unhandled Promise Rejection: Failed to load af-input-and-prompts
    at script.onerror (https://help.salesforce.com/sfsites/c/resource/HC_AsaMfe/asaMfeLoadScript.js?cacheBuster=19:68:20)
[   29879ms] [LOG] menuItemsData :::  [Object, Object, Object, Object] @ https://help.salesforce.com/s/modules/c/hcContextNav.js:0
[   29948ms] [LOG] menuItemsData :::  [Object, Object, Object, Object] @ https://help.salesforce.com/s/modules/c/hcContextNav.js:0
[   30834ms] [LOG] undefined @ https://help.salesforce.com/s/modules/c/hcTableOfContent.js:0
[   33750ms] [LOG] {InstrumentationResult :  ( RECEIVED = 6 , SUCCESS -> UE = 1 , SUCCESS -> LOG = 6 , Topic = AILTN )  , TelemetryResponse : ( AsyncResults )O11yInstrumentationResult : O11y Logs successfully processed by instrumentation-processing: Object} @ https://help.salesforce.com/libraries/instrumentation/beaconLib.BeaconLibrary.js:43
[   34180ms] [LOG] {InstrumentationResult :  (  )  , TelemetryResponse : ( AsyncResults )O11yInstrumentationResult : O11y Logs successfully processed by instrumentation-processing: Object} @ https://help.salesforce.com/libraries/instrumentation/beaconLib.BeaconLibrary.js:43
[   41256ms] [LOG] {InstrumentationResult :  ( RECEIVED = 1 , SUCCESS -> LOG = 1 , Topic = AILTN )  , TelemetryResponse : ( AsyncResults )O11yInstrumentationResult : O11y Logs successfully processed by instrumentation-processing: Object} @ https://help.salesforce.com/libraries/instrumentation/beaconLib.BeaconLibrary.js:43
[  106328ms] [LOG] {InstrumentationResult :  ( RECEIVED = 1 , SUCCESS -> LOG = 1 , Topic = AILTN )  , TelemetryResponse : ( AsyncResults )O11yInstrumentationResult : O11y Logs successfully processed by instrumentation-processing: Object} @ https://help.salesforce.com/libraries/instrumentation/beaconLib.BeaconLibrary.js:43
[  831049ms] [LOG] {InstrumentationResult :  ( RECEIVED = 10 , SUCCESS -> LOG = 10 , Topic = AILTN )  , TelemetryResponse : ( AsyncResults )O11yInstrumentationResult : O11y Logs successfully processed by instrumentation-processing: Object} @ https://help.salesforce.com/libraries/instrumentation/beaconLib.BeaconLibrary.js:43
[ 2816830ms] [ERROR] Refused to get unsafe header "X-OneTrust-IsBot" @ https://a.sfdcstatic.com/digital/one-trust/core/stable/scripttemplates/otSDKStub.js:1
[ 2816901ms] [ERROR] Connecting to 'https://cookies-data.onetrust.io/cfw/cmp/v1/session' violates the following Content Security Policy directive: "connect-src 'self' https://www.paypal.com https://www.sandbox.paypal.com https://orgcs.my.salesforce-scrt.com https://fonts.googleapis.com/css2 https://payments.salesforce.com/ https://cdn.content.aws-dev2-uswest2.aws.sfdc.cl/ https://checkoutshopper-live.adyen.com/ https://checkoutshopper-test.adyen.com/ https://js.stripe.com/ https://www.google.com/recaptcha/ https://*.api.salesforce.com https://o11y.sfproxy-core1.sfdc-mra0g0.svc.sfdcfc.net/ui-telemetry https://pdx-col.eum-appdynamics.com https://*.coveo.com https://stats.g.doubleclick.net https://*.vidyard.com https://res.cloudinary.com https://help.salesforce.com https://org62--c.na128.content.force.com https://orgcs.my.salesforce.com http://orgcs--c.na128.content.force.com https://trailhead-web.s3.amazonaws.com https://privacyportal.onetrust.com https://fonts.gstatic.com https://fonts.googleapis.com https://trailblazer.me https://developer.salesforce.com https://help-legacy.salesforce.com https://*.sprig.com https://api.status.salesforce.com https://*.amazonaws.com https://orch-nginx-prod.herokuapp.com https://trust.pardot.com https://bam.nr-data.net https://www.salesforce.com https://geolocation.onetrust.com https://overview.help.salesforce.com https://hooks.slack.com https://api.segment.io https://js-agent.newrelic.com https://wp.sfdcdigital.com https://a.sfdcstatic.com https://c1.sfdcstatic.com https://wp.salesforce.com https://pds.help.salesforce.com https://*.tableau.com *.digital.salesforce.com https://trailblazerid.force.com https://cdn.cookielaw.org https://org62.file.force.com https://proactive-monitoring.salesforce.com https://*.googletagmanager.com https://googletagmanager.com https://orgcs.my.site.com https://prod-uswest-c.online.tableau.com https://api.eu.pagerduty.com https://api.pagerduty.com https://google-analytics.com https://*.google-analytics.com https://*.analytics.google.com https://cdn.optimizely.com https://logx.optimizely.com https://org62salesforce.org.coveo.com https://org62salesforce.analytics.org.coveo.com https://c.salesforce.com https://api.lightningdesignsystem.com orch-nginx-prod.herokuapp.com https://papi-case-management-pd-v1.bt-customer-success.api.sfdcbt.net wss://*.livekit.cloud https://*.livekit.cloud https://papi-case-management-pd-v1-5t9hll.lekjv5.usa-w2.cloudhub.io https://demo.arcade.software https://app.arcade.software". The action has been blocked. @ https://help.salesforce.com/s/articleView?language=en_US&id=ind.comms_revenue_cloud_for_communications_features_and_feature_sets.htm&type=5:46
[ 2816902ms] [ERROR] Fetch API cannot load https://cookies-data.onetrust.io/cfw/cmp/v1/session. Refused to connect because it violates the document's Content Security Policy. @ https://help.salesforce.com/s/articleView?language=en_US&id=ind.comms_revenue_cloud_for_communications_features_and_feature_sets.htm&type=5:46
[ 2816904ms] [WARNING] [OT Session Tracking] Failed to call session endpoint: TypeError: Failed to fetch
    at e.<computed> (https://help.salesforce.com/s/articleView?language=en_US&id=ind.comms_revenue_cloud_for_communications_features_and_feature_sets.htm&type=5:47:36604)
    at ua.<anonymous> (https://a.sfdcstatic.com/digital/one-trust/core/stable/scripttemplates/202604.1.0/otBannerSdk.js:7:541546)
    at Object.next (https://a.sfdcstatic.com/digital/one-trust/core/stable/scripttemplates/202604.1.0/otBannerSdk.js:7:1977)
    at https://a.sfdcstatic.com/digital/one-trust/core/stable/scripttemplates/202604.1.0/otBannerSdk.js:7:947
    at nrWrapper (https://help.salesforce.com/s/articleView?language=en_US&id=ind.comms_revenue_cloud_for_communications_features_and_feature_sets.htm&type=5:47:35560)
    at new Promise (<anonymous>)
    at new Promise (https://help.salesforce.com/s/articleView?language=en_US&id=ind.comms_revenue_cloud_for_communications_features_and_feature_sets.htm&type=5:47:39829)
    at F (https://a.sfdcstatic.com/digital/one-trust/core/stable/scripttemplates/202604.1.0/otBannerSdk.js:7:698)
    at ua.callSessionEndpoint (https://a.sfdcstatic.com/digital/one-trust/core/stable/scripttemplates/202604.1.0/otBannerSdk.js:7:541166)
    at ua.<anonymous> (https://a.sfdcstatic.com/digital/one-trust/core/stable/scripttemplates/202604.1.0/otBannerSdk.js:7:542138) @ https://a.sfdcstatic.com/digital/one-trust/core/stable/scripttemplates/202604.1.0/otBannerSdk.js:6
[ 2817633ms] [WARNING] Failed to create durable storage for cache inclusion policy @ https://help.salesforce.com/components/force/ldsEngineCreator.js:208
[ 2817634ms] [WARNING] ComponentProfiler: Component-level profiling has not been enabled. @ https://help.salesforce.com/components/instrumentation/componentProfiler.js:0
[ 2817656ms] [LOG] %cO11Y%c Error color:white;background-color:#FF6600;font-weight:bold color:white;background-color:Crimson {name: Error, message: Unsupported WebVital metrics: [2], stack: Error: Unsupported WebVital metrics: [2]
    at q.…rcU92bkExNC4xOTIuODM4ODYwOA/aura_prod.js:432:183)} {timestamp: 1785288771916.2002, rootId: undefined, sequence: 1, schemaSequence: 1, loggerName: WebVitals} @ https://help.salesforce.com/components/o11y/client.js:0
[ 2818312ms] [ERROR] Access to script at 'https://c.salesforce.com/digital/@sfdc-www-emu/page-builder-miaw-ui/v1-stable/page-builder-miaw-ui.js' from origin 'https://help.salesforce.com' has been blocked by CORS policy: Permission was denied for this request to access the `local` address space. @ https://help.salesforce.com/s/articleView?language=en_US&id=ind.comms_revenue_cloud_for_communications_features_and_feature_sets.htm&type=5:0
[ 2818312ms] [ERROR] Failed to load resource: net::ERR_FAILED @ https://c.salesforce.com/digital/@sfdc-www-emu/page-builder-miaw-ui/v1-stable/page-builder-miaw-ui.js:0
[ 2818312ms] [ERROR] Access to script at 'https://c.salesforce.com/digital/@sfdc-www-emu/page-builder-miaw-ui/v1-stable/af-input-and-prompts.js' from origin 'https://help.salesforce.com' has been blocked by CORS policy: Permission was denied for this request to access the `local` address space. @ https://help.salesforce.com/s/articleView?language=en_US&id=ind.comms_revenue_cloud_for_communications_features_and_feature_sets.htm&type=5:0
[ 2818312ms] [ERROR] Failed to load resource: net::ERR_FAILED @ https://c.salesforce.com/digital/@sfdc-www-emu/page-builder-miaw-ui/v1-stable/af-input-and-prompts.js:0
[ 2818313ms] [ERROR] Failed to load script: page-builder-miaw-ui Event @ https://help.salesforce.com/sfsites/c/resource/HC_AsaMfe/asaMfeLoadScript.js?cacheBuster=19:55
[ 2818313ms] [ERROR] MFE script loading failed: SecureDOMEvent: [object Event]{ key: {"namespace":"c"} } @ https://help.salesforce.com/s/modules/c/hcAsaAgentManager.js:0
[ 2818324ms] [ERROR] null Error: Unhandled Promise Rejection: Failed to load page-builder-miaw-ui
    at script.onerror (https://help.salesforce.com/sfsites/c/resource/HC_AsaMfe/asaMfeLoadScript.js?cacheBuster=19:68:20) @ https://help.salesforce.com/s/sfsites/auraFW/javascript/OUcwT3JDYUZld21JQ2ZOckR1VnppUWtVMjdnTGFERUU2S3FfSVdrcU92bkExNC4xOTIuODM4ODYwOA/aura_prod.js:1148
[ 2818325ms] Error: Unhandled Promise Rejection: Failed to load page-builder-miaw-ui
    at script.onerror (https://help.salesforce.com/sfsites/c/resource/HC_AsaMfe/asaMfeLoadScript.js?cacheBuster=19:68:20)
[ 2818325ms] [ERROR] Failed to load script: af-input-and-prompts Event @ https://help.salesforce.com/sfsites/c/resource/HC_AsaMfe/asaMfeLoadScript.js?cacheBuster=19:55
[ 2818325ms] [ERROR] null Error: Unhandled Promise Rejection: Failed to load af-input-and-prompts
    at script.onerror (https://help.salesforce.com/sfsites/c/resource/HC_AsaMfe/asaMfeLoadScript.js?cacheBuster=19:68:20) @ https://help.salesforce.com/s/sfsites/auraFW/javascript/OUcwT3JDYUZld21JQ2ZOckR1VnppUWtVMjdnTGFERUU2S3FfSVdrcU92bkExNC4xOTIuODM4ODYwOA/aura_prod.js:1148
[ 2818325ms] Error: Unhandled Promise Rejection: Failed to load af-input-and-prompts
    at script.onerror (https://help.salesforce.com/sfsites/c/resource/HC_AsaMfe/asaMfeLoadScript.js?cacheBuster=19:68:20)
[ 2818372ms] [INFO] Client created tr @ https://help.salesforce.com/s/modules/c/optimizelyService.js:0
[ 2818372ms] [INFO] readyResult undefined @ https://help.salesforce.com/s/modules/c/optimizelyService.js:0
[ 2818634ms] [ERROR] MFE script loading failed: SecureDOMEvent: [object Event]{ key: {"namespace":"c"} } @ https://help.salesforce.com/s/modules/c/hcAsaAgentManager.js:0
[ 2818836ms] [ERROR] Access to script at 'https://www.google-analytics.com/analytics.js' from origin 'https://help.salesforce.com' has been blocked by CORS policy: Permission was denied for this request to access the `local` address space. @ https://help.salesforce.com/s/articleView?id=ind.comms_revenue_cloud_for_communications_features_and_feature_sets.htm&type=5:0
[ 2818836ms] [ERROR] Failed to load resource: net::ERR_FAILED @ https://www.google-analytics.com/analytics.js:0
[ 2818896ms] [ERROR] Access to fetch at 'https://wp.sfdcdigital.com/en-us/wp-json/c360/experience/v2/navigation' from origin 'https://help.salesforce.com' has been blocked by CORS policy: Permission was denied for this request to access the `local` address space. @ https://help.salesforce.com/s/articleView?id=ind.comms_revenue_cloud_for_communications_features_and_feature_sets.htm&type=5:0
[ 2818896ms] [ERROR] Failed to load resource: net::ERR_FAILED @ https://wp.sfdcdigital.com/en-us/wp-json/c360/experience/v2/navigation:0
[ 2818897ms] [LOG] %cO11Y%c Error color:white;background-color:#FF6600;font-weight:bold color:white;background-color:Crimson {name: TypeError, message: Failed to fetch, stack: TypeError: Failed to fetch
    at e.<computed> (ht…ns_features_and_feature_sets.htm&type=5:47:35560), activityId: de56de277d42ecb3} {timestamp: 1785288773157.5, rootId: a543d581e3452597, sequence: 29, schemaSequence: 2, loggerName: Network} @ https://help.salesforce.com/components/o11y/client.js:0
[ 2818897ms] [ERROR] API error TypeError: Failed to fetch
    at e.<computed> (https://help.salesforce.com/s/articleView?language=en_US&id=ind.comms_revenue_cloud_for_communications_features_and_feature_sets.htm&type=5:47:36604)
    at g._global.fetch (https://help.salesforce.com/components/o11y/client.js:1:14533)
    at Hp.getNavData (https://a.sfdcstatic.com/digital/xsf/components/v1-stable/navs-fonts-ec.js:1:385208)
    at Hp.update (https://a.sfdcstatic.com/digital/xsf/components/v1-stable/navs-fonts-ec.js:1:384982)
    at https://a.sfdcstatic.com/digital/xsf/components/v1-stable/navs-fonts-ec.js:1:25150
    at Qn (https://a.sfdcstatic.com/digital/xsf/components/v1-stable/navs-fonts-ec.js:1:52680)
    at https://a.sfdcstatic.com/digital/xsf/components/v1-stable/navs-fonts-ec.js:1:25134
    at i (https://a.sfdcstatic.com/digital/xsf/components/v1-stable/navs-fonts-ec.js:1:25071)
    at nrWrapper (https://help.salesforce.com/s/articleView?language=en_US&id=ind.comms_revenue_cloud_for_communications_features_and_feature_sets.htm&type=5:47:35560) @ https://a.sfdcstatic.com/digital/xsf/components/v1-stable/navs-fonts-ec.js:0
[ 2819048ms] [ERROR] Access to fetch at 'https://iis.digital.salesforce.com/services/api/user' from origin 'https://help.salesforce.com' has been blocked by CORS policy: Permission was denied for this request to access the `local` address space. @ https://help.salesforce.com/s/articleView?id=ind.comms_revenue_cloud_for_communications_features_and_feature_sets.htm&type=5:0
[ 2819048ms] [ERROR] Failed to load resource: net::ERR_FAILED @ https://iis.digital.salesforce.com/services/api/user:0
[ 2819048ms] [LOG] %cO11Y%c Error color:white;background-color:#FF6600;font-weight:bold color:white;background-color:Crimson {name: TypeError, message: Failed to fetch, stack: TypeError: Failed to fetch
    at e.<computed> (ht…/iis/v1-latest/authProviderEmbeddedLogin.js:931:3, activityId: d89f13c58416bce0} {timestamp: 1785288773308.9001, rootId: a543d581e3452597, sequence: 33, schemaSequence: 3, loggerName: Network} @ https://help.salesforce.com/components/o11y/client.js:0
[ 2820042ms] [LOG] menuItemsData :::  [Object, Object, Object, Object] @ https://help.salesforce.com/s/modules/c/hcContextNav.js:0
[ 2820125ms] [LOG] menuItemsData :::  [Object, Object, Object, Object] @ https://help.salesforce.com/s/modules/c/hcContextNav.js:0
[ 2821647ms] [LOG] undefined @ https://help.salesforce.com/s/modules/c/hcTableOfContent.js:0
[ 2824693ms] [ERROR] Access to fetch at 'https://www.google-analytics.com/g/collect?v=2&tid=G-JV6GD3XZK9&gtm=45je67r2v867838943z8832740544za20gzb832740544zd832740544&_p=1785288770958&gcs=G111&gcd=13t3t3t3t5l1&npa=0&dma=0&gdid=dYWJhMj&_eu=AAAAAAQ&are=1&cid=1689916572.1785285969&frm=0&lps=1&ngs=1&pscdl=noapi&rcb=2&sr=3440x1440&uaa=arm&uab=64&uafvl=Not%253BA%253DBrand%3B8.0.0.0%7CChromium%3B150.0.7871.129%7CGoogle%2520Chrome%3B150.0.7871.129&uam=&uamb=0&uap=macOS&uapv=26.5.1&uaw=0&ul=en-gb&tag_exp=115616986~115938465~115938468~118395334~118897920~118897930~119527020~119724320~119793972~119896802~120084215&sid=1785288770&sct=2&seg=1&dl=https%3A%2F%2Fhelp.salesforce.com%2Fs%2FarticleView%3Fid%3Dind.comms_revenue_cloud_for_communications_features_and_feature_sets.htm%26type%3D5&dr=https%3A%2F%2Fwww.google.com%2F&dt=Salesforce%20Help%20%7C%20Article&_tu=CA&_s=1&tfd=10075' from origin 'https://help.salesforce.com' has been blocked by CORS policy: Permission was denied for this request to access the `local` address space. @ https://help.salesforce.com/s/articleView?id=ind.comms_revenue_cloud_for_communications_features_and_feature_sets.htm&type=5:0
[ 2824693ms] [ERROR] Failed to load resource: net::ERR_FAILED @ https://www.google-analytics.com/g/collect?v=2&tid=G-JV6GD3XZK9&gtm=45je67r2v867838943z8832740544za20gzb832740544zd832740544&_p=1785288770958&gcs=G111&gcd=13t3t3t3t5l1&npa=0&dma=0&gdid=dYWJhMj&_eu=AAAAAAQ&are=1&cid=1689916572.1785285969&frm=0&lps=1&ngs=1&pscdl=noapi&rcb=2&sr=3440x1440&uaa=arm&uab=64&uafvl=Not%253BA%253DBrand%3B8.0.0.0%7CChromium%3B150.0.7871.129%7CGoogle%2520Chrome%3B150.0.7871.129&uam=&uamb=0&uap=macOS&uapv=26.5.1&uaw=0&ul=en-gb&tag_exp=115616986~115938465~115938468~118395334~118897920~118897930~119527020~119724320~119793972~119896802~120084215&sid=1785288770&sct=2&seg=1&dl=https%3A%2F%2Fhelp.salesforce.com%2Fs%2FarticleView%3Fid%3Dind.comms_revenue_cloud_for_communications_features_and_feature_sets.htm%26type%3D5&dr=https%3A%2F%2Fwww.google.com%2F&dt=Salesforce%20Help%20%7C%20Article&_tu=CA&_s=1&tfd=10075:0
[ 2824694ms] [LOG] %cO11Y%c Error color:white;background-color:#FF6600;font-weight:bold color:white;background-color:Crimson {name: TypeError, message: Failed to fetch, stack: TypeError: Failed to fetch
    at e.<computed> (ht…ns_features_and_feature_sets.htm&type=5:47:35560), activityId: 0ce2773ca0f9e7a7} {timestamp: 1785288778954.5, rootId: undefined, sequence: 82, schemaSequence: 4, loggerName: Network} @ https://help.salesforce.com/components/o11y/client.js:0
[ 2824694ms] [ERROR] Connecting to 'https://www.google.com/g/collect?v=2&tid=G-JV6GD3XZK9&gtm=45je67r2v867838943z8832740544za20gzb832740544zd832740544&_p=1785288770958&gcs=G111&gcd=13t3t3t3t5l1&npa=0&dma=0&gdid=dYWJhMj&_eu=AAAAAAQ&are=1&cid=1689916572.1785285969&frm=0&lps=1&ngs=1&pscdl=noapi&rcb=2&sr=3440x1440&uaa=arm&uab=64&uafvl=Not%253BA%253DBrand%3B8.0.0.0%7CChromium%3B150.0.7871.129%7CGoogle%2520Chrome%3B150.0.7871.129&uam=&uamb=0&uap=macOS&uapv=26.5.1&uaw=0&ul=en-gb&tag_exp=115616986~115938465~115938468~118395334~118897920~118897930~119527020~119724320~119793972~119896802~120084215&sid=1785288770&sct=2&seg=1&dl=https%3A%2F%2Fhelp.salesforce.com%2Fs%2FarticleView%3Fid%3Dind.comms_revenue_cloud_for_communications_features_and_feature_sets.htm%26type%3D5&dr=https%3A%2F%2Fwww.google.com%2F&dt=Salesforce%20Help%20%7C%20Article&_tu=CA&_s=1&tfd=10075&gaf=1' violates the following Content Security Policy directive: "connect-src 'self' https://www.paypal.com https://www.sandbox.paypal.com https://orgcs.my.salesforce-scrt.com https://fonts.googleapis.com/css2 https://payments.salesforce.com/ https://cdn.content.aws-dev2-uswest2.aws.sfdc.cl/ https://checkoutshopper-live.adyen.com/ https://checkoutshopper-test.adyen.com/ https://js.stripe.com/ https://www.google.com/recaptcha/ https://*.api.salesforce.com https://o11y.sfproxy-core1.sfdc-mra0g0.svc.sfdcfc.net/ui-telemetry https://pdx-col.eum-appdynamics.com https://*.coveo.com https://stats.g.doubleclick.net https://*.vidyard.com https://res.cloudinary.com https://help.salesforce.com https://org62--c.na128.content.force.com https://orgcs.my.salesforce.com http://orgcs--c.na128.content.force.com https://trailhead-web.s3.amazonaws.com https://privacyportal.onetrust.com https://fonts.gstatic.com https://fonts.googleapis.com https://trailblazer.me https://developer.salesforce.com https://help-legacy.salesforce.com https://*.sprig.com https://api.status.salesforce.com https://*.amazonaws.com https://orch-nginx-prod.herokuapp.com https://trust.pardot.com https://bam.nr-data.net https://www.salesforce.com https://geolocation.onetrust.com https://overview.help.salesforce.com https://hooks.slack.com https://api.segment.io https://js-agent.newrelic.com https://wp.sfdcdigital.com https://a.sfdcstatic.com https://c1.sfdcstatic.com https://wp.salesforce.com https://pds.help.salesforce.com https://*.tableau.com *.digital.salesforce.com https://trailblazerid.force.com https://cdn.cookielaw.org https://org62.file.force.com https://proactive-monitoring.salesforce.com https://*.googletagmanager.com https://googletagmanager.com https://orgcs.my.site.com https://prod-uswest-c.online.tableau.com https://api.eu.pagerduty.com https://api.pagerduty.com https://google-analytics.com https://*.google-analytics.com https://*.analytics.google.com https://cdn.optimizely.com https://logx.optimizely.com https://org62salesforce.org.coveo.com https://org62salesforce.analytics.org.coveo.com https://c.salesforce.com https://api.lightningdesignsystem.com orch-nginx-prod.herokuapp.com https://papi-case-management-pd-v1.bt-customer-success.api.sfdcbt.net wss://*.livekit.cloud https://*.livekit.cloud https://papi-case-management-pd-v1-5t9hll.lekjv5.usa-w2.cloudhub.io https://demo.arcade.software https://app.arcade.software". The action has been blocked. @ https://help.salesforce.com/s/articleView?language=en_US&id=ind.comms_revenue_cloud_for_communications_features_and_feature_sets.htm&type=5:46
[ 2824694ms] [ERROR] Fetch API cannot load https://www.google.com/g/collect?v=2&tid=G-JV6GD3XZK9&gtm=45je67r2v867838943z8832740544za20gzb832740544zd832740544&_p=1785288770958&gcs=G111&gcd=13t3t3t3t5l1&npa=0&dma=0&gdid=dYWJhMj&_eu=AAAAAAQ&are=1&cid=1689916572.1785285969&frm=0&lps=1&ngs=1&pscdl=noapi&rcb=2&sr=3440x1440&uaa=arm&uab=64&uafvl=Not%253BA%253DBrand%3B8.0.0.0%7CChromium%3B150.0.7871.129%7CGoogle%2520Chrome%3B150.0.7871.129&uam=&uamb=0&uap=macOS&uapv=26.5.1&uaw=0&ul=en-gb&tag_exp=115616986~115938465~115938468~118395334~118897920~118897930~119527020~119724320~119793972~119896802~120084215&sid=1785288770&sct=2&seg=1&dl=https%3A%2F%2Fhelp.salesforce.com%2Fs%2FarticleView%3Fid%3Dind.comms_revenue_cloud_for_communications_features_and_feature_sets.htm%26type%3D5&dr=https%3A%2F%2Fwww.google.com%2F&dt=Salesforce%20Help%20%7C%20Article&_tu=CA&_s=1&tfd=10075&gaf=1. Refused to connect because it violates the document's Content Security Policy. @ https://help.salesforce.com/s/articleView?language=en_US&id=ind.comms_revenue_cloud_for_communications_features_and_feature_sets.htm&type=5:46
[ 2824694ms] [LOG] %cO11Y%c Error color:white;background-color:#FF6600;font-weight:bold color:white;background-color:Crimson {name: TypeError, message: Failed to fetch, stack: TypeError: Failed to fetch
    at e.<computed> (ht…ns_features_and_feature_sets.htm&type=5:47:35560), activityId: 4eb1810736e8fafc} {timestamp: 1785288778955.2002, rootId: undefined, sequence: 83, schemaSequence: 5, loggerName: Network} @ https://help.salesforce.com/components/o11y/client.js:0
[ 2825049ms] [LOG] {InstrumentationResult :  ( RECEIVED = 6 , SUCCESS -> UE = 1 , SUCCESS -> LOG = 6 , Topic = AILTN )  , TelemetryResponse : ( AsyncResults )O11yInstrumentationResult : O11y Logs successfully processed by instrumentation-processing: Object} @ https://help.salesforce.com/libraries/instrumentation/beaconLib.BeaconLibrary.js:43
[ 2825543ms] [LOG] {InstrumentationResult :  (  )  , TelemetryResponse : ( AsyncResults )O11yInstrumentationResult : O11y Logs successfully processed by instrumentation-processing: Object} @ https://help.salesforce.com/libraries/instrumentation/beaconLib.BeaconLibrary.js:43
[ 3044941ms] [ERROR] Access to script at 'https://c.salesforce.com/digital/@sfdc-www-emu/page-builder-miaw-ui/v1-stable/page-builder-miaw-ui.js' from origin 'https://help.salesforce.com' has been blocked by CORS policy: Permission was denied for this request to access the `local` address space. @ https://help.salesforce.com/s/articleView?language=en_US&id=ind.comms_revenue_cloud_for_communications_features_and_feature_sets.htm&type=5:0
[ 3044941ms] [ERROR] Failed to load resource: net::ERR_FAILED @ https://c.salesforce.com/digital/@sfdc-www-emu/page-builder-miaw-ui/v1-stable/page-builder-miaw-ui.js:0
[ 3044941ms] [ERROR] Access to script at 'https://c.salesforce.com/digital/@sfdc-www-emu/page-builder-miaw-ui/v1-stable/af-input-and-prompts.js' from origin 'https://help.salesforce.com' has been blocked by CORS policy: Permission was denied for this request to access the `local` address space. @ https://help.salesforce.com/s/articleView?language=en_US&id=ind.comms_revenue_cloud_for_communications_features_and_feature_sets.htm&type=5:0
[ 3044941ms] [ERROR] Failed to load resource: net::ERR_FAILED @ https://c.salesforce.com/digital/@sfdc-www-emu/page-builder-miaw-ui/v1-stable/af-input-and-prompts.js:0
[ 3044941ms] [ERROR] Failed to load script: page-builder-miaw-ui Event @ https://help.salesforce.com/sfsites/c/resource/HC_AsaMfe/asaMfeLoadScript.js?cacheBuster=19:55
[ 3044942ms] Error: Unhandled Promise Rejection: Failed to load page-builder-miaw-ui
    at script.onerror (https://help.salesforce.com/sfsites/c/resource/HC_AsaMfe/asaMfeLoadScript.js?cacheBuster=19:68:20)
[ 3044942ms] [ERROR] Failed to load script: af-input-and-prompts Event @ https://help.salesforce.com/sfsites/c/resource/HC_AsaMfe/asaMfeLoadScript.js?cacheBuster=19:55
[ 3044942ms] Error: Unhandled Promise Rejection: Failed to load af-input-and-prompts
    at script.onerror (https://help.salesforce.com/sfsites/c/resource/HC_AsaMfe/asaMfeLoadScript.js?cacheBuster=19:68:20)
[ 3044983ms] [ERROR] Refused to get unsafe header "X-OneTrust-IsBot" @ https://a.sfdcstatic.com/digital/one-trust/core/stable/scripttemplates/otSDKStub.js:1
[ 3045100ms] [ERROR] Connecting to 'https://cookies-data.onetrust.io/cfw/cmp/v1/session' violates the following Content Security Policy directive: "connect-src 'self' https://www.paypal.com https://www.sandbox.paypal.com https://orgcs.my.salesforce-scrt.com https://fonts.googleapis.com/css2 https://payments.salesforce.com/ https://cdn.content.aws-dev2-uswest2.aws.sfdc.cl/ https://checkoutshopper-live.adyen.com/ https://checkoutshopper-test.adyen.com/ https://js.stripe.com/ https://www.google.com/recaptcha/ https://*.api.salesforce.com https://o11y.sfproxy-core1.sfdc-mra0g0.svc.sfdcfc.net/ui-telemetry https://pdx-col.eum-appdynamics.com https://*.coveo.com https://stats.g.doubleclick.net https://*.vidyard.com https://res.cloudinary.com https://help.salesforce.com https://org62--c.na128.content.force.com https://orgcs.my.salesforce.com http://orgcs--c.na128.content.force.com https://trailhead-web.s3.amazonaws.com https://privacyportal.onetrust.com https://fonts.gstatic.com https://fonts.googleapis.com https://trailblazer.me https://developer.salesforce.com https://help-legacy.salesforce.com https://*.sprig.com https://api.status.salesforce.com https://*.amazonaws.com https://orch-nginx-prod.herokuapp.com https://trust.pardot.com https://bam.nr-data.net https://www.salesforce.com https://geolocation.onetrust.com https://overview.help.salesforce.com https://hooks.slack.com https://api.segment.io https://js-agent.newrelic.com https://wp.sfdcdigital.com https://a.sfdcstatic.com https://c1.sfdcstatic.com https://wp.salesforce.com https://pds.help.salesforce.com https://*.tableau.com *.digital.salesforce.com https://trailblazerid.force.com https://cdn.cookielaw.org https://org62.file.force.com https://proactive-monitoring.salesforce.com https://*.googletagmanager.com https://googletagmanager.com https://orgcs.my.site.com https://prod-uswest-c.online.tableau.com https://api.eu.pagerduty.com https://api.pagerduty.com https://google-analytics.com https://*.google-analytics.com https://*.analytics.google.com https://cdn.optimizely.com https://logx.optimizely.com https://org62salesforce.org.coveo.com https://org62salesforce.analytics.org.coveo.com https://c.salesforce.com https://api.lightningdesignsystem.com orch-nginx-prod.herokuapp.com https://papi-case-management-pd-v1.bt-customer-success.api.sfdcbt.net wss://*.livekit.cloud https://*.livekit.cloud https://papi-case-management-pd-v1-5t9hll.lekjv5.usa-w2.cloudhub.io https://demo.arcade.software https://app.arcade.software". The action has been blocked. @ https://help.salesforce.com/s/articleView?language=en_US&id=ind.comms_revenue_cloud_for_communications_features_and_feature_sets.htm&type=5:46
[ 3045101ms] [ERROR] Fetch API cannot load https://cookies-data.onetrust.io/cfw/cmp/v1/session. Refused to connect because it violates the document's Content Security Policy. @ https://help.salesforce.com/s/articleView?language=en_US&id=ind.comms_revenue_cloud_for_communications_features_and_feature_sets.htm&type=5:46
[ 3045107ms] [WARNING] [OT Session Tracking] Failed to call session endpoint: TypeError: Failed to fetch
    at e.<computed> (https://help.salesforce.com/s/articleView?language=en_US&id=ind.comms_revenue_cloud_for_communications_features_and_feature_sets.htm&type=5:47:36604)
    at ua.<anonymous> (https://a.sfdcstatic.com/digital/one-trust/core/stable/scripttemplates/202604.1.0/otBannerSdk.js:7:541546)
    at Object.next (https://a.sfdcstatic.com/digital/one-trust/core/stable/scripttemplates/202604.1.0/otBannerSdk.js:7:1977)
    at https://a.sfdcstatic.com/digital/one-trust/core/stable/scripttemplates/202604.1.0/otBannerSdk.js:7:947
    at nrWrapper (https://help.salesforce.com/s/articleView?language=en_US&id=ind.comms_revenue_cloud_for_communications_features_and_feature_sets.htm&type=5:47:35560)
    at new Promise (<anonymous>)
    at new Promise (https://help.salesforce.com/s/articleView?language=en_US&id=ind.comms_revenue_cloud_for_communications_features_and_feature_sets.htm&type=5:47:39829)
    at F (https://a.sfdcstatic.com/digital/one-trust/core/stable/scripttemplates/202604.1.0/otBannerSdk.js:7:698)
    at ua.callSessionEndpoint (https://a.sfdcstatic.com/digital/one-trust/core/stable/scripttemplates/202604.1.0/otBannerSdk.js:7:541166)
    at ua.<anonymous> (https://a.sfdcstatic.com/digital/one-trust/core/stable/scripttemplates/202604.1.0/otBannerSdk.js:7:542138) @ https://a.sfdcstatic.com/digital/one-trust/core/stable/scripttemplates/202604.1.0/otBannerSdk.js:6
[ 3045530ms] [WARNING] Failed to create durable storage for cache inclusion policy @ https://help.salesforce.com/components/force/ldsEngineCreator.js:208
[ 3045531ms] [WARNING] ComponentProfiler: Component-level profiling has not been enabled. @ https://help.salesforce.com/components/instrumentation/componentProfiler.js:0
[ 3045540ms] [LOG] %cO11Y%c Error color:white;background-color:#FF6600;font-weight:bold color:white;background-color:Crimson {name: Error, message: Unsupported WebVital metrics: [2], stack: Error: Unsupported WebVital metrics: [2]
    at q.…rcU92bkExNC4xOTIuODM4ODYwOA/aura_prod.js:432:183)} {timestamp: 1785288999801.0999, rootId: undefined, sequence: 1, schemaSequence: 1, loggerName: WebVitals} @ https://help.salesforce.com/components/o11y/client.js:0
[ 3045573ms] [ERROR] MFE script loading failed: SecureDOMEvent: [object Event]{ key: {"namespace":"c"} } @ https://help.salesforce.com/s/modules/c/hcAsaAgentManager.js:0
[ 3045576ms] [ERROR] MFE script loading failed: SecureDOMEvent: [object Event]{ key: {"namespace":"c"} } @ https://help.salesforce.com/s/modules/c/hcAsaAgentManager.js:0
[ 3046161ms] [INFO] Client created tr @ https://help.salesforce.com/s/modules/c/optimizelyService.js:0
[ 3046161ms] [INFO] readyResult undefined @ https://help.salesforce.com/s/modules/c/optimizelyService.js:0
[ 3046289ms] [ERROR] MFE script loading failed: SecureDOMEvent: [object Event]{ key: {"namespace":"c"} } @ https://help.salesforce.com/s/modules/c/hcAsaAgentManager.js:0
[ 3046532ms] [ERROR] Access to script at 'https://www.google-analytics.com/analytics.js' from origin 'https://help.salesforce.com' has been blocked by CORS policy: Permission was denied for this request to access the `local` address space. @ https://help.salesforce.com/s/articleView?id=ind.comms_revenue_cloud_for_communications_features_and_feature_sets.htm&type=5:0
[ 3046532ms] [ERROR] Failed to load resource: net::ERR_FAILED @ https://www.google-analytics.com/analytics.js:0
[ 3046612ms] [ERROR] Access to fetch at 'https://wp.sfdcdigital.com/en-us/wp-json/c360/experience/v2/navigation' from origin 'https://help.salesforce.com' has been blocked by CORS policy: Permission was denied for this request to access the `local` address space. @ https://help.salesforce.com/s/articleView?id=ind.comms_revenue_cloud_for_communications_features_and_feature_sets.htm&type=5:0
[ 3046612ms] [ERROR] Failed to load resource: net::ERR_FAILED @ https://wp.sfdcdigital.com/en-us/wp-json/c360/experience/v2/navigation:0
[ 3046613ms] [LOG] %cO11Y%c Error color:white;background-color:#FF6600;font-weight:bold color:white;background-color:Crimson {name: TypeError, message: Failed to fetch, stack: TypeError: Failed to fetch
    at e.<computed> (ht…ns_features_and_feature_sets.htm&type=5:47:35560), activityId: 3632f03e00fb5a1c} {timestamp: 1785289000873.5999, rootId: fa46bdfa8a3ec505, sequence: 31, schemaSequence: 2, loggerName: Network} @ https://help.salesforce.com/components/o11y/client.js:0
[ 3046613ms] [ERROR] API error TypeError: Failed to fetch
    at e.<computed> (https://help.salesforce.com/s/articleView?language=en_US&id=ind.comms_revenue_cloud_for_communications_features_and_feature_sets.htm&type=5:47:36604)
    at g._global.fetch (https://help.salesforce.com/components/o11y/client.js:1:14533)
    at Hp.getNavData (https://a.sfdcstatic.com/digital/xsf/components/v1-stable/navs-fonts-ec.js:1:385208)
    at Hp.update (https://a.sfdcstatic.com/digital/xsf/components/v1-stable/navs-fonts-ec.js:1:384982)
    at https://a.sfdcstatic.com/digital/xsf/components/v1-stable/navs-fonts-ec.js:1:25150
    at Qn (https://a.sfdcstatic.com/digital/xsf/components/v1-stable/navs-fonts-ec.js:1:52680)
    at https://a.sfdcstatic.com/digital/xsf/components/v1-stable/navs-fonts-ec.js:1:25134
    at i (https://a.sfdcstatic.com/digital/xsf/components/v1-stable/navs-fonts-ec.js:1:25071)
    at nrWrapper (https://help.salesforce.com/s/articleView?language=en_US&id=ind.comms_revenue_cloud_for_communications_features_and_feature_sets.htm&type=5:47:35560) @ https://a.sfdcstatic.com/digital/xsf/components/v1-stable/navs-fonts-ec.js:0
[ 3046630ms] [ERROR] Access to fetch at 'https://iis.digital.salesforce.com/services/api/user' from origin 'https://help.salesforce.com' has been blocked by CORS policy: Permission was denied for this request to access the `local` address space. @ https://help.salesforce.com/s/articleView?id=ind.comms_revenue_cloud_for_communications_features_and_feature_sets.htm&type=5:0
[ 3046630ms] [ERROR] Failed to load resource: net::ERR_FAILED @ https://iis.digital.salesforce.com/services/api/user:0
[ 3046630ms] [LOG] %cO11Y%c Error color:white;background-color:#FF6600;font-weight:bold color:white;background-color:Crimson {name: TypeError, message: Failed to fetch, stack: TypeError: Failed to fetch
    at e.<computed> (ht…/iis/v1-latest/authProviderEmbeddedLogin.js:931:3, activityId: 3d0dae48a85491b5} {timestamp: 1785289000891.2998, rootId: fa46bdfa8a3ec505, sequence: 33, schemaSequence: 3, loggerName: Network} @ https://help.salesforce.com/components/o11y/client.js:0
[ 3047585ms] [LOG] menuItemsData :::  [Object, Object, Object, Object] @ https://help.salesforce.com/s/modules/c/hcContextNav.js:0
[ 3047631ms] [LOG] menuItemsData :::  [Object, Object, Object, Object] @ https://help.salesforce.com/s/modules/c/hcContextNav.js:0
[ 3048617ms] [LOG] undefined @ https://help.salesforce.com/s/modules/c/hcTableOfContent.js:0
[ 3051680ms] [LOG] {InstrumentationResult :  ( RECEIVED = 6 , SUCCESS -> UE = 1 , SUCCESS -> LOG = 6 , Topic = AILTN )  , TelemetryResponse : ( AsyncResults )O11yInstrumentationResult : O11y Logs successfully processed by instrumentation-processing: Object} @ https://help.salesforce.com/libraries/instrumentation/beaconLib.BeaconLibrary.js:43
[ 3051681ms] [ERROR] Access to fetch at 'https://www.google-analytics.com/g/collect?v=2&tid=G-JV6GD3XZK9&gtm=45je67r2v867838943z8832740544za20gzb832740544zd832740544&_p=1785288999090&gcs=G111&gcd=13t3t3t3t5l1&npa=0&dma=0&gdid=dYWJhMj&_eu=AAAAAAQ&are=1&cid=1689916572.1785285969&frm=0&lps=1&ngs=1&pscdl=noapi&rcb=10&sr=3440x1440&uaa=arm&uab=64&uafvl=Not%253BA%253DBrand%3B8.0.0.0%7CChromium%3B150.0.7871.129%7CGoogle%2520Chrome%3B150.0.7871.129&uam=&uamb=0&uap=macOS&uapv=26.5.1&uaw=0&ul=en-gb&tag_exp=115616985~115938466~115938469~118897920~118897930~119404701~119896802&sid=1785288770&sct=2&seg=1&dl=https%3A%2F%2Fhelp.salesforce.com%2Fs%2FarticleView%3Fid%3Dind.comms_revenue_cloud_for_communications_features_and_feature_sets.htm%26type%3D5&dr=https%3A%2F%2Fwww.google.com%2F&dt=Salesforce%20Help%20%7C%20Article&_tu=CA&_s=1&tfd=8774' from origin 'https://help.salesforce.com' has been blocked by CORS policy: Permission was denied for this request to access the `local` address space. @ https://help.salesforce.com/s/articleView?id=ind.comms_revenue_cloud_for_communications_features_and_feature_sets.htm&type=5:0
[ 3051681ms] [ERROR] Failed to load resource: net::ERR_FAILED @ https://www.google-analytics.com/g/collect?v=2&tid=G-JV6GD3XZK9&gtm=45je67r2v867838943z8832740544za20gzb832740544zd832740544&_p=1785288999090&gcs=G111&gcd=13t3t3t3t5l1&npa=0&dma=0&gdid=dYWJhMj&_eu=AAAAAAQ&are=1&cid=1689916572.1785285969&frm=0&lps=1&ngs=1&pscdl=noapi&rcb=10&sr=3440x1440&uaa=arm&uab=64&uafvl=Not%253BA%253DBrand%3B8.0.0.0%7CChromium%3B150.0.7871.129%7CGoogle%2520Chrome%3B150.0.7871.129&uam=&uamb=0&uap=macOS&uapv=26.5.1&uaw=0&ul=en-gb&tag_exp=115616985~115938466~115938469~118897920~118897930~119404701~119896802&sid=1785288770&sct=2&seg=1&dl=https%3A%2F%2Fhelp.salesforce.com%2Fs%2FarticleView%3Fid%3Dind.comms_revenue_cloud_for_communications_features_and_feature_sets.htm%26type%3D5&dr=https%3A%2F%2Fwww.google.com%2F&dt=Salesforce%20Help%20%7C%20Article&_tu=CA&_s=1&tfd=8774:0
[ 3051681ms] [LOG] %cO11Y%c Error color:white;background-color:#FF6600;font-weight:bold color:white;background-color:Crimson {name: TypeError, message: Failed to fetch, stack: TypeError: Failed to fetch
    at e.<computed> (ht…ns_features_and_feature_sets.htm&type=5:47:35560), activityId: f91ee2260ad888be} {timestamp: 1785289005942.0999, rootId: undefined, sequence: 81, schemaSequence: 4, loggerName: Network} @ https://help.salesforce.com/components/o11y/client.js:0
[ 3051682ms] [ERROR] Connecting to 'https://www.google.com/g/collect?v=2&tid=G-JV6GD3XZK9&gtm=45je67r2v867838943z8832740544za20gzb832740544zd832740544&_p=1785288999090&gcs=G111&gcd=13t3t3t3t5l1&npa=0&dma=0&gdid=dYWJhMj&_eu=AAAAAAQ&are=1&cid=1689916572.1785285969&frm=0&lps=1&ngs=1&pscdl=noapi&rcb=10&sr=3440x1440&uaa=arm&uab=64&uafvl=Not%253BA%253DBrand%3B8.0.0.0%7CChromium%3B150.0.7871.129%7CGoogle%2520Chrome%3B150.0.7871.129&uam=&uamb=0&uap=macOS&uapv=26.5.1&uaw=0&ul=en-gb&tag_exp=115616985~115938466~115938469~118897920~118897930~119404701~119896802&sid=1785288770&sct=2&seg=1&dl=https%3A%2F%2Fhelp.salesforce.com%2Fs%2FarticleView%3Fid%3Dind.comms_revenue_cloud_for_communications_features_and_feature_sets.htm%26type%3D5&dr=https%3A%2F%2Fwww.google.com%2F&dt=Salesforce%20Help%20%7C%20Article&_tu=CA&_s=1&tfd=8774&gaf=1' violates the following Content Security Policy directive: "connect-src 'self' https://www.paypal.com https://www.sandbox.paypal.com https://orgcs.my.salesforce-scrt.com https://fonts.googleapis.com/css2 https://payments.salesforce.com/ https://cdn.content.aws-dev2-uswest2.aws.sfdc.cl/ https://checkoutshopper-live.adyen.com/ https://checkoutshopper-test.adyen.com/ https://js.stripe.com/ https://www.google.com/recaptcha/ https://*.api.salesforce.com https://o11y.sfproxy-core1.sfdc-mra0g0.svc.sfdcfc.net/ui-telemetry https://pdx-col.eum-appdynamics.com https://*.coveo.com https://stats.g.doubleclick.net https://*.vidyard.com https://res.cloudinary.com https://help.salesforce.com https://org62--c.na128.content.force.com https://orgcs.my.salesforce.com http://orgcs--c.na128.content.force.com https://trailhead-web.s3.amazonaws.com https://privacyportal.onetrust.com https://fonts.gstatic.com https://fonts.googleapis.com https://trailblazer.me https://developer.salesforce.com https://help-legacy.salesforce.com https://*.sprig.com https://api.status.salesforce.com https://*.amazonaws.com https://orch-nginx-prod.herokuapp.com https://trust.pardot.com https://bam.nr-data.net https://www.salesforce.com https://geolocation.onetrust.com https://overview.help.salesforce.com https://hooks.slack.com https://api.segment.io https://js-agent.newrelic.com https://wp.sfdcdigital.com https://a.sfdcstatic.com https://c1.sfdcstatic.com https://wp.salesforce.com https://pds.help.salesforce.com https://*.tableau.com *.digital.salesforce.com https://trailblazerid.force.com https://cdn.cookielaw.org https://org62.file.force.com https://proactive-monitoring.salesforce.com https://*.googletagmanager.com https://googletagmanager.com https://orgcs.my.site.com https://prod-uswest-c.online.tableau.com https://api.eu.pagerduty.com https://api.pagerduty.com https://google-analytics.com https://*.google-analytics.com https://*.analytics.google.com https://cdn.optimizely.com https://logx.optimizely.com https://org62salesforce.org.coveo.com https://org62salesforce.analytics.org.coveo.com https://c.salesforce.com https://api.lightningdesignsystem.com orch-nginx-prod.herokuapp.com https://papi-case-management-pd-v1.bt-customer-success.api.sfdcbt.net wss://*.livekit.cloud https://*.livekit.cloud https://papi-case-management-pd-v1-5t9hll.lekjv5.usa-w2.cloudhub.io https://demo.arcade.software https://app.arcade.software". The action has been blocked. @ https://help.salesforce.com/s/articleView?language=en_US&id=ind.comms_revenue_cloud_for_communications_features_and_feature_sets.htm&type=5:46
[ 3051683ms] [ERROR] Fetch API cannot load https://www.google.com/g/collect?v=2&tid=G-JV6GD3XZK9&gtm=45je67r2v867838943z8832740544za20gzb832740544zd832740544&_p=1785288999090&gcs=G111&gcd=13t3t3t3t5l1&npa=0&dma=0&gdid=dYWJhMj&_eu=AAAAAAQ&are=1&cid=1689916572.1785285969&frm=0&lps=1&ngs=1&pscdl=noapi&rcb=10&sr=3440x1440&uaa=arm&uab=64&uafvl=Not%253BA%253DBrand%3B8.0.0.0%7CChromium%3B150.0.7871.129%7CGoogle%2520Chrome%3B150.0.7871.129&uam=&uamb=0&uap=macOS&uapv=26.5.1&uaw=0&ul=en-gb&tag_exp=115616985~115938466~115938469~118897920~118897930~119404701~119896802&sid=1785288770&sct=2&seg=1&dl=https%3A%2F%2Fhelp.salesforce.com%2Fs%2FarticleView%3Fid%3Dind.comms_revenue_cloud_for_communications_features_and_feature_sets.htm%26type%3D5&dr=https%3A%2F%2Fwww.google.com%2F&dt=Salesforce%20Help%20%7C%20Article&_tu=CA&_s=1&tfd=8774&gaf=1. Refused to connect because it violates the document's Content Security Policy. @ https://help.salesforce.com/s/articleView?language=en_US&id=ind.comms_revenue_cloud_for_communications_features_and_feature_sets.htm&type=5:46
[ 3051683ms] [LOG] %cO11Y%c Error color:white;background-color:#FF6600;font-weight:bold color:white;background-color:Crimson {name: TypeError, message: Failed to fetch, stack: TypeError: Failed to fetch
    at e.<computed> (ht…ns_features_and_feature_sets.htm&type=5:47:35560), activityId: d2ec18ae28bb8ae9} {timestamp: 1785289005944, rootId: undefined, sequence: 82, schemaSequence: 5, loggerName: Network} @ https://help.salesforce.com/components/o11y/client.js:0
[ 3052241ms] [LOG] {InstrumentationResult :  (  )  , TelemetryResponse : ( AsyncResults )O11yInstrumentationResult : O11y Logs successfully processed by instrumentation-processing: Object} @ https://help.salesforce.com/libraries/instrumentation/beaconLib.BeaconLibrary.js:43
